sh1122.c:104:6:sh1122_write_single_command	8	static
sh1122.c:117:6:sh1122_write_single_data	8	static
sh1122.c:130:6:sh1122_write_single_word	16	static
sh1122.c:143:6:sh1122_start_data_sending	0	static
sh1122.c:153:6:sh1122_stop_data_sending	0	static
sh1122.c:163:6:sh1122_set_contrast_current	16	static
sh1122.c:174:6:sh1122_set_vcomh_level	16	static
sh1122.c:185:6:sh1122_set_vsegm_level	16	static
sh1122.c:196:6:sh1122_set_discharge_charge_periods	16	static
sh1122.c:207:6:sh1122_set_discharge_vsl_level	8	static
sh1122.c:218:6:sh1122_set_column_address	16	static
sh1122.c:229:6:sh1122_set_row_address	16	static
sh1122.c:240:6:sh1122_move_display_start_line	8	static
sh1122.c:249:6:sh1122_is_oled_on	0	static
sh1122.c:258:6:sh1122_oled_off	8	static
sh1122.c:268:6:sh1122_oled_on	8	static
sh1122.c:279:6:sh1122_load_transition	0	static
sh1122.c:303:6:sh1122_set_min_text_x	0	static
sh1122.c:313:6:sh1122_set_max_text_x	0	static
sh1122.c:322:6:sh1122_reset_min_text_x	0	static
sh1122.c:331:6:sh1122_reset_max_text_x	0	static
sh1122.c:341:6:sh1122_set_min_display_y	0	static
sh1122.c:355:6:sh1122_set_max_display_y	0	static
sh1122.c:368:6:sh1122_reset_lim_display_y	0	static
sh1122.c:378:6:sh1122_allow_line_feed	0	static
sh1122.c:387:6:sh1122_prevent_line_feed	0	static
sh1122.c:396:6:sh1122_allow_partial_text_y_draw	0	static
sh1122.c:405:6:sh1122_prevent_partial_text_x_draw	0	static
sh1122.c:414:6:sh1122_allow_partial_text_x_draw	0	static
sh1122.c:424:6:sh1122_is_screen_inverted	0	static
sh1122.c:434:6:sh1122_set_screen_invert	16	static
sh1122.c:455:6:sh1122_prevent_partial_text_y_draw	0	static
sh1122.c:465:6:sh1122_set_colors_invert	8	static
sh1122.c:483:6:sh1122_fill_screen	24	static
sh1122.c:506:6:sh1122_clear_current_screen	8	static
sh1122.c:555:6:sh1122_check_for_flush_and_terminate	16	static
sh1122.c:528:6:sh1122_clear_frame_buffer	8	static
sh1122.c:540:6:sh1122_clear_y_frame_buffer	16	static
sh1122.c:619:6:sh1122_flush_frame_buffer_y_window	16	static
sh1122.c:830:6:sh1122_set_emergency_font	16	static
sh1122.c:843:10:sh1122_refresh_used_font	24	static
sh1122.c:877:9:sh1122_get_current_font_height	0	static
sh1122.c:988:6:sh1122_draw_vertical_line	48	static
sh1122.c:1065:6:sh1122_display_horizontal_pixel_line	48	static
sh1122.c:583:6:sh1122_flush_frame_buffer_window	48	static
sh1122.c:1263:6:sh1122_draw_rectangle	80	static
sh1122.c:656:6:sh1122_flush_frame_buffer	88	static
sh1122.c:289:6:sh1122_fade_into_darkness	8	static
sh1122.c:888:6:sh1122_init_display	48	static
sh1122.c:1373:6:sh1122_draw_full_screen_image_from_bitstream	104	static
sh1122.c:1458:6:sh1122_draw_image_from_bitstream	328	static
sh1122.c:1710:10:sh1122_display_bitmap_from_flash_at_recommended_position	160	static
sh1122.c:1743:10:sh1122_display_bitmap_from_flash	160	static
sh1122.c:1793:10:sh1122_get_glyph_width	56	static
sh1122.c:1773:10:sh1122_get_string_width	32	static
sh1122.c:1890:10:sh1122_glyph_draw	160	static
sh1122.c:1994:9:sh1122_put_char	56	static
sh1122.c:2160:6:sh1122_put_centered_char	48	static
sh1122.c:2185:6:sh1122_set_xy	0	static
sh1122.c:2198:10:sh1122_get_number_of_printable_characters_for_string	40	static
sh1122.c:2227:9:sh1122_get_start_x_for_string_based_on_alignment	16	static
sh1122.c:2084:9:sh1122_put_string	40	static
sh1122.c:2271:9:sh1122_put_string_xy	32	static
sh1122.c:2132:10:sh1122_put_error_string	24	static
sh1122.c:2146:10:sh1122_put_centered_string	16	static
sh1122.c:2291:6:sh1122_erase_screen_and_put_top_left_emergency_string	16	static
sh1122.c:2320:6:sh1122_add_emergency_dot_to_current_position	16	static
sh1122.c:2339:10:sh1122_printf_xy	232	static
