clock.c:177:10:system_clock_source_get_hz	8	static
clock.c:235:6:system_clock_source_osc8m_set_config	16	static
clock.c:256:6:system_clock_source_osc32k_set_config	28	static
clock.c:281:6:system_clock_source_xosc_set_config	20	static
clock.c:329:6:system_clock_source_xosc32k_set_config	36	static
clock.c:368:6:system_clock_source_dfll_set_config	8	static
clock.c:417:6:system_clock_source_dpll_set_config	24	static
clock.c:487:18:system_clock_source_write_calibration	8	static
clock.c:543:18:system_clock_source_enable	0	static
clock.c:597:18:system_clock_source_disable	0	static
clock.c:652:6:system_clock_source_is_ready	0	static
clock.c:774:6:system_clock_init	32	static
