custom_fs.c:119:10:custom_fs_get_platform_internal_serial_number	0	static
custom_fs.c:133:10:custom_fs_get_platform_ble_mac_addr	8	static
custom_fs.c:154:6:custom_fs_get_device_operations_aes_key	8	static
custom_fs.c:167:10:custom_fs_get_platform_bundle_version	0	static
custom_fs.c:180:10:custom_fs_get_custom_ble_name	0	static
custom_fs.c:201:6:custom_fs_fetch_custom_ble_name	8	static
custom_fs.c:226:10:custom_fs_read_from_flash	8	static
custom_fs.c:247:6:custom_fs_get_other_data_from_continuous_read_from_flash	8	static
custom_fs.c:276:10:custom_fs_continuous_read_from_flash	16	static
custom_fs.c:318:10:custom_fs_compute_and_check_external_bundle_crc32	24	static
custom_fs.c:356:6:custom_fs_stop_continuous_read_from_flash	8	static
custom_fs.c:401:10:custom_fs_get_number_of_languages	0	static
custom_fs.c:410:14:custom_fs_get_current_language_text_desc	0	static
custom_fs.c:419:9:custom_fs_get_current_language_id	0	static
custom_fs.c:429:9:custom_fs_get_current_layout_id	0	static
custom_fs.c:445:9:custom_fs_get_recommended_layout_for_current_language	8	static
custom_fs.c:454:10:custom_fs_get_number_of_keyb_layouts	0	static
custom_fs.c:527:13:custom_fs_get_keyboard_symbols_for_unicode_string	120	static
custom_fs.c:665:13:custom_fs_get_language_description	24	static
custom_fs.c:688:6:custom_fs_set_dataflash_descriptor	0	static
custom_fs.c:700:29:custom_fs_get_buffered_flash_header_pt	0	static
custom_fs.c:755:21:custom_fs_get_start_address_of_signed_data	0	static
custom_fs.c:767:10:custom_fs_get_string_from_file	24	static
custom_fs.c:837:10:custom_fs_get_file_address	8	static
custom_fs.c:465:13:custom_fs_get_keyboard_descriptor_string	24	static
custom_fs.c:491:13:custom_fs_set_current_keyboard_id	24	static
custom_fs.c:625:13:custom_fs_set_current_language	24	static
custom_fs.c:936:7:custom_fs_get_custom_storage_slot_ptr	0	static
custom_fs.c:369:28:custom_fs_settings_init	16	static
custom_fs.c:974:6:custom_fs_erase_256B_at_internal_custom_storage_slot	8	static
custom_fs.c:1019:6:custom_fs_write_256B_at_internal_custom_storage_slot	24	static
custom_fs.c:1078:6:custom_fs_read_256B_at_internal_custom_storage_slot	8	static
custom_fs.c:210:6:custom_fs_set_custom_ble_name	264	static
custom_fs.c:1148:6:custom_fs_settings_set_fw_upgrade_flag	264	static
custom_fs.c:1160:6:custom_fs_settings_clear_fw_upgrade_flag	264	static
custom_fs.c:1173:6:custom_fs_set_device_flag_value	272	static
custom_fs.c:1198:6:custom_fs_get_device_flag_value	0	static
custom_fs.c:1222:6:custom_fs_store_power_consumption_log_and_calib_data	272	static
custom_fs.c:1234:6:custom_fs_clear_power_consumption_log_and_calib_data	264	static
custom_fs.c:1249:6:custom_fs_get_time_calibration_data	8	static
custom_fs.c:1261:6:custom_fs_get_power_consumption_log	8	static
custom_fs.c:1288:6:custom_fs_settings_check_fw_upgrade_flag	0	static
custom_fs.c:1305:9:custom_fs_settings_get_device_setting	0	static
custom_fs.c:709:13:custom_fs_init	8	static
custom_fs.c:1322:10:custom_fs_settings_get_dump	8	static
custom_fs.c:1342:6:custom_fs_set_auth_challenge_counter	264	static
custom_fs.c:1354:10:custom_fs_get_auth_challenge_counter	0	static
custom_fs.c:1370:6:custom_fs_program_serial_number	264	static
custom_fs.c:1382:10:custom_fs_get_platform_programmed_serial_number	0	static
custom_fs.c:1398:6:custom_fs_settings_store_dump	272	static
custom_fs.c:1415:6:custom_fs_hard_reset_settings	8	static
custom_fs.c:1424:6:custom_fs_set_device_default_language	72	static
custom_fs.c:1437:6:custom_fs_set_settings_value	80	static
custom_fs.c:1453:6:custom_fs_get_debug_bt_addr	8	static
custom_fs.c:1462:6:custom_fs_set_undefined_settings	272	static
custom_fs.c:1511:10:custom_fs_get_user_id_for_cpz	32	static
custom_fs.c:1537:10:custom_fs_get_cpz_lut_entry	32	static
custom_fs.c:1561:6:custom_fs_detele_user_cpz_lut_entry	272	static
custom_fs.c:1583:10:custom_fs_get_nb_free_cpz_lut_entries	16	static
custom_fs.c:1614:10:custom_fs_update_cpz_entry	272	static
custom_fs.c:1633:10:custom_fs_store_cpz_entry	8	static
