gui_dispatcher.c:60:15:gui_dispatcher_get_current_screen	0	static
gui_dispatcher.c:69:6:gui_dispatcher_is_screen_saver_running	0	static
gui_dispatcher.c:84:6:gui_dispatcher_stop_screen_saver	0	static
gui_dispatcher.c:92:6:gui_dispatcher_reset_idle_vars	8	static
gui_dispatcher.c:103:6:gui_dispatcher_display_battery_bt_overlay	16	static
gui_dispatcher.c:147:6:gui_dispatcher_set_current_screen	8	static
gui_dispatcher.c:167:6:gui_dispatcher_get_back_to_current_screen	8	static
gui_dispatcher.c:220:6:gui_dispatcher_event_dispatch	8	static
gui_dispatcher.c:335:6:gui_dispatcher_idle_call	24	static
gui_dispatcher.c:434:6:gui_dispatcher_main_loop	24	static
