gui_prompts.c:82:6:gui_prompts_display_tutorial	64	static
gui_prompts.c:249:6:gui_prompts_display_information_on_screen	32	static
gui_prompts.c:318:6:gui_prompts_display_information_lines_on_screen	56	static
gui_prompts.c:397:6:gui_prompts_display_information_on_string_single_anim_frame	16	static
gui_prompts.c:419:25:gui_prompts_display_information_on_screen_and_wait	48	static
gui_prompts.c:544:25:gui_prompts_wait_for_pairing_screen	32	static
gui_prompts.c:632:6:gui_prompts_display_3line_information_on_screen_and_wait	40	static
gui_prompts.c:521:6:gui_prompts_display_hash	120	static
gui_prompts.c:736:21:gui_prompts_render_pin_enter_screen	160	static
gui_prompts.c:1007:10:gui_prompts_get_six_digits_pin	48	static
gui_prompts.c:1125:10:gui_prompts_get_user_pin	72	static
gui_prompts.c:1311:26:gui_prompts_ask_for_one_line_confirmation	112	static
gui_prompts.c:1546:26:gui_prompts_ask_for_confirmation	160	static
gui_prompts.c:1913:26:gui_prompts_ask_for_login_select	752	static
gui_prompts.c:2370:10:gui_prompts_service_selection_screen	504	static
gui_prompts.c:2880:9:gui_prompts_select_category	200	static
gui_prompts.c:3119:6:gui_prompts_favorite_selection_screen	944	static
gui_prompts.c:3530:13:gui_prompts_select_language_or_keyboard_layout	168	static
