Archive member included to satisfy reference by file (symbol)

..\src\thirdparty\wireless\ble_sdk\lib\cm0p\gcc\libble_sdk.a(event.o)
                              src/thirdparty/wireless/ble_sdk/ble_services/ble_mgr/ble_manager.o (at_ble_event_get)
..\src\thirdparty\wireless\ble_sdk\lib\cm0p\gcc\libble_sdk.a(gap.o)
                              src/thirdparty/wireless/ble_sdk/ble_services/ble_mgr/ble_manager.o (at_ble_device_name_set)
..\src\thirdparty\wireless\ble_sdk\lib\cm0p\gcc\libble_sdk.a(gatt_server.o)
                              src/thirdparty/wireless/ble_sdk/ble_services/hid/hid.o (at_ble_service_define)
..\src\thirdparty\wireless\ble_sdk\lib\cm0p\gcc\libble_sdk.a(interface.o)
                              ..\src\thirdparty\wireless\ble_sdk\lib\cm0p\gcc\libble_sdk.a(gap.o) (interface_init)
..\src\thirdparty\wireless\ble_sdk\lib\cm0p\gcc\libble_sdk.a(l2cc_task.o)
                              ..\src\thirdparty\wireless\ble_sdk\lib\cm0p\gcc\libble_sdk.a(event.o) (l2cc_data_send_rsp_handler)
..\src\thirdparty\wireless\ble_sdk\lib\cm0p\gcc\libble_sdk.a(security.o)
                              src/thirdparty/wireless/ble_sdk/ble_services/ble_mgr/ble_manager.o (at_ble_authenticate)
..\src\thirdparty\wireless\ble_sdk\lib\cm0p\gcc\libble_sdk.a(patch_mem_words.o)
                              ..\src\thirdparty\wireless\ble_sdk\lib\cm0p\gcc\libble_sdk.a(gap.o) (gu32fw_version)
..\src\thirdparty\wireless\ble_sdk\lib\cm0p\gcc\libble_sdk.a(calib_task.o)
                              ..\src\thirdparty\wireless\ble_sdk\lib\cm0p\gcc\libble_sdk.a(gap.o) (calib_config)
..\src\thirdparty\wireless\ble_sdk\lib\cm0p\gcc\libble_sdk.a(dbg_logs.o)
                              ..\src\thirdparty\wireless\ble_sdk\lib\cm0p\gcc\libble_sdk.a(event.o) (tpfAtBlePrintErr)
..\src\thirdparty\wireless\ble_sdk\lib\cm0p\gcc\libble_sdk.a(dbg_task.o)
                              ..\src\thirdparty\wireless\ble_sdk\lib\cm0p\gcc\libble_sdk.a(gap.o) (dbg_le_set_bd_addr_req_handler)
..\src\thirdparty\wireless\ble_sdk\lib\cm0p\gcc\libble_sdk.a(gapc_task.o)
                              ..\src\thirdparty\wireless\ble_sdk\lib\cm0p\gcc\libble_sdk.a(security.o) (check_ConnData_idx_role)
..\src\thirdparty\wireless\ble_sdk\lib\cm0p\gcc\libble_sdk.a(gapm_task.o)
                              ..\src\thirdparty\wireless\ble_sdk\lib\cm0p\gcc\libble_sdk.a(gap.o) (gapm_reset_req_handler)
..\src\thirdparty\wireless\ble_sdk\lib\cm0p\gcc\libble_sdk.a(gattc_task.o)
                              ..\src\thirdparty\wireless\ble_sdk\lib\cm0p\gcc\libble_sdk.a(gatt_server.o) (gattc_read_req_ind_parser)
..\src\thirdparty\wireless\ble_sdk\lib\cm0p\gcc\libble_sdk.a(gattm_task.o)
                              ..\src\thirdparty\wireless\ble_sdk\lib\cm0p\gcc\libble_sdk.a(gatt_server.o) (gattm_add_svc_req_handler)
..\src\thirdparty\wireless\ble_sdk\lib\cm0p\gcc\libble_sdk.a(htpt_task.o)
                              ..\src\thirdparty\wireless\ble_sdk\lib\cm0p\gcc\libble_sdk.a(event.o) (htpt_enable_rsp_handler)
..\src\thirdparty\wireless\ble_sdk\lib\cm0p\gcc\libble_sdk.a(at_ble_patch.o)
                              ..\src\thirdparty\wireless\ble_sdk\lib\cm0p\gcc\libble_sdk.a(patch_mem_words.o) (write_32_to_BTLC1000)
..\src\thirdparty\wireless\ble_sdk\lib\cm0p\gcc\libble_sdk.a(fifo.o)
                              ..\src\thirdparty\wireless\ble_sdk\lib\cm0p\gcc\libble_sdk.a(interface.o) (fifo_init)
c:/program files (x86)/atmel/studio/7.0/toolchain/arm/arm-gnu-toolchain/bin/../lib/gcc/arm-none-eabi/6.3.1/thumb/v6-m\libgcc.a(_thumb1_case_sqi.o)
                              ..\src\thirdparty\wireless\ble_sdk\lib\cm0p\gcc\libble_sdk.a(gap.o) (__gnu_thumb1_case_sqi)
c:/program files (x86)/atmel/studio/7.0/toolchain/arm/arm-gnu-toolchain/bin/../lib/gcc/arm-none-eabi/6.3.1/thumb/v6-m\libgcc.a(_thumb1_case_uqi.o)
                              ..\src\thirdparty\wireless\ble_sdk\lib\cm0p\gcc\libble_sdk.a(gap.o) (__gnu_thumb1_case_uqi)
c:/program files (x86)/atmel/studio/7.0/toolchain/arm/arm-gnu-toolchain/bin/../lib/gcc/arm-none-eabi/6.3.1/thumb/v6-m\libgcc.a(_udivsi3.o)
                              src/hpl/core/hpl_core_m0plus_base.o (__aeabi_uidiv)
c:/program files (x86)/atmel/studio/7.0/toolchain/arm/arm-gnu-toolchain/bin/../lib/gcc/arm-none-eabi/6.3.1/thumb/v6-m\libgcc.a(_dvmd_tls.o)
                              c:/program files (x86)/atmel/studio/7.0/toolchain/arm/arm-gnu-toolchain/bin/../lib/gcc/arm-none-eabi/6.3.1/thumb/v6-m\libgcc.a(_udivsi3.o) (__aeabi_idiv0)
c:/program files (x86)/atmel/studio/7.0/toolchain/arm/arm-gnu-toolchain/bin/../lib/gcc/arm-none-eabi/6.3.1/thumb/v6-m\libgcc.a(_aeabi_uldivmod.o)
                              src/hpl/sercom/hpl_sercom.o (__aeabi_uldivmod)
c:/program files (x86)/atmel/studio/7.0/toolchain/arm/arm-gnu-toolchain/bin/../lib/gcc/arm-none-eabi/6.3.1/thumb/v6-m\libgcc.a(_muldi3.o)
                              src/hpl/sercom/hpl_sercom.o (__aeabi_lmul)
[...]
Memory Configuration

Name             Origin             Length             Attributes
rom              0x00000000         0x00040000         xr
ram              0x20000000         0x00008000         xrw
*default*        0x00000000         0xffffffff

Linker script and memory map

LOAD c:/program files (x86)/atmel/studio/7.0/toolchain/arm/arm-gnu-toolchain/bin/../lib/gcc/arm-none-eabi/6.3.1/thumb/v6-m/crti.o
LOAD c:/program files (x86)/atmel/studio/7.0/toolchain/arm/arm-gnu-toolchain/bin/../lib/gcc/arm-none-eabi/6.3.1/thumb/v6-m/crtbegin.o
LOAD c:/program files (x86)/atmel/studio/7.0/toolchain/arm/arm-gnu-toolchain/bin/../lib/gcc/arm-none-eabi/6.3.1/../../../../arm-none-eabi/lib/thumb/v6-m/crt0.o
LOAD src/atmel_start.o
LOAD src/ble_config.o
LOAD Device_Startup/startup_samd21.o
LOAD src/driver_init.o
LOAD src/examples/driver_examples.o
LOAD src/hal/src/hal_atomic.o
LOAD src/hal/src/hal_delay.o
LOAD src/hal/src/hal_ext_irq.o
LOAD src/hal/src/hal_gpio.o
LOAD src/hal/src/hal_init.o
LOAD src/hal/src/hal_io.o
LOAD src/hal/src/hal_sleep.o
LOAD src/hal/src/hal_timer.o
LOAD src/hal/src/hal_usart_async.o
LOAD src/hal/src/hal_usart_sync.o
LOAD src/hal/utils/src/utils_assert.o
LOAD src/hal/utils/src/utils_event.o
LOAD src/hal/utils/src/utils_list.o
LOAD src/hal/utils/src/utils_ringbuffer.o
LOAD src/hal/utils/src/utils_syscalls.o
LOAD src/hid_keyboard_app.o
LOAD src/hpl/core/hpl_core_m0plus_base.o
LOAD src/hpl/core/hpl_init.o
LOAD src/hpl/dmac/hpl_dmac.o
LOAD src/hpl/eic/hpl_eic.o
LOAD src/hpl/gclk/hpl_gclk.o
LOAD src/hpl/pm/hpl_pm.o
LOAD src/hpl/sercom/hpl_sercom.o
LOAD src/hpl/sysctrl/hpl_sysctrl.o
LOAD src/hpl/tc/hpl_tc.o
LOAD src/stdio_redirect/gcc/read.o
LOAD src/stdio_redirect/gcc/write.o
LOAD src/stdio_redirect/stdio_io.o
LOAD src/stdio_start.o
LOAD src/thirdparty/wireless/ble_sdk/ble_profiles/hid_device/hid_device.o
LOAD src/thirdparty/wireless/ble_sdk/ble_services/ble_mgr/ble_manager.o
LOAD src/thirdparty/wireless/ble_sdk/ble_services/device_infomation/device_info.o
LOAD src/thirdparty/wireless/ble_sdk/ble_services/hid/hid.o
LOAD src/thirdparty/wireless/ble_sdk/services/app_bsp/samd21_xpro/app_bsp.o
LOAD src/thirdparty/wireless/ble_sdk/services/serial/uart/sam0/serial_drv.o
LOAD src/thirdparty/wireless/ble_sdk/src/platform.o
START GROUP
LOAD ..\src\thirdparty\wireless\ble_sdk\lib\cm0p\gcc\libble_sdk.a
LOAD c:/program files (x86)/atmel/studio/7.0/toolchain/arm/arm-gnu-toolchain/bin/../lib/gcc/arm-none-eabi/6.3.1/../../../../arm-none-eabi/lib/thumb/v6-m\libm.a
END GROUP
START GROUP
LOAD c:/program files (x86)/atmel/studio/7.0/toolchain/arm/arm-gnu-toolchain/bin/../lib/gcc/arm-none-eabi/6.3.1/thumb/v6-m\libgcc.a
LOAD c:/program files (x86)/atmel/studio/7.0/toolchain/arm/arm-gnu-toolchain/bin/../lib/gcc/arm-none-eabi/6.3.1/../../../../arm-none-eabi/lib/thumb/v6-m\libc_nano.a
END GROUP
START GROUP
LOAD c:/program files (x86)/atmel/studio/7.0/toolchain/arm/arm-gnu-toolchain/bin/../lib/gcc/arm-none-eabi/6.3.1/thumb/v6-m\libgcc.a
LOAD c:/program files (x86)/atmel/studio/7.0/toolchain/arm/arm-gnu-toolchain/bin/../lib/gcc/arm-none-eabi/6.3.1/../../../../arm-none-eabi/lib/thumb/v6-m\libc_nano.a
END GROUP
LOAD c:/program files (x86)/atmel/studio/7.0/toolchain/arm/arm-gnu-toolchain/bin/../lib/gcc/arm-none-eabi/6.3.1/thumb/v6-m/crtend.o
LOAD c:/program files (x86)/atmel/studio/7.0/toolchain/arm/arm-gnu-toolchain/bin/../lib/gcc/arm-none-eabi/6.3.1/thumb/v6-m/crtn.o
                0x00002000                STACK_SIZE = DEFINED (STACK_SIZE)?STACK_SIZE:DEFINED (__stack_size__)?__stack_size__:0x2000

.text           0x00000000     0xdf38
                0x00000000                . = ALIGN (0x4)
                0x00000000                _sfixed = .
 *(.vectors .vectors.*)
 .vectors       0x00000000       0xb4 Device_Startup/startup_samd21.o
                0x00000000                exception_table
 *(.text .text.* .gnu.linkonce.t.*)
 .text          0x000000b4       0x60 c:/program files (x86)/atmel/studio/7.0/toolchain/arm/arm-gnu-toolchain/bin/../lib/gcc/arm-none-eabi/6.3.1/thumb/v6-m/crtbegin.o
 .text.ble_wakeup_pin_set_low
                0x00000114        0xc src/ble_config.o
                0x00000114                ble_wakeup_pin_set_low
 .text.ble_wakeup_pin_set_high
                0x00000120        0xc src/ble_config.o
                0x00000120                ble_wakeup_pin_set_high
 .text.ble_enable_pin_set_low
                0x0000012c        0xc src/ble_config.o
                0x0000012c                ble_enable_pin_set_low
 .text.ble_enable_pin_set_high
                0x00000138        0xc src/ble_config.o
                0x00000138                ble_enable_pin_set_high
 .text.ble_configure_control_pin
                0x00000144       0x68 src/ble_config.o
                0x00000144                ble_configure_control_pin
 .text.Dummy_Handler
                0x000001ac        0x2 Device_Startup/startup_samd21.o
                0x000001ac                SVCall_Handler
                0x000001ac                DMAC_Handler
                0x000001ac                HardFault_Handler
                0x000001ac                AC_Handler
                0x000001ac                SysTick_Handler
                0x000001ac                PendSV_Handler
                0x000001ac                TC7_Handler
                0x000001ac                SERCOM1_Handler
                0x000001ac                ADC_Handler
                0x000001ac                NonMaskableInt_Handler
                0x000001ac                TCC1_Handler
                0x000001ac                TCC0_Handler
                0x000001ac                RTC_Handler
                0x000001ac                TC6_Handler
                0x000001ac                WDT_Handler
                0x000001ac                TC4_Handler
                0x000001ac                USB_Handler
                0x000001ac                Dummy_Handler
                0x000001ac                PM_Handler
                0x000001ac                SERCOM5_Handler
                0x000001ac                TCC2_Handler
                0x000001ac                EVSYS_Handler
                0x000001ac                SERCOM3_Handler
                0x000001ac                SERCOM4_Handler
                0x000001ac                I2S_Handler
                0x000001ac                NVMCTRL_Handler
                0x000001ac                DAC_Handler
                0x000001ac                PTC_Handler
                0x000001ac                TC5_Handler
                0x000001ac                SYSCTRL_Handler
 *fill*         0x000001ae        0x2 
 .text.Reset_Handler
                0x000001b0       0xe4 Device_Startup/startup_samd21.o
                0x000001b0                Reset_Handler
 .text.EXTERNAL_IRQ_0_init
                0x00000294       0x5c src/driver_init.o
                0x00000294                EXTERNAL_IRQ_0_init
 .text.BLE_FC_UART_CLOCK_init
                0x000002f0       0x20 src/driver_init.o
                0x000002f0                BLE_FC_UART_CLOCK_init
 .text.BLE_FC_UART_PORT_init
                0x00000310       0x88 src/driver_init.o
                0x00000310                BLE_FC_UART_PORT_init
 .text.BLE_FC_UART_init
                0x00000398       0x38 src/driver_init.o
                0x00000398                BLE_FC_UART_init
 .text.BLE_UART_CLOCK_init
                0x000003d0       0x20 src/driver_init.o
                0x000003d0                BLE_UART_CLOCK_init
 .text.BLE_UART_PORT_init
                0x000003f0       0x40 src/driver_init.o
                0x000003f0                BLE_UART_PORT_init
 .text.BLE_UART_init
                0x00000430       0x3c src/driver_init.o
                0x00000430                BLE_UART_init
 .text.TARGET_IO_PORT_init
                0x0000046c       0x40 src/driver_init.o
                0x0000046c                TARGET_IO_PORT_init
 .text.TARGET_IO_CLOCK_init
                0x000004ac       0x20 src/driver_init.o
                0x000004ac                TARGET_IO_CLOCK_init
 .text.TARGET_IO_init
                0x000004cc       0x2c src/driver_init.o
                0x000004cc                TARGET_IO_init
 .text.system_init
                0x000004f8      0x100 src/driver_init.o
                0x000004f8                system_init
 .text.atomic_enter_critical
                0x000005f8        0xe src/hal/src/hal_atomic.o
                0x000005f8                atomic_enter_critical
 .text.atomic_leave_critical
                0x00000606        0xc src/hal/src/hal_atomic.o
                0x00000606                atomic_leave_critical
 *fill*         0x00000612        0x2 
 .text.delay_init
                0x00000614       0x14 src/hal/src/hal_delay.o
                0x00000614                delay_init
 .text.delay_ms
                0x00000628       0x20 src/hal/src/hal_delay.o
                0x00000628                delay_ms
 .text.process_ext_irq
                0x00000648       0x38 src/hal/src/hal_ext_irq.o
 .text.ext_irq_init
                0x00000680       0x24 src/hal/src/hal_ext_irq.o
                0x00000680                ext_irq_init
 .text.ext_irq_register
                0x000006a4       0x48 src/hal/src/hal_ext_irq.o
                0x000006a4                ext_irq_register
 .text.io_write
                0x000006ec       0x34 src/hal/src/hal_io.o
                0x000006ec                io_write
 .text.io_read  0x00000720       0x34 src/hal/src/hal_io.o
                0x00000720                io_read
 .text.timer_add_timer_task
                0x00000754       0x70 src/hal/src/hal_timer.o
 .text.timer_process_counted
                0x000007c4       0x8c src/hal/src/hal_timer.o
 .text.timer_init
                0x00000850       0x44 src/hal/src/hal_timer.o
                0x00000850                timer_init
 .text.timer_start
                0x00000894       0x3c src/hal/src/hal_timer.o
                0x00000894                timer_start
 .text.timer_add_task
                0x000008d0       0xac src/hal/src/hal_timer.o
                0x000008d0                timer_add_task
 .text.timer_remove_task
                0x0000097c       0xa4 src/hal/src/hal_timer.o
                0x0000097c                timer_remove_task
 .text.usart_transmission_complete
                0x00000a20       0x12 src/hal/src/hal_usart_async.o
 .text.usart_error
                0x00000a32       0x12 src/hal/src/hal_usart_async.o
 .text.usart_fill_rx_buffer
                0x00000a44       0x1c src/hal/src/hal_usart_async.o
 .text.usart_async_write
                0x00000a60       0x64 src/hal/src/hal_usart_async.o
 .text.usart_process_byte_sent
                0x00000ac4       0x40 src/hal/src/hal_usart_async.o
 .text.usart_async_read
                0x00000b04       0xe0 src/hal/src/hal_usart_async.o
 .text.usart_async_init
                0x00000be4       0x98 src/hal/src/hal_usart_async.o
                0x00000be4                usart_async_init
 .text.usart_async_deinit
                0x00000c7c       0x30 src/hal/src/hal_usart_async.o
                0x00000c7c                usart_async_deinit
 .text.usart_async_enable
                0x00000cac       0x2c src/hal/src/hal_usart_async.o
                0x00000cac                usart_async_enable
 .text.usart_async_disable
                0x00000cd8       0x2c src/hal/src/hal_usart_async.o
                0x00000cd8                usart_async_disable
 .text.usart_async_get_io_descriptor
                0x00000d04       0x2c src/hal/src/hal_usart_async.o
                0x00000d04                usart_async_get_io_descriptor
 .text.usart_async_register_callback
                0x00000d30       0x78 src/hal/src/hal_usart_async.o
                0x00000d30                usart_async_register_callback
 .text.usart_async_set_flow_control
                0x00000da8       0x30 src/hal/src/hal_usart_async.o
                0x00000da8                usart_async_set_flow_control
 .text.usart_async_is_tx_empty
                0x00000dd8       0x28 src/hal/src/hal_usart_async.o
                0x00000dd8                usart_async_is_tx_empty
 .text.usart_sync_write
                0x00000e00       0x7c src/hal/src/hal_usart_sync.o
 .text.usart_sync_read
                0x00000e7c       0x68 src/hal/src/hal_usart_sync.o
 .text.usart_sync_init
                0x00000ee4       0x4c src/hal/src/hal_usart_sync.o
                0x00000ee4                usart_sync_init
 .text.usart_sync_enable
                0x00000f30       0x2c src/hal/src/hal_usart_sync.o
                0x00000f30                usart_sync_enable
 .text.assert   0x00000f5c        0x8 src/hal/utils/src/utils_assert.o
                0x00000f5c                assert
 .text.is_list_element
                0x00000f64       0x24 src/hal/utils/src/utils_list.o
                0x00000f64                is_list_element
 .text.list_insert_as_head
                0x00000f88       0x2c src/hal/utils/src/utils_list.o
                0x00000f88                list_insert_as_head
 .text.list_insert_after
                0x00000fb4        0x8 src/hal/utils/src/utils_list.o
                0x00000fb4                list_insert_after
 .text.list_remove_head
                0x00000fbc        0xe src/hal/utils/src/utils_list.o
                0x00000fbc                list_remove_head
 .text.list_delete_element
                0x00000fca       0x40 src/hal/utils/src/utils_list.o
                0x00000fca                list_delete_element
 *fill*         0x0000100a        0x2 
 .text.ringbuffer_init
                0x0000100c       0x54 src/hal/utils/src/utils_ringbuffer.o
                0x0000100c                ringbuffer_init
 .text.ringbuffer_get
                0x00001060       0x48 src/hal/utils/src/utils_ringbuffer.o
                0x00001060                ringbuffer_get
 .text.ringbuffer_put
                0x000010a8       0x40 src/hal/utils/src/utils_ringbuffer.o
                0x000010a8                ringbuffer_put
 .text.ringbuffer_num
                0x000010e8       0x24 src/hal/utils/src/utils_ringbuffer.o
                0x000010e8                ringbuffer_num
 .text._sbrk    0x0000110c       0x24 src/hal/utils/src/utils_syscalls.o
                0x0000110c                _sbrk
 .text._close   0x00001130        0x6 src/hal/utils/src/utils_syscalls.o
                0x00001130                _close
 .text._fstat   0x00001136        0xa src/hal/utils/src/utils_syscalls.o
                0x00001136                _fstat
 .text._isatty  0x00001140        0x4 src/hal/utils/src/utils_syscalls.o
                0x00001140                _isatty
 .text._lseek   0x00001144        0x4 src/hal/utils/src/utils_syscalls.o
                0x00001144                _lseek
 .text.hid_connect_cb
                0x00001148       0x14 src/hid_keyboard_app.o
 .text.hid_disconnect_cb
                0x0000115c       0x10 src/hid_keyboard_app.o
 .text.hid_prf_control_point_ntf_cb
                0x0000116c        0x2 src/hid_keyboard_app.o
 .text.hid_prf_protocol_mode_ntf_cb
                0x0000116e        0x2 src/hid_keyboard_app.o
 .text.hid_prf_boot_ntf_cb
                0x00001170        0x2 src/hid_keyboard_app.o
 *fill*         0x00001172        0x2 
 .text.hid_prf_report_ntf_cb
                0x00001174       0x18 src/hid_keyboard_app.o
 .text.hid_notification_confirmed_cb
                0x0000118c        0x4 src/hid_keyboard_app.o
 .text.button_cb
                0x00001190        0xc src/hid_keyboard_app.o
                0x00001190                button_cb
 .text.app_timer2_cb
                0x0000119c        0xe src/hid_keyboard_app.o
 *fill*         0x000011aa        0x2 
 .text.LED_init
                0x000011ac       0x38 src/hid_keyboard_app.o
                0x000011ac                LED_init
 .text.button_register_callback
                0x000011e4       0x10 src/hid_keyboard_app.o
                0x000011e4                button_register_callback
 .text.main     0x000011f4      0x210 src/hid_keyboard_app.o
                0x000011f4                main
 .text._irq_set
                0x00001404       0x1c src/hpl/core/hpl_core_m0plus_base.o
                0x00001404                _irq_set
 .text._get_cycles_for_ms
                0x00001420       0x1c src/hpl/core/hpl_core_m0plus_base.o
                0x00001420                _get_cycles_for_ms
 .text._delay_init
                0x0000143c        0x2 src/hpl/core/hpl_core_m0plus_base.o
                0x0000143c                _delay_init
 .text._delay_cycles
                0x0000143e        0x6 src/hpl/core/hpl_core_m0plus_base.o
                0x0000143e                _delay_cycles
 .text._init_chip
                0x00001444       0x34 src/hpl/core/hpl_init.o
                0x00001444                _init_chip
 .text._ext_irq_init
                0x00001478       0x98 src/hpl/eic/hpl_eic.o
                0x00001478                _ext_irq_init
 .text._ext_irq_enable
                0x00001510       0x2c src/hpl/eic/hpl_eic.o
                0x00001510                _ext_irq_enable
 .text.EIC_Handler
                0x0000153c       0xe8 src/hpl/eic/hpl_eic.o
                0x0000153c                EIC_Handler
 .text._gclk_init_generators_by_fref
                0x00001624        0x2 src/hpl/gclk/hpl_gclk.o
                0x00001624                _gclk_init_generators_by_fref
 *fill*         0x00001626        0x2 
 .text._pm_init
                0x00001628       0x20 src/hpl/pm/hpl_pm.o
                0x00001628                _pm_init
 .text._sercom_usart_interrupt_handler
                0x00001648       0x64 src/hpl/sercom/hpl_sercom.o
 .text._sercom_init_irq_param
                0x000016ac       0x28 src/hpl/sercom/hpl_sercom.o
 .text._usart_init
                0x000016d4      0x128 src/hpl/sercom/hpl_sercom.o
 .text._usart_sync_init
                0x000017fc       0x2c src/hpl/sercom/hpl_sercom.o
                0x000017fc                _usart_sync_init
 .text._usart_async_init
                0x00001828       0x74 src/hpl/sercom/hpl_sercom.o
                0x00001828                _usart_async_init
 .text._usart_async_deinit
                0x0000189c       0x54 src/hpl/sercom/hpl_sercom.o
                0x0000189c                _usart_async_deinit
 .text._usart_sync_enable
                0x000018f0       0x14 src/hpl/sercom/hpl_sercom.o
                0x000018f0                _usart_sync_enable
 .text._usart_async_enable
                0x00001904       0x14 src/hpl/sercom/hpl_sercom.o
                0x00001904                _usart_async_enable
 .text._usart_async_disable
                0x00001918       0x14 src/hpl/sercom/hpl_sercom.o
                0x00001918                _usart_async_disable
 .text._usart_sync_write_byte
                0x0000192c        0x8 src/hpl/sercom/hpl_sercom.o
                0x0000192c                _usart_sync_write_byte
 .text._usart_async_write_byte
                0x00001934        0x8 src/hpl/sercom/hpl_sercom.o
                0x00001934                _usart_async_write_byte
 .text._usart_sync_read_byte
                0x0000193c        0x8 src/hpl/sercom/hpl_sercom.o
                0x0000193c                _usart_sync_read_byte
 .text._usart_sync_is_ready_to_send
                0x00001944        0xa src/hpl/sercom/hpl_sercom.o
                0x00001944                _usart_sync_is_ready_to_send
 .text._usart_sync_is_transmit_done
                0x0000194e        0xa src/hpl/sercom/hpl_sercom.o
                0x0000194e                _usart_sync_is_transmit_done
 .text._usart_async_is_byte_sent
                0x00001958        0xa src/hpl/sercom/hpl_sercom.o
                0x00001958                _usart_async_is_byte_sent
 .text._usart_sync_is_byte_received
                0x00001962        0xa src/hpl/sercom/hpl_sercom.o
                0x00001962                _usart_sync_is_byte_received
 .text._usart_async_set_flow_control_state
                0x0000196c        0x2 src/hpl/sercom/hpl_sercom.o
                0x0000196c                _usart_async_set_flow_control_state
 .text._usart_async_enable_byte_sent_irq
                0x0000196e        0x8 src/hpl/sercom/hpl_sercom.o
                0x0000196e                _usart_async_enable_byte_sent_irq
 .text._usart_async_enable_tx_done_irq
                0x00001976        0x8 src/hpl/sercom/hpl_sercom.o
                0x00001976                _usart_async_enable_tx_done_irq
 *fill*         0x0000197e        0x2 
 .text._usart_async_set_irq_state
                0x00001980       0x74 src/hpl/sercom/hpl_sercom.o
                0x00001980                _usart_async_set_irq_state
 .text.SERCOM0_Handler
                0x000019f4       0x14 src/hpl/sercom/hpl_sercom.o
                0x000019f4                SERCOM0_Handler
 .text.SERCOM2_Handler
                0x00001a08       0x14 src/hpl/sercom/hpl_sercom.o
                0x00001a08                SERCOM2_Handler
 .text._sysctrl_init_sources
                0x00001a1c       0x10 src/hpl/sysctrl/hpl_sysctrl.o
                0x00001a1c                _sysctrl_init_sources
 .text._sysctrl_init_referenced_generators
                0x00001a2c       0x10 src/hpl/sysctrl/hpl_sysctrl.o
                0x00001a2c                _sysctrl_init_referenced_generators
 .text._timer_init
                0x00001a3c      0x114 src/hpl/tc/hpl_tc.o
                0x00001a3c                _timer_init
 .text._timer_start
                0x00001b50        0xc src/hpl/tc/hpl_tc.o
                0x00001b50                _timer_start
 .text._timer_is_started
                0x00001b5c        0xa src/hpl/tc/hpl_tc.o
                0x00001b5c                _timer_is_started
 .text._tc_get_timer
                0x00001b66        0x4 src/hpl/tc/hpl_tc.o
                0x00001b66                _tc_get_timer
 *fill*         0x00001b6a        0x2 
 .text._timer_set_irq
                0x00001b6c       0x20 src/hpl/tc/hpl_tc.o
                0x00001b6c                _timer_set_irq
 .text.TC3_Handler
                0x00001b8c       0x20 src/hpl/tc/hpl_tc.o
                0x00001b8c                TC3_Handler
 .text._read    0x00001bac       0x28 src/stdio_redirect/gcc/read.o
                0x00001bac                _read
 .text._write   0x00001bd4       0x28 src/stdio_redirect/gcc/write.o
                0x00001bd4                _write
 .text.stdio_io_init
                0x00001bfc       0x2c src/stdio_redirect/stdio_io.o
                0x00001bfc                stdio_io_init
 .text.stdio_io_read
                0x00001c28       0x24 src/stdio_redirect/stdio_io.o
                0x00001c28                stdio_io_read
 .text.stdio_io_write
                0x00001c4c       0x24 src/stdio_redirect/stdio_io.o
                0x00001c4c                stdio_io_write
 .text.hid_prf_disconnect_event_handler
                0x00001c70       0x60 src/thirdparty/wireless/ble_sdk/ble_profiles/hid_device/hid_device.o
                0x00001c70                hid_prf_disconnect_event_handler
 .text.hid_prf_char_changed_handler
                0x00001cd0       0xf0 src/thirdparty/wireless/ble_sdk/ble_profiles/hid_device/hid_device.o
                0x00001cd0                hid_prf_char_changed_handler
 .text.hid_prf_conf
                0x00001dc0       0x3c src/thirdparty/wireless/ble_sdk/ble_profiles/hid_device/hid_device.o
                0x00001dc0                hid_prf_conf
 .text.hid_prf_dev_adv
                0x00001dfc       0x7c src/thirdparty/wireless/ble_sdk/ble_profiles/hid_device/hid_device.o
                0x00001dfc                hid_prf_dev_adv
 .text.hid_prf_init
                0x00001e78       0xd0 src/thirdparty/wireless/ble_sdk/ble_profiles/hid_device/hid_device.o
                0x00001e78                hid_prf_init
 .text.notify_report_ntf_handler
                0x00001f48        0xc src/thirdparty/wireless/ble_sdk/ble_profiles/hid_device/hid_device.o
                0x00001f48                notify_report_ntf_handler
 .text.notify_boot_ntf_handler
                0x00001f54        0xc src/thirdparty/wireless/ble_sdk/ble_profiles/hid_device/hid_device.o
                0x00001f54                notify_boot_ntf_handler
 .text.notify_protocol_mode_handler
                0x00001f60        0xc src/thirdparty/wireless/ble_sdk/ble_profiles/hid_device/hid_device.o
                0x00001f60                notify_protocol_mode_handler
 .text.notify_control_point_handler
                0x00001f6c        0xc src/thirdparty/wireless/ble_sdk/ble_profiles/hid_device/hid_device.o
                0x00001f6c                notify_control_point_handler
 .text.hid_prf_report_update
                0x00001f78       0x18 src/thirdparty/wireless/ble_sdk/ble_profiles/hid_device/hid_device.o
                0x00001f78                hid_prf_report_update
 .text.ble_undefined_event_handler
                0x00001f90        0x4 src/thirdparty/wireless/ble_sdk/ble_services/ble_mgr/ble_manager.o
                0x00001f90                ble_undefined_event_handler
 .text.ble_mtu_changed_indication_handler
                0x00001f94        0x4 src/thirdparty/wireless/ble_sdk/ble_services/ble_mgr/ble_manager.o
                0x00001f94                ble_mtu_changed_indication_handler
 .text.ble_characteristic_write_cmd_complete_handler
                0x00001f98        0xa src/thirdparty/wireless/ble_sdk/ble_services/ble_mgr/ble_manager.o
                0x00001f98                ble_characteristic_write_cmd_complete_handler
 .text.ble_conn_param_update
                0x00001fa2        0x4 src/thirdparty/wireless/ble_sdk/ble_services/ble_mgr/ble_manager.o
                0x00001fa2                ble_conn_param_update
 *fill*         0x00001fa6        0x2 
 .text.ble_scan_report_handler
                0x00001fa8       0x2c src/thirdparty/wireless/ble_sdk/ble_services/ble_mgr/ble_manager.o
                0x00001fa8                ble_scan_report_handler
 .text.ble_mtu_changed_cmd_complete_handler
                0x00001fd4       0x30 src/thirdparty/wireless/ble_sdk/ble_services/ble_mgr/ble_manager.o
                0x00001fd4                ble_mtu_changed_cmd_complete_handler
 .text.ble_disconnected_state_handler
                0x00002004       0x8c src/thirdparty/wireless/ble_sdk/ble_services/ble_mgr/ble_manager.o
                0x00002004                ble_disconnected_state_handler
 .text.ble_encryption_status_change_handler
                0x00002090       0xbc src/thirdparty/wireless/ble_sdk/ble_services/ble_mgr/ble_manager.o
                0x00002090                ble_encryption_status_change_handler
 .text.ble_scan_info_handler
                0x0000214c       0x84 src/thirdparty/wireless/ble_sdk/ble_services/ble_mgr/ble_manager.o
                0x0000214c                ble_scan_info_handler
 .text.ble_pair_done_handler
                0x000021d0      0x124 src/thirdparty/wireless/ble_sdk/ble_services/ble_mgr/ble_manager.o
                0x000021d0                ble_pair_done_handler
 .text.ble_conn_param_update_req
                0x000022f4       0x18 src/thirdparty/wireless/ble_sdk/ble_services/ble_mgr/ble_manager.o
                0x000022f4                ble_conn_param_update_req
 .text.ble_slave_security_request_handler
                0x0000230c      0x1f0 src/thirdparty/wireless/ble_sdk/ble_services/ble_mgr/ble_manager.o
                0x0000230c                ble_slave_security_request_handler
 .text.ble_pair_request_handler
                0x000024fc      0x164 src/thirdparty/wireless/ble_sdk/ble_services/ble_mgr/ble_manager.o
                0x000024fc                ble_pair_request_handler
 .text.ble_pair_key_request_handler
                0x00002660      0x170 src/thirdparty/wireless/ble_sdk/ble_services/ble_mgr/ble_manager.o
                0x00002660                ble_pair_key_request_handler
 .text.ble_encryption_request_handler
                0x000027d0       0xec src/thirdparty/wireless/ble_sdk/ble_services/ble_mgr/ble_manager.o
                0x000027d0                ble_encryption_request_handler
 .text.ble_mgr_events_callback_handler
                0x000028bc       0xc4 src/thirdparty/wireless/ble_sdk/ble_services/ble_mgr/ble_manager.o
                0x000028bc                ble_mgr_events_callback_handler
 .text.ble_device_init
                0x00002980      0x278 src/thirdparty/wireless/ble_sdk/ble_services/ble_mgr/ble_manager.o
                0x00002980                ble_device_init
 .text.ble_send_slave_sec_request
                0x00002bf8       0x34 src/thirdparty/wireless/ble_sdk/ble_services/ble_mgr/ble_manager.o
                0x00002bf8                ble_send_slave_sec_request
 .text.ble_connected_state_handler
                0x00002c2c      0x228 src/thirdparty/wireless/ble_sdk/ble_services/ble_mgr/ble_manager.o
                0x00002c2c                ble_connected_state_handler
 .text.ble_resolv_rand_addr_handler
                0x00002e54      0x120 src/thirdparty/wireless/ble_sdk/ble_services/ble_mgr/ble_manager.o
                0x00002e54                ble_resolv_rand_addr_handler
 .text.ble_event_manager
                0x00002f74      0x120 src/thirdparty/wireless/ble_sdk/ble_services/ble_mgr/ble_manager.o
                0x00002f74                ble_event_manager
 .text.ble_event_task
                0x00003094       0x34 src/thirdparty/wireless/ble_sdk/ble_services/ble_mgr/ble_manager.o
                0x00003094                ble_event_task
 .text.ble_advertisement_data_set
                0x000030c8       0xa0 src/thirdparty/wireless/ble_sdk/ble_services/ble_mgr/ble_manager.o
                0x000030c8                ble_advertisement_data_set
 .text.dis_init_service
                0x00003168      0x424 src/thirdparty/wireless/ble_sdk/ble_services/device_infomation/device_info.o
                0x00003168                dis_init_service
 .text.dis_primary_service_define
                0x0000358c       0x24 src/thirdparty/wireless/ble_sdk/ble_services/device_infomation/device_info.o
                0x0000358c                dis_primary_service_define
 .text.hid_serv_def_init
                0x000035b0       0x2c src/thirdparty/wireless/ble_sdk/ble_services/hid/hid.o
                0x000035b0                hid_serv_def_init
 .text.hid_serv_init
                0x000035dc      0x578 src/thirdparty/wireless/ble_sdk/ble_services/hid/hid.o
                0x000035dc                hid_serv_init
 .text.hid_serv_report_map
                0x00003b54       0x34 src/thirdparty/wireless/ble_sdk/ble_services/hid/hid.o
                0x00003b54                hid_serv_report_map
 .text.hid_service_dbreg
                0x00003b88       0x98 src/thirdparty/wireless/ble_sdk/ble_services/hid/hid.o
                0x00003b88                hid_service_dbreg
 .text.hid_serv_get_instance
                0x00003c20       0x3c src/thirdparty/wireless/ble_sdk/ble_services/hid/hid.o
                0x00003c20                hid_serv_get_instance
 .text.hid_ntf_instance
                0x00003c5c       0x68 src/thirdparty/wireless/ble_sdk/ble_services/hid/hid.o
                0x00003c5c                hid_ntf_instance
 .text.hid_get_reportid
                0x00003cc4       0x78 src/thirdparty/wireless/ble_sdk/ble_services/hid/hid.o
                0x00003cc4                hid_get_reportid
 .text.hid_get_reportchar
                0x00003d3c       0x44 src/thirdparty/wireless/ble_sdk/ble_services/hid/hid.o
                0x00003d3c                hid_get_reportchar
 .text.hid_serv_report_update
                0x00003d80       0x80 src/thirdparty/wireless/ble_sdk/ble_services/hid/hid.o
                0x00003d80                hid_serv_report_update
 .text.ble_app_timer1_cb
                0x00003e00       0x14 src/thirdparty/wireless/ble_sdk/services/app_bsp/samd21_xpro/app_bsp.o
 .text.ble_app_timer2_cb
                0x00003e14       0x14 src/thirdparty/wireless/ble_sdk/services/app_bsp/samd21_xpro/app_bsp.o
 .text.ble_app_timer3_cb
                0x00003e28       0x14 src/thirdparty/wireless/ble_sdk/services/app_bsp/samd21_xpro/app_bsp.o
 .text.bsp_init
                0x00003e3c        0xc src/thirdparty/wireless/ble_sdk/services/app_bsp/samd21_xpro/app_bsp.o
                0x00003e3c                bsp_init
 .text.serial_console_init
                0x00003e48       0x20 src/thirdparty/wireless/ble_sdk/services/app_bsp/samd21_xpro/app_bsp.o
                0x00003e48                serial_console_init
 .text.ble_timer_start
                0x00003e68       0xb0 src/thirdparty/wireless/ble_sdk/services/app_bsp/samd21_xpro/app_bsp.o
                0x00003e68                ble_timer_start
 .text.ble_timer_stop
                0x00003f18       0x74 src/thirdparty/wireless/ble_sdk/services/app_bsp/samd21_xpro/app_bsp.o
                0x00003f18                ble_timer_stop
 .text.platform_configure_timer
                0x00003f8c        0xc src/thirdparty/wireless/ble_sdk/services/app_bsp/samd21_xpro/app_bsp.o
                0x00003f8c                platform_configure_timer
 .text.platform_start_bus_timer
                0x00003f98       0x24 src/thirdparty/wireless/ble_sdk/services/app_bsp/samd21_xpro/app_bsp.o
                0x00003f98                platform_start_bus_timer
 .text.platform_stop_bus_timer
                0x00003fbc       0x10 src/thirdparty/wireless/ble_sdk/services/app_bsp/samd21_xpro/app_bsp.o
                0x00003fbc                platform_stop_bus_timer
 .text.serial_drv_read_cb
                0x00003fcc       0x34 src/thirdparty/wireless/ble_sdk/services/serial/uart/sam0/serial_drv.o
 .text.configure_serial_drv
                0x00004000       0x50 src/thirdparty/wireless/ble_sdk/services/serial/uart/sam0/serial_drv.o
                0x00004000                configure_serial_drv
 .text.configure_usart_after_patch
                0x00004050       0x74 src/thirdparty/wireless/ble_sdk/services/serial/uart/sam0/serial_drv.o
                0x00004050                configure_usart_after_patch
 .text.platform_serial_drv_tx_status
                0x000040c4       0x34 src/thirdparty/wireless/ble_sdk/services/serial/uart/sam0/serial_drv.o
                0x000040c4                platform_serial_drv_tx_status
 .text.serial_drv_write_cb
                0x000040f8       0x1c src/thirdparty/wireless/ble_sdk/services/serial/uart/sam0/serial_drv.o
 .text.serial_drv_send
                0x00004114       0x4c src/thirdparty/wireless/ble_sdk/services/serial/uart/sam0/serial_drv.o
                0x00004114                serial_drv_send
 .text.platform_init
                0x00004160       0x28 src/thirdparty/wireless/ble_sdk/src/platform.o
                0x00004160                platform_init
 .text.platform_send_sync
                0x00004188       0x1c src/thirdparty/wireless/ble_sdk/src/platform.o
                0x00004188                platform_send_sync
 .text.platform_gpio_set
                0x000041a4       0x3c src/thirdparty/wireless/ble_sdk/src/platform.o
                0x000041a4                platform_gpio_set
 .text.platform_recv_async
                0x000041e0       0x14 src/thirdparty/wireless/ble_sdk/src/platform.o
                0x000041e0                platform_recv_async
 .text.platform_process_rxdata
                0x000041f4       0x30 src/thirdparty/wireless/ble_sdk/src/platform.o
                0x000041f4                platform_process_rxdata
 .text.platform_enter_critical_section
                0x00004224       0x14 src/thirdparty/wireless/ble_sdk/src/platform.o
                0x00004224                platform_enter_critical_section
 .text.platform_leave_critical_section
                0x00004238       0x14 src/thirdparty/wireless/ble_sdk/src/platform.o
                0x00004238                platform_leave_critical_section
 .text.platform_configure_hw_fc_uart
                0x0000424c        0xc src/thirdparty/wireless/ble_sdk/src/platform.o
                0x0000424c                platform_configure_hw_fc_uart
 .text.platform_create_timer
                0x00004258       0x14 src/thirdparty/wireless/ble_sdk/src/platform.o
                0x00004258                platform_create_timer
 .text.platform_delete_timer
                0x0000426c        0xc src/thirdparty/wireless/ble_sdk/src/platform.o
                0x0000426c                platform_delete_timer
 .text.platform_start_timer
                0x00004278       0x20 src/thirdparty/wireless/ble_sdk/src/platform.o
                0x00004278                platform_start_timer
 .text.platform_stop_timer
                0x00004298       0x1c src/thirdparty/wireless/ble_sdk/src/platform.o
                0x00004298                platform_stop_timer
 .text.platform_sleep
                0x000042b4       0x10 src/thirdparty/wireless/ble_sdk/src/platform.o
                0x000042b4                platform_sleep
 .text.internal_event_post
                0x000042c4       0x3c ..\src\thirdparty\wireless\ble_sdk\lib\cm0p\gcc\libble_sdk.a(event.o)
                0x000042c4                internal_event_post
 .text.internal_event_init
                0x00004300       0x38 ..\src\thirdparty\wireless\ble_sdk\lib\cm0p\gcc\libble_sdk.a(event.o)
                0x00004300                internal_event_init
 .text.special_events_handler
                0x00004338       0xa8 ..\src\thirdparty\wireless\ble_sdk\lib\cm0p\gcc\libble_sdk.a(event.o)
                0x00004338                special_events_handler
 .text.at_ble_event_get
                0x000043e0      0x5e4 ..\src\thirdparty\wireless\ble_sdk\lib\cm0p\gcc\libble_sdk.a(event.o)
                0x000043e0                at_ble_event_get
 .text.internal_event_flush
                0x000049c4       0x44 ..\src\thirdparty\wireless\ble_sdk\lib\cm0p\gcc\libble_sdk.a(event.o)
                0x000049c4                internal_event_flush
 .text.internal_conn_flush
                0x00004a08       0x54 ..\src\thirdparty\wireless\ble_sdk\lib\cm0p\gcc\libble_sdk.a(event.o)
                0x00004a08                internal_conn_flush
 .text.at_ble_device_name_set
                0x00004a5c       0x5c ..\src\thirdparty\wireless\ble_sdk\lib\cm0p\gcc\libble_sdk.a(gap.o)
                0x00004a5c                at_ble_device_name_set
 .text.at_ble_addr_get
                0x00004ab8       0x24 ..\src\thirdparty\wireless\ble_sdk\lib\cm0p\gcc\libble_sdk.a(gap.o)
                0x00004ab8                at_ble_addr_get
 .text.at_ble_set_dev_config
                0x00004adc      0x104 ..\src\thirdparty\wireless\ble_sdk\lib\cm0p\gcc\libble_sdk.a(gap.o)
                0x00004adc                at_ble_set_dev_config
 .text.at_ble_init
                0x00004be0      0x168 ..\src\thirdparty\wireless\ble_sdk\lib\cm0p\gcc\libble_sdk.a(gap.o)
                0x00004be0                at_ble_init
 .text.at_ble_addr_set
                0x00004d48       0x54 ..\src\thirdparty\wireless\ble_sdk\lib\cm0p\gcc\libble_sdk.a(gap.o)
                0x00004d48                at_ble_addr_set
 .text.at_ble_adv_data_set
                0x00004d9c       0x84 ..\src\thirdparty\wireless\ble_sdk\lib\cm0p\gcc\libble_sdk.a(gap.o)
                0x00004d9c                at_ble_adv_data_set
 .text.at_ble_adv_start
                0x00004e20      0x13c ..\src\thirdparty\wireless\ble_sdk\lib\cm0p\gcc\libble_sdk.a(gap.o)
                0x00004e20                at_ble_adv_start
 .text.at_ble_scan_stop
                0x00004f5c       0x20 ..\src\thirdparty\wireless\ble_sdk\lib\cm0p\gcc\libble_sdk.a(gap.o)
                0x00004f5c                at_ble_scan_stop
 .text.at_ble_disconnect
                0x00004f7c       0x20 ..\src\thirdparty\wireless\ble_sdk\lib\cm0p\gcc\libble_sdk.a(gap.o)
                0x00004f7c                at_ble_disconnect
 .text.at_ble_conn_update_reply
                0x00004f9c       0x40 ..\src\thirdparty\wireless\ble_sdk\lib\cm0p\gcc\libble_sdk.a(gap.o)
                0x00004f9c                at_ble_conn_update_reply
 .text.at_ble_random_address_resolve
                0x00004fdc       0x28 ..\src\thirdparty\wireless\ble_sdk\lib\cm0p\gcc\libble_sdk.a(gap.o)
                0x00004fdc                at_ble_random_address_resolve
 .text.at_ble_uuid_type2len
                0x00005004       0x14 ..\src\thirdparty\wireless\ble_sdk\lib\cm0p\gcc\libble_sdk.a(gap.o)
                0x00005004                at_ble_uuid_type2len
 .text.at_ble_uuid_len2type
                0x00005018       0x14 ..\src\thirdparty\wireless\ble_sdk\lib\cm0p\gcc\libble_sdk.a(gap.o)
                0x00005018                at_ble_uuid_len2type
 .text.db_searchATT
                0x0000502c       0x40 ..\src\thirdparty\wireless\ble_sdk\lib\cm0p\gcc\libble_sdk.a(gatt_server.o)
 .text.att_permissions
                0x0000506c       0x3c ..\src\thirdparty\wireless\ble_sdk\lib\cm0p\gcc\libble_sdk.a(gatt_server.o)
 .text.char_permissions
                0x000050a8       0x88 ..\src\thirdparty\wireless\ble_sdk\lib\cm0p\gcc\libble_sdk.a(gatt_server.o)
 .text.presentation_format_define
                0x00005130       0x2c ..\src\thirdparty\wireless\ble_sdk\lib\cm0p\gcc\libble_sdk.a(gatt_server.o)
 .text.db_addATT
                0x0000515c       0xa8 ..\src\thirdparty\wireless\ble_sdk\lib\cm0p\gcc\libble_sdk.a(gatt_server.o)
 .text.user_description_define
                0x00005204       0x70 ..\src\thirdparty\wireless\ble_sdk\lib\cm0p\gcc\libble_sdk.a(gatt_server.o)
 .text.at_ble_read_authorize_reply.part.2
                0x00005274       0x30 ..\src\thirdparty\wireless\ble_sdk\lib\cm0p\gcc\libble_sdk.a(gatt_server.o)
 .text.internal_at_ble_service_define.part.1
                0x000052a4      0x364 ..\src\thirdparty\wireless\ble_sdk\lib\cm0p\gcc\libble_sdk.a(gatt_server.o)
 .text.db_init  0x00005608       0x38 ..\src\thirdparty\wireless\ble_sdk\lib\cm0p\gcc\libble_sdk.a(gatt_server.o)
                0x00005608                db_init
 .text.at_ble_service_define
                0x00005640      0x498 ..\src\thirdparty\wireless\ble_sdk\lib\cm0p\gcc\libble_sdk.a(gatt_server.o)
                0x00005640                at_ble_service_define
 .text.at_ble_primary_service_define
                0x00005ad8       0x34 ..\src\thirdparty\wireless\ble_sdk\lib\cm0p\gcc\libble_sdk.a(gatt_server.o)
                0x00005ad8                at_ble_primary_service_define
 .text.at_ble_characteristic_value_set
                0x00005b0c       0x3c ..\src\thirdparty\wireless\ble_sdk\lib\cm0p\gcc\libble_sdk.a(gatt_server.o)
                0x00005b0c                at_ble_characteristic_value_set
 .text.at_ble_characteristic_value_get
                0x00005b48       0x40 ..\src\thirdparty\wireless\ble_sdk\lib\cm0p\gcc\libble_sdk.a(gatt_server.o)
                0x00005b48                at_ble_characteristic_value_get
 .text.at_ble_descriptor_value_set
                0x00005b88        0xc ..\src\thirdparty\wireless\ble_sdk\lib\cm0p\gcc\libble_sdk.a(gatt_server.o)
                0x00005b88                at_ble_descriptor_value_set
 .text.at_ble_descriptor_value_get
                0x00005b94        0xc ..\src\thirdparty\wireless\ble_sdk\lib\cm0p\gcc\libble_sdk.a(gatt_server.o)
                0x00005b94                at_ble_descriptor_value_get
 .text.at_ble_write_authorize_reply
                0x00005ba0       0x88 ..\src\thirdparty\wireless\ble_sdk\lib\cm0p\gcc\libble_sdk.a(gatt_server.o)
                0x00005ba0                at_ble_write_authorize_reply
 .text.gatts_handle_read_req
                0x00005c28       0x30 ..\src\thirdparty\wireless\ble_sdk\lib\cm0p\gcc\libble_sdk.a(gatt_server.o)
                0x00005c28                gatts_handle_read_req
 .text.gatts_handle_att_info_req
                0x00005c58       0x3c ..\src\thirdparty\wireless\ble_sdk\lib\cm0p\gcc\libble_sdk.a(gatt_server.o)
                0x00005c58                gatts_handle_att_info_req
 .text.gatts_handle_write_req
                0x00005c94       0x30 ..\src\thirdparty\wireless\ble_sdk\lib\cm0p\gcc\libble_sdk.a(gatt_server.o)
                0x00005c94                gatts_handle_write_req
 .text.at_ble_notification_send
                0x00005cc4       0x74 ..\src\thirdparty\wireless\ble_sdk\lib\cm0p\gcc\libble_sdk.a(gatt_server.o)
                0x00005cc4                at_ble_notification_send
 .text.interface_event_timeout_timer_callback
                0x00005d38        0xc ..\src\thirdparty\wireless\ble_sdk\lib\cm0p\gcc\libble_sdk.a(interface.o)
 .text.interface_create_timer
                0x00005d44       0x2c ..\src\thirdparty\wireless\ble_sdk\lib\cm0p\gcc\libble_sdk.a(interface.o)
 .text.interface_timer_callback
                0x00005d70       0x70 ..\src\thirdparty\wireless\ble_sdk\lib\cm0p\gcc\libble_sdk.a(interface.o)
 .text.interface_start_timer.part.1
                0x00005de0       0x24 ..\src\thirdparty\wireless\ble_sdk\lib\cm0p\gcc\libble_sdk.a(interface.o)
 .text.interface_stop_timer
                0x00005e04       0x48 ..\src\thirdparty\wireless\ble_sdk\lib\cm0p\gcc\libble_sdk.a(interface.o)
 .text.interface_check_and_assert_ext_wakeup
                0x00005e4c       0x60 ..\src\thirdparty\wireless\ble_sdk\lib\cm0p\gcc\libble_sdk.a(interface.o)
 .text.interface_recv_async
                0x00005eac       0x68 ..\src\thirdparty\wireless\ble_sdk\lib\cm0p\gcc\libble_sdk.a(interface.o)
                0x00005eac                interface_recv_async
 .text.interface_bus_activity_timer_callback
                0x00005f14       0x58 ..\src\thirdparty\wireless\ble_sdk\lib\cm0p\gcc\libble_sdk.a(interface.o)
 .text.interface_handle_received_data
                0x00005f6c      0x28c ..\src\thirdparty\wireless\ble_sdk\lib\cm0p\gcc\libble_sdk.a(interface.o)
                0x00005f6c                interface_handle_received_data
 .text.interface_send_sync
                0x000061f8       0x4c ..\src\thirdparty\wireless\ble_sdk\lib\cm0p\gcc\libble_sdk.a(interface.o)
                0x000061f8                interface_send_sync
 .text.interface_init
                0x00006244      0x154 ..\src\thirdparty\wireless\ble_sdk\lib\cm0p\gcc\libble_sdk.a(interface.o)
                0x00006244                interface_init
 .text.interface_event_timeout_start_timer
                0x00006398       0x24 ..\src\thirdparty\wireless\ble_sdk\lib\cm0p\gcc\libble_sdk.a(interface.o)
                0x00006398                interface_event_timeout_start_timer
 .text.interface_event_timeout_stop_timer
                0x000063bc       0x14 ..\src\thirdparty\wireless\ble_sdk\lib\cm0p\gcc\libble_sdk.a(interface.o)
                0x000063bc                interface_event_timeout_stop_timer
 .text.interface_cmd_cmpl_timeout_start_timer
                0x000063d0       0x24 ..\src\thirdparty\wireless\ble_sdk\lib\cm0p\gcc\libble_sdk.a(interface.o)
                0x000063d0                interface_cmd_cmpl_timeout_start_timer
 .text.interface_cmd_cmpl_timeout_stop_timer
                0x000063f4       0x14 ..\src\thirdparty\wireless\ble_sdk\lib\cm0p\gcc\libble_sdk.a(interface.o)
                0x000063f4                interface_cmd_cmpl_timeout_stop_timer
 .text.interface_cmd_cmpl_signal
                0x00006408        0xc ..\src\thirdparty\wireless\ble_sdk\lib\cm0p\gcc\libble_sdk.a(interface.o)
                0x00006408                interface_cmd_cmpl_signal
 .text.interface_event_wait
                0x00006414       0x48 ..\src\thirdparty\wireless\ble_sdk\lib\cm0p\gcc\libble_sdk.a(interface.o)
                0x00006414                interface_event_wait
 .text.interface_cmd_cmpl_wait
                0x0000645c       0x44 ..\src\thirdparty\wireless\ble_sdk\lib\cm0p\gcc\libble_sdk.a(interface.o)
                0x0000645c                interface_cmd_cmpl_wait
 .text.l2cc_data_send_rsp_handler
                0x000064a0       0x2c ..\src\thirdparty\wireless\ble_sdk\lib\cm0p\gcc\libble_sdk.a(l2cc_task.o)
                0x000064a0                l2cc_data_send_rsp_handler
 .text.l2cc_data_received_handler
                0x000064cc       0x30 ..\src\thirdparty\wireless\ble_sdk\lib\cm0p\gcc\libble_sdk.a(l2cc_task.o)
                0x000064cc                l2cc_data_received_handler
 .text.check_enc_process.isra.0
                0x000064fc       0xa8 ..\src\thirdparty\wireless\ble_sdk\lib\cm0p\gcc\libble_sdk.a(security.o)
 .text.at_ble_authenticate
                0x000065a4      0x20c ..\src\thirdparty\wireless\ble_sdk\lib\cm0p\gcc\libble_sdk.a(security.o)
                0x000065a4                at_ble_authenticate
 .text.at_ble_pair_key_reply
                0x000067b0       0xa8 ..\src\thirdparty\wireless\ble_sdk\lib\cm0p\gcc\libble_sdk.a(security.o)
                0x000067b0                at_ble_pair_key_reply
 .text.at_ble_send_slave_sec_request
                0x00006858       0x84 ..\src\thirdparty\wireless\ble_sdk\lib\cm0p\gcc\libble_sdk.a(security.o)
                0x00006858                at_ble_send_slave_sec_request
 .text.at_ble_encryption_start
                0x000068dc       0xc4 ..\src\thirdparty\wireless\ble_sdk\lib\cm0p\gcc\libble_sdk.a(security.o)
                0x000068dc                at_ble_encryption_start
 .text.at_ble_encryption_request_reply
                0x000069a0       0x74 ..\src\thirdparty\wireless\ble_sdk\lib\cm0p\gcc\libble_sdk.a(security.o)
                0x000069a0                at_ble_encryption_request_reply
 .text.patchFuncAndVars
                0x00006a14      0x15c ..\src\thirdparty\wireless\ble_sdk\lib\cm0p\gcc\libble_sdk.a(patch_mem_words.o)
                0x00006a14                patchFuncAndVars
 .text.__printingNullFun
                0x00006b70        0x8 ..\src\thirdparty\wireless\ble_sdk\lib\cm0p\gcc\libble_sdk.a(dbg_logs.o)
 .text.dbg_le_set_bd_addr_req_handler
                0x00006b78       0x6c ..\src\thirdparty\wireless\ble_sdk\lib\cm0p\gcc\libble_sdk.a(dbg_task.o)
                0x00006b78                dbg_le_set_bd_addr_req_handler
 .text.gapc_get_dev_info_cfm.constprop.1
                0x00006be4       0xd8 ..\src\thirdparty\wireless\ble_sdk\lib\cm0p\gcc\libble_sdk.a(gapc_task.o)
 .text.check_ConnData_idx_role
                0x00006cbc       0x3c ..\src\thirdparty\wireless\ble_sdk\lib\cm0p\gcc\libble_sdk.a(gapc_task.o)
                0x00006cbc                check_ConnData_idx_role
 .text.check_ConnData_emptyEntry
                0x00006cf8       0x28 ..\src\thirdparty\wireless\ble_sdk\lib\cm0p\gcc\libble_sdk.a(gapc_task.o)
                0x00006cf8                check_ConnData_emptyEntry
 .text.gapc_cmp_evt
                0x00006d20      0x170 ..\src\thirdparty\wireless\ble_sdk\lib\cm0p\gcc\libble_sdk.a(gapc_task.o)
                0x00006d20                gapc_cmp_evt
 .text.gapc_connection_cfm_handler
                0x00006e90       0xbc ..\src\thirdparty\wireless\ble_sdk\lib\cm0p\gcc\libble_sdk.a(gapc_task.o)
                0x00006e90                gapc_connection_cfm_handler
 .text.gapc_con_req_ind
                0x00006f4c       0xe0 ..\src\thirdparty\wireless\ble_sdk\lib\cm0p\gcc\libble_sdk.a(gapc_task.o)
                0x00006f4c                gapc_con_req_ind
 .text.gapc_disconnect_cmd_handler
                0x0000702c       0x48 ..\src\thirdparty\wireless\ble_sdk\lib\cm0p\gcc\libble_sdk.a(gapc_task.o)
                0x0000702c                gapc_disconnect_cmd_handler
 .text.gapc_disconnect_ind
                0x00007074       0x38 ..\src\thirdparty\wireless\ble_sdk\lib\cm0p\gcc\libble_sdk.a(gapc_task.o)
                0x00007074                gapc_disconnect_ind
 .text.gapc_bond_cmd_handler
                0x000070ac       0x70 ..\src\thirdparty\wireless\ble_sdk\lib\cm0p\gcc\libble_sdk.a(gapc_task.o)
                0x000070ac                gapc_bond_cmd_handler
 .text.gapc_bond_ind
                0x0000711c       0xd8 ..\src\thirdparty\wireless\ble_sdk\lib\cm0p\gcc\libble_sdk.a(gapc_task.o)
                0x0000711c                gapc_bond_ind
 .text.gapc_bond_req_ind
                0x000071f4       0xe8 ..\src\thirdparty\wireless\ble_sdk\lib\cm0p\gcc\libble_sdk.a(gapc_task.o)
                0x000071f4                gapc_bond_req_ind
 .text.gapc_bond_cfm_handler_pair_resp
                0x000072dc       0x84 ..\src\thirdparty\wireless\ble_sdk\lib\cm0p\gcc\libble_sdk.a(gapc_task.o)
                0x000072dc                gapc_bond_cfm_handler_pair_resp
 .text.gapc_bond_cfm_handler_key_exch
                0x00007360       0x58 ..\src\thirdparty\wireless\ble_sdk\lib\cm0p\gcc\libble_sdk.a(gapc_task.o)
                0x00007360                gapc_bond_cfm_handler_key_exch
 .text.gapc_security_cmd_handler
                0x000073b8       0x48 ..\src\thirdparty\wireless\ble_sdk\lib\cm0p\gcc\libble_sdk.a(gapc_task.o)
                0x000073b8                gapc_security_cmd_handler
 .text.gapc_encrypt_cmd_handler
                0x00007400       0x9c ..\src\thirdparty\wireless\ble_sdk\lib\cm0p\gcc\libble_sdk.a(gapc_task.o)
                0x00007400                gapc_encrypt_cmd_handler
 .text.gapc_encrypt_req_ind
                0x0000749c       0x20 ..\src\thirdparty\wireless\ble_sdk\lib\cm0p\gcc\libble_sdk.a(gapc_task.o)
                0x0000749c                gapc_encrypt_req_ind
 .text.gapc_encrypt_cfm_handler
                0x000074bc       0x84 ..\src\thirdparty\wireless\ble_sdk\lib\cm0p\gcc\libble_sdk.a(gapc_task.o)
                0x000074bc                gapc_encrypt_cfm_handler
 .text.gapc_encrypt_ind
                0x00007540        0xe ..\src\thirdparty\wireless\ble_sdk\lib\cm0p\gcc\libble_sdk.a(gapc_task.o)
                0x00007540                gapc_encrypt_ind
 *fill*         0x0000754e        0x2 
 .text.gapc_param_update_cfm_handler
                0x00007550       0x50 ..\src\thirdparty\wireless\ble_sdk\lib\cm0p\gcc\libble_sdk.a(gapc_task.o)
                0x00007550                gapc_param_update_cfm_handler
 .text.gapc_param_updated_ind
                0x000075a0       0x2a ..\src\thirdparty\wireless\ble_sdk\lib\cm0p\gcc\libble_sdk.a(gapc_task.o)
                0x000075a0                gapc_param_updated_ind
 .text.gapc_param_updated_req_ind
                0x000075ca       0x30 ..\src\thirdparty\wireless\ble_sdk\lib\cm0p\gcc\libble_sdk.a(gapc_task.o)
                0x000075ca                gapc_param_updated_req_ind
 *fill*         0x000075fa        0x2 
 .text.gapc_dev_info_req_ind_handler
                0x000075fc       0x58 ..\src\thirdparty\wireless\ble_sdk\lib\cm0p\gcc\libble_sdk.a(gapc_task.o)
                0x000075fc                gapc_dev_info_req_ind_handler
 .text.gapc_sec_req_ind
                0x00007654       0x16 ..\src\thirdparty\wireless\ble_sdk\lib\cm0p\gcc\libble_sdk.a(gapc_task.o)
                0x00007654                gapc_sec_req_ind
 .text.gapc_sign_counter_ind_handler
                0x0000766a       0x34 ..\src\thirdparty\wireless\ble_sdk\lib\cm0p\gcc\libble_sdk.a(gapc_task.o)
                0x0000766a                gapc_sign_counter_ind_handler
 *fill*         0x0000769e        0x2 
 .text.gapc_peer_att_info_ind_handler
                0x000076a0       0x7c ..\src\thirdparty\wireless\ble_sdk\lib\cm0p\gcc\libble_sdk.a(gapc_task.o)
                0x000076a0                gapc_peer_att_info_ind_handler
 .text.gapc_con_channel_map_ind_handler
                0x0000771c       0x18 ..\src\thirdparty\wireless\ble_sdk\lib\cm0p\gcc\libble_sdk.a(gapc_task.o)
                0x0000771c                gapc_con_channel_map_ind_handler
 .text.gapc_lecb_connected
                0x00007734       0x2e ..\src\thirdparty\wireless\ble_sdk\lib\cm0p\gcc\libble_sdk.a(gapc_task.o)
                0x00007734                gapc_lecb_connected
 .text.gapc_lecb_disconnected
                0x00007762       0x16 ..\src\thirdparty\wireless\ble_sdk\lib\cm0p\gcc\libble_sdk.a(gapc_task.o)
                0x00007762                gapc_lecb_disconnected
 .text.gapc_lecb_connect_req_ind
                0x00007778       0x2a ..\src\thirdparty\wireless\ble_sdk\lib\cm0p\gcc\libble_sdk.a(gapc_task.o)
                0x00007778                gapc_lecb_connect_req_ind
 .text.gapc_lecb_add_credit_resp_handler
                0x000077a2       0x20 ..\src\thirdparty\wireless\ble_sdk\lib\cm0p\gcc\libble_sdk.a(gapc_task.o)
                0x000077a2                gapc_lecb_add_credit_resp_handler
 *fill*         0x000077c2        0x2 
 .text.gapm_reset_req_handler
                0x000077c4       0x90 ..\src\thirdparty\wireless\ble_sdk\lib\cm0p\gcc\libble_sdk.a(gapm_task.o)
                0x000077c4                gapm_reset_req_handler
 .text.gapm_set_dev_config_cmd_handler
                0x00007854      0x124 ..\src\thirdparty\wireless\ble_sdk\lib\cm0p\gcc\libble_sdk.a(gapm_task.o)
                0x00007854                gapm_set_dev_config_cmd_handler
 .text.gapm_get_dev_config_cmd_handler
                0x00007978       0xd8 ..\src\thirdparty\wireless\ble_sdk\lib\cm0p\gcc\libble_sdk.a(gapm_task.o)
                0x00007978                gapm_get_dev_config_cmd_handler
 .text.gapm_cancel_cmd_handler
                0x00007a50       0x64 ..\src\thirdparty\wireless\ble_sdk\lib\cm0p\gcc\libble_sdk.a(gapm_task.o)
                0x00007a50                gapm_cancel_cmd_handler
 .text.gapm_dev_bdaddr_ind_handler
                0x00007ab4       0x1c ..\src\thirdparty\wireless\ble_sdk\lib\cm0p\gcc\libble_sdk.a(gapm_task.o)
                0x00007ab4                gapm_dev_bdaddr_ind_handler
 .text.gapm_cmp_evt
                0x00007ad0      0x174 ..\src\thirdparty\wireless\ble_sdk\lib\cm0p\gcc\libble_sdk.a(gapm_task.o)
                0x00007ad0                gapm_cmp_evt
 .text.gapm_start_adv_cmd_handler
                0x00007c44      0x114 ..\src\thirdparty\wireless\ble_sdk\lib\cm0p\gcc\libble_sdk.a(gapm_task.o)
                0x00007c44                gapm_start_adv_cmd_handler
 .text.get_gap_local_addr_type
                0x00007d58       0x18 ..\src\thirdparty\wireless\ble_sdk\lib\cm0p\gcc\libble_sdk.a(gapm_task.o)
                0x00007d58                get_gap_local_addr_type
 .text.gapm_adv_report_evt_handler
                0x00007d70       0x88 ..\src\thirdparty\wireless\ble_sdk\lib\cm0p\gcc\libble_sdk.a(gapm_task.o)
                0x00007d70                gapm_adv_report_evt_handler
 .text.gapm_resolv_addr_cmd_handler
                0x00007df8       0x70 ..\src\thirdparty\wireless\ble_sdk\lib\cm0p\gcc\libble_sdk.a(gapm_task.o)
                0x00007df8                gapm_resolv_addr_cmd_handler
 .text.gapm_addr_solved_ind_handler
                0x00007e68       0x24 ..\src\thirdparty\wireless\ble_sdk\lib\cm0p\gcc\libble_sdk.a(gapm_task.o)
                0x00007e68                gapm_addr_solved_ind_handler
 .text.gapm_profile_added_ind_handler
                0x00007e8c       0x20 ..\src\thirdparty\wireless\ble_sdk\lib\cm0p\gcc\libble_sdk.a(gapm_task.o)
                0x00007e8c                gapm_profile_added_ind_handler
 .text.gattc_read_req_ind_parser
                0x00007eac        0xc ..\src\thirdparty\wireless\ble_sdk\lib\cm0p\gcc\libble_sdk.a(gattc_task.o)
                0x00007eac                gattc_read_req_ind_parser
 .text.gattc_write_req_ind_parser
                0x00007eb8       0x38 ..\src\thirdparty\wireless\ble_sdk\lib\cm0p\gcc\libble_sdk.a(gattc_task.o)
                0x00007eb8                gattc_write_req_ind_parser
 .text.gattc_att_info_req_parser
                0x00007ef0        0xc ..\src\thirdparty\wireless\ble_sdk\lib\cm0p\gcc\libble_sdk.a(gattc_task.o)
                0x00007ef0                gattc_att_info_req_parser
 .text.gattc_read_cfm
                0x00007efc       0x74 ..\src\thirdparty\wireless\ble_sdk\lib\cm0p\gcc\libble_sdk.a(gattc_task.o)
                0x00007efc                gattc_read_cfm
 .text.gattc_write_cfm
                0x00007f70       0x48 ..\src\thirdparty\wireless\ble_sdk\lib\cm0p\gcc\libble_sdk.a(gattc_task.o)
                0x00007f70                gattc_write_cfm
 .text.gattc_att_info_cfm
                0x00007fb8       0x4c ..\src\thirdparty\wireless\ble_sdk\lib\cm0p\gcc\libble_sdk.a(gattc_task.o)
                0x00007fb8                gattc_att_info_cfm
 .text.gattc_send_evt_cmd_handler
                0x00008004       0x80 ..\src\thirdparty\wireless\ble_sdk\lib\cm0p\gcc\libble_sdk.a(gattc_task.o)
                0x00008004                gattc_send_evt_cmd_handler
 .text.gattc_event_cfm_handler
                0x00008084       0x48 ..\src\thirdparty\wireless\ble_sdk\lib\cm0p\gcc\libble_sdk.a(gattc_task.o)
                0x00008084                gattc_event_cfm_handler
 .text.gattc_disc_svc_ind_parser
                0x000080cc       0x3c ..\src\thirdparty\wireless\ble_sdk\lib\cm0p\gcc\libble_sdk.a(gattc_task.o)
                0x000080cc                gattc_disc_svc_ind_parser
 .text.gattc_disc_svc_incl_ind_parser
                0x00008108       0x48 ..\src\thirdparty\wireless\ble_sdk\lib\cm0p\gcc\libble_sdk.a(gattc_task.o)
                0x00008108                gattc_disc_svc_incl_ind_parser
 .text.gattc_disc_char_ind_parser
                0x00008150       0x44 ..\src\thirdparty\wireless\ble_sdk\lib\cm0p\gcc\libble_sdk.a(gattc_task.o)
                0x00008150                gattc_disc_char_ind_parser
 .text.gattc_disc_char_desc_ind_parser
                0x00008194       0x34 ..\src\thirdparty\wireless\ble_sdk\lib\cm0p\gcc\libble_sdk.a(gattc_task.o)
                0x00008194                gattc_disc_char_desc_ind_parser
 .text.gattc_event_ind_and_notification_parser
                0x000081c8       0x54 ..\src\thirdparty\wireless\ble_sdk\lib\cm0p\gcc\libble_sdk.a(gattc_task.o)
                0x000081c8                gattc_event_ind_and_notification_parser
 .text.gattc_complete_evt_handler
                0x0000821c       0xd0 ..\src\thirdparty\wireless\ble_sdk\lib\cm0p\gcc\libble_sdk.a(gattc_task.o)
                0x0000821c                gattc_complete_evt_handler
 .text.gattc_event_mtu_changed_ind_parser
                0x000082ec       0x10 ..\src\thirdparty\wireless\ble_sdk\lib\cm0p\gcc\libble_sdk.a(gattc_task.o)
                0x000082ec                gattc_event_mtu_changed_ind_parser
 .text.gattc_read_ind_parser
                0x000082fc       0x40 ..\src\thirdparty\wireless\ble_sdk\lib\cm0p\gcc\libble_sdk.a(gattc_task.o)
                0x000082fc                gattc_read_ind_parser
 .text.gattc_svc_changed_cfg_ind_parser
                0x0000833c       0x10 ..\src\thirdparty\wireless\ble_sdk\lib\cm0p\gcc\libble_sdk.a(gattc_task.o)
                0x0000833c                gattc_svc_changed_cfg_ind_parser
 .text.gattm_add_svc_req_handler
                0x0000834c      0x108 ..\src\thirdparty\wireless\ble_sdk\lib\cm0p\gcc\libble_sdk.a(gattm_task.o)
                0x0000834c                gattm_add_svc_req_handler
 .text.gattm_add_attribute_req_handler
                0x00008454       0x98 ..\src\thirdparty\wireless\ble_sdk\lib\cm0p\gcc\libble_sdk.a(gattm_task.o)
                0x00008454                gattm_add_attribute_req_handler
 .text.gattm_att_set_value_req_handler
                0x000084ec       0x88 ..\src\thirdparty\wireless\ble_sdk\lib\cm0p\gcc\libble_sdk.a(gattm_task.o)
                0x000084ec                gattm_att_set_value_req_handler
 .text.gattm_att_get_value_req_handler
                0x00008574       0x8c ..\src\thirdparty\wireless\ble_sdk\lib\cm0p\gcc\libble_sdk.a(gattm_task.o)
                0x00008574                gattm_att_get_value_req_handler
 .text.htpt_enable_rsp_handler
                0x00008600        0xa ..\src\thirdparty\wireless\ble_sdk\lib\cm0p\gcc\libble_sdk.a(htpt_task.o)
                0x00008600                htpt_enable_rsp_handler
 .text.htpt_temp_send_rsp_handler
                0x0000860a        0x6 ..\src\thirdparty\wireless\ble_sdk\lib\cm0p\gcc\libble_sdk.a(htpt_task.o)
                0x0000860a                htpt_temp_send_rsp_handler
 .text.htpt_meas_intv_upd_rsp_handler
                0x00008610        0x6 ..\src\thirdparty\wireless\ble_sdk\lib\cm0p\gcc\libble_sdk.a(htpt_task.o)
                0x00008610                htpt_meas_intv_upd_rsp_handler
 .text.htpt_meas_intv_chg_req_ind_handler
                0x00008616        0xc ..\src\thirdparty\wireless\ble_sdk\lib\cm0p\gcc\libble_sdk.a(htpt_task.o)
                0x00008616                htpt_meas_intv_chg_req_ind_handler
 .text.htpt_cfg_indntf_ind_handler
                0x00008622        0xa ..\src\thirdparty\wireless\ble_sdk\lib\cm0p\gcc\libble_sdk.a(htpt_task.o)
                0x00008622                htpt_cfg_indntf_ind_handler
 .text.write_32_to_BTLC1000
                0x0000862c       0x34 ..\src\thirdparty\wireless\ble_sdk\lib\cm0p\gcc\libble_sdk.a(at_ble_patch.o)
                0x0000862c                write_32_to_BTLC1000
 .text.patch_init
                0x00008660      0x134 ..\src\thirdparty\wireless\ble_sdk\lib\cm0p\gcc\libble_sdk.a(at_ble_patch.o)
                0x00008660                patch_init
 .text.fifo_init
                0x00008794       0x20 ..\src\thirdparty\wireless\ble_sdk\lib\cm0p\gcc\libble_sdk.a(fifo.o)
                0x00008794                fifo_init
 .text.fifo_empty
                0x000087b4        0xe ..\src\thirdparty\wireless\ble_sdk\lib\cm0p\gcc\libble_sdk.a(fifo.o)
                0x000087b4                fifo_empty
 .text.fifo_full
                0x000087c2       0x12 ..\src\thirdparty\wireless\ble_sdk\lib\cm0p\gcc\libble_sdk.a(fifo.o)
                0x000087c2                fifo_full
 .text.fifo_get
                0x000087d4       0x22 ..\src\thirdparty\wireless\ble_sdk\lib\cm0p\gcc\libble_sdk.a(fifo.o)
                0x000087d4                fifo_get
 *fill*         0x000087f6        0x2 
 .text.fifo_put
                0x000087f8       0x28 ..\src\thirdparty\wireless\ble_sdk\lib\cm0p\gcc\libble_sdk.a(fifo.o)
                0x000087f8                fifo_put
 .text          0x00008820       0x14 c:/program files (x86)/atmel/studio/7.0/toolchain/arm/arm-gnu-toolchain/bin/../lib/gcc/arm-none-eabi/6.3.1/thumb/v6-m\libgcc.a(_thumb1_case_sqi.o)
                0x00008820                __gnu_thumb1_case_sqi
 .text          0x00008834       0x14 c:/program files (x86)/atmel/studio/7.0/toolchain/arm/arm-gnu-toolchain/bin/../lib/gcc/arm-none-eabi/6.3.1/thumb/v6-m\libgcc.a(_thumb1_case_uqi.o)
                0x00008834                __gnu_thumb1_case_uqi
 .text          0x00008848      0x114 c:/program files (x86)/atmel/studio/7.0/toolchain/arm/arm-gnu-toolchain/bin/../lib/gcc/arm-none-eabi/6.3.1/thumb/v6-m\libgcc.a(_udivsi3.o)
                0x00008848                __aeabi_uidiv
                0x00008848                __udivsi3
                0x00008954                __aeabi_uidivmod
 .text          0x0000895c        0x4 c:/program files (x86)/atmel/studio/7.0/toolchain/arm/arm-gnu-toolchain/bin/../lib/gcc/arm-none-eabi/6.3.1/thumb/v6-m\libgcc.a(_dvmd_tls.o)
                0x0000895c                __aeabi_idiv0
                0x0000895c                __aeabi_ldiv0
 .text          0x00008960       0x54 c:/program files (x86)/atmel/studio/7.0/toolchain/arm/arm-gnu-toolchain/bin/../lib/gcc/arm-none-eabi/6.3.1/thumb/v6-m\libgcc.a(_muldi3.o)
                0x00008960                __muldi3
                0x00008960                __aeabi_lmul
 .text          0x000089b4       0x14 c:/program files (x86)/atmel/studio/7.0/toolchain/arm/arm-gnu-toolchain/bin/../lib/gcc/arm-none-eabi/6.3.1/thumb/v6-m\libgcc.a(_ffssi2.o)
                0x000089b4                __ffssi2
 .text          0x000089c8       0x40 c:/program files (x86)/atmel/studio/7.0/toolchain/arm/arm-gnu-toolchain/bin/../lib/gcc/arm-none-eabi/6.3.1/thumb/v6-m\libgcc.a(_ctzsi2.o)
                0x000089c8                __ctzsi2
 .text.__libc_init_array
                0x00008a08       0x48 c:/program files (x86)/atmel/studio/7.0/toolchain/arm/arm-gnu-toolchain/bin/../lib/gcc/arm-none-eabi/6.3.1/../../../../arm-none-eabi/lib/thumb/v6-m\libc_nano.a(lib_a-init.o)
                0x00008a08                __libc_init_array
 .text.memcmp   0x00008a50       0x1e c:/program files (x86)/atmel/studio/7.0/toolchain/arm/arm-gnu-toolchain/bin/../lib/gcc/arm-none-eabi/6.3.1/../../../../arm-none-eabi/lib/thumb/v6-m\libc_nano.a(lib_a-memcmp.o)
                0x00008a50                memcmp
 .text.memcpy   0x00008a6e       0x12 c:/program files (x86)/atmel/studio/7.0/toolchain/arm/arm-gnu-toolchain/bin/../lib/gcc/arm-none-eabi/6.3.1/../../../../arm-none-eabi/lib/thumb/v6-m\libc_nano.a(lib_a-memcpy-stub.o)
                0x00008a6e                memcpy
 .text.memset   0x00008a80       0x10 c:/program files (x86)/atmel/studio/7.0/toolchain/arm/arm-gnu-toolchain/bin/../lib/gcc/arm-none-eabi/6.3.1/../../../../arm-none-eabi/lib/thumb/v6-m\libc_nano.a(lib_a-memset.o)
                0x00008a80                memset
 .text.printf   0x00008a90       0x34 c:/program files (x86)/atmel/studio/7.0/toolchain/arm/arm-gnu-toolchain/bin/../lib/gcc/arm-none-eabi/6.3.1/../../../../arm-none-eabi/lib/thumb/v6-m\libc_nano.a(lib_a-printf.o)
                0x00008a90                iprintf
                0x00008a90                printf
 .text.putchar  0x00008ac4       0x28 c:/program files (x86)/atmel/studio/7.0/toolchain/arm/arm-gnu-toolchain/bin/../lib/gcc/arm-none-eabi/6.3.1/../../../../arm-none-eabi/lib/thumb/v6-m\libc_nano.a(lib_a-putchar.o)
                0x00008ac4                putchar
 .text._puts_r  0x00008aec       0xc0 c:/program files (x86)/atmel/studio/7.0/toolchain/arm/arm-gnu-toolchain/bin/../lib/gcc/arm-none-eabi/6.3.1/../../../../arm-none-eabi/lib/thumb/v6-m\libc_nano.a(lib_a-puts.o)
                0x00008aec                _puts_r
 .text.puts     0x00008bac       0x14 c:/program files (x86)/atmel/studio/7.0/toolchain/arm/arm-gnu-toolchain/bin/../lib/gcc/arm-none-eabi/6.3.1/../../../../arm-none-eabi/lib/thumb/v6-m\libc_nano.a(lib_a-puts.o)
                0x00008bac                puts
 .text.rand     0x00008bc0       0x78 c:/program files (x86)/atmel/studio/7.0/toolchain/arm/arm-gnu-toolchain/bin/../lib/gcc/arm-none-eabi/6.3.1/../../../../arm-none-eabi/lib/thumb/v6-m\libc_nano.a(lib_a-rand.o)
                0x00008bc0                rand
 .text.__srget_r
                0x00008c38       0x60 c:/program files (x86)/atmel/studio/7.0/toolchain/arm/arm-gnu-toolchain/bin/../lib/gcc/arm-none-eabi/6.3.1/../../../../arm-none-eabi/lib/thumb/v6-m\libc_nano.a(lib_a-rget.o)
                0x00008c38                __srget_r
 .text.setbuf   0x00008c98       0x12 c:/program files (x86)/atmel/studio/7.0/toolchain/arm/arm-gnu-toolchain/bin/../lib/gcc/arm-none-eabi/6.3.1/../../../../arm-none-eabi/lib/thumb/v6-m\libc_nano.a(lib_a-setbuf.o)
                0x00008c98                setbuf
 *fill*         0x00008caa        0x2 
 .text.setvbuf  0x00008cac      0x158 c:/program files (x86)/atmel/studio/7.0/toolchain/arm/arm-gnu-toolchain/bin/../lib/gcc/arm-none-eabi/6.3.1/../../../../arm-none-eabi/lib/thumb/v6-m\libc_nano.a(lib_a-setvbuf.o)
                0x00008cac                setvbuf
 .text.__swbuf_r
                0x00008e04       0xac c:/program files (x86)/atmel/studio/7.0/toolchain/arm/arm-gnu-toolchain/bin/../lib/gcc/arm-none-eabi/6.3.1/../../../../arm-none-eabi/lib/thumb/v6-m\libc_nano.a(lib_a-wbuf.o)
                0x00008e04                __swbuf_r
 .text.__swsetup_r
                0x00008eb0       0xec c:/program files (x86)/atmel/studio/7.0/toolchain/arm/arm-gnu-toolchain/bin/../lib/gcc/arm-none-eabi/6.3.1/../../../../arm-none-eabi/lib/thumb/v6-m\libc_nano.a(lib_a-wsetup.o)
                0x00008eb0                __swsetup_r
 .text.__sflush_r
                0x00008f9c      0x114 c:/program files (x86)/atmel/studio/7.0/toolchain/arm/arm-gnu-toolchain/bin/../lib/gcc/arm-none-eabi/6.3.1/../../../../arm-none-eabi/lib/thumb/v6-m\libc_nano.a(lib_a-fflush.o)
                0x00008f9c                __sflush_r
 .text._fflush_r
                0x000090b0       0x58 c:/program files (x86)/atmel/studio/7.0/toolchain/arm/arm-gnu-toolchain/bin/../lib/gcc/arm-none-eabi/6.3.1/../../../../arm-none-eabi/lib/thumb/v6-m\libc_nano.a(lib_a-fflush.o)
                0x000090b0                _fflush_r
 .text.fflush   0x00009108       0x28 c:/program files (x86)/atmel/studio/7.0/toolchain/arm/arm-gnu-toolchain/bin/../lib/gcc/arm-none-eabi/6.3.1/../../../../arm-none-eabi/lib/thumb/v6-m\libc_nano.a(lib_a-fflush.o)
                0x00009108                fflush
 .text._cleanup_r
                0x00009130       0x10 c:/program files (x86)/atmel/studio/7.0/toolchain/arm/arm-gnu-toolchain/bin/../lib/gcc/arm-none-eabi/6.3.1/../../../../arm-none-eabi/lib/thumb/v6-m\libc_nano.a(lib_a-findfp.o)
                0x00009130                _cleanup_r
 .text.std.isra.0
                0x00009140       0x48 c:/program files (x86)/atmel/studio/7.0/toolchain/arm/arm-gnu-toolchain/bin/../lib/gcc/arm-none-eabi/6.3.1/../../../../arm-none-eabi/lib/thumb/v6-m\libc_nano.a(lib_a-findfp.o)
 .text.__sfmoreglue
                0x00009188       0x2c c:/program files (x86)/atmel/studio/7.0/toolchain/arm/arm-gnu-toolchain/bin/../lib/gcc/arm-none-eabi/6.3.1/../../../../arm-none-eabi/lib/thumb/v6-m\libc_nano.a(lib_a-findfp.o)
                0x00009188                __sfmoreglue
 .text.__sinit  0x000091b4       0x68 c:/program files (x86)/atmel/studio/7.0/toolchain/arm/arm-gnu-toolchain/bin/../lib/gcc/arm-none-eabi/6.3.1/../../../../arm-none-eabi/lib/thumb/v6-m\libc_nano.a(lib_a-findfp.o)
                0x000091b4                __sinit
 .text.__sfp    0x0000921c       0x80 c:/program files (x86)/atmel/studio/7.0/toolchain/arm/arm-gnu-toolchain/bin/../lib/gcc/arm-none-eabi/6.3.1/../../../../arm-none-eabi/lib/thumb/v6-m\libc_nano.a(lib_a-findfp.o)
                0x0000921c                __sfp
 .text._fwalk   0x0000929c       0x38 c:/program files (x86)/atmel/studio/7.0/toolchain/arm/arm-gnu-toolchain/bin/../lib/gcc/arm-none-eabi/6.3.1/../../../../arm-none-eabi/lib/thumb/v6-m\libc_nano.a(lib_a-fwalk.o)
                0x0000929c                _fwalk
 .text._fwalk_reent
                0x000092d4       0x42 c:/program files (x86)/atmel/studio/7.0/toolchain/arm/arm-gnu-toolchain/bin/../lib/gcc/arm-none-eabi/6.3.1/../../../../arm-none-eabi/lib/thumb/v6-m\libc_nano.a(lib_a-fwalk.o)
                0x000092d4                _fwalk_reent
 *fill*         0x00009316        0x2 
 .text.__swhatbuf_r
                0x00009318       0x50 c:/program files (x86)/atmel/studio/7.0/toolchain/arm/arm-gnu-toolchain/bin/../lib/gcc/arm-none-eabi/6.3.1/../../../../arm-none-eabi/lib/thumb/v6-m\libc_nano.a(lib_a-makebuf.o)
                0x00009318                __swhatbuf_r
 .text.__smakebuf_r
                0x00009368       0x88 c:/program files (x86)/atmel/studio/7.0/toolchain/arm/arm-gnu-toolchain/bin/../lib/gcc/arm-none-eabi/6.3.1/../../../../arm-none-eabi/lib/thumb/v6-m\libc_nano.a(lib_a-makebuf.o)
                0x00009368                __smakebuf_r
 .text.malloc   0x000093f0       0x14 c:/program files (x86)/atmel/studio/7.0/toolchain/arm/arm-gnu-toolchain/bin/../lib/gcc/arm-none-eabi/6.3.1/../../../../arm-none-eabi/lib/thumb/v6-m\libc_nano.a(lib_a-malloc.o)
                0x000093f0                malloc
 .text._free_r  0x00009404       0x94 c:/program files (x86)/atmel/studio/7.0/toolchain/arm/arm-gnu-toolchain/bin/../lib/gcc/arm-none-eabi/6.3.1/../../../../arm-none-eabi/lib/thumb/v6-m\libc_nano.a(lib_a-nano-freer.o)
                0x00009404                _free_r
 .text._malloc_r
                0x00009498       0xbc c:/program files (x86)/atmel/studio/7.0/toolchain/arm/arm-gnu-toolchain/bin/../lib/gcc/arm-none-eabi/6.3.1/../../../../arm-none-eabi/lib/thumb/v6-m\libc_nano.a(lib_a-nano-mallocr.o)
                0x00009498                _malloc_r
 .text.__sfputc_r
                0x00009554       0x2a c:/program files (x86)/atmel/studio/7.0/toolchain/arm/arm-gnu-toolchain/bin/../lib/gcc/arm-none-eabi/6.3.1/../../../../arm-none-eabi/lib/thumb/v6-m\libc_nano.a(lib_a-nano-vfprintf.o)
 .text.__sfputs_r
                0x0000957e       0x24 c:/program files (x86)/atmel/studio/7.0/toolchain/arm/arm-gnu-toolchain/bin/../lib/gcc/arm-none-eabi/6.3.1/../../../../arm-none-eabi/lib/thumb/v6-m\libc_nano.a(lib_a-nano-vfprintf.o)
                0x0000957e                __sfputs_r
 *fill*         0x000095a2        0x2 
 .text._vfprintf_r
                0x000095a4      0x238 c:/program files (x86)/atmel/studio/7.0/toolchain/arm/arm-gnu-toolchain/bin/../lib/gcc/arm-none-eabi/6.3.1/../../../../arm-none-eabi/lib/thumb/v6-m\libc_nano.a(lib_a-nano-vfprintf.o)
                0x000095a4                _vfprintf_r
                0x000095a4                _vfiprintf_r
 .text._printf_common
                0x000097dc       0xda c:/program files (x86)/atmel/studio/7.0/toolchain/arm/arm-gnu-toolchain/bin/../lib/gcc/arm-none-eabi/6.3.1/../../../../arm-none-eabi/lib/thumb/v6-m\libc_nano.a(lib_a-nano-vfprintf_i.o)
                0x000097dc                _printf_common
 *fill*         0x000098b6        0x2 
 .text._printf_i
                0x000098b8      0x234 c:/program files (x86)/atmel/studio/7.0/toolchain/arm/arm-gnu-toolchain/bin/../lib/gcc/arm-none-eabi/6.3.1/../../../../arm-none-eabi/lib/thumb/v6-m\libc_nano.a(lib_a-nano-vfprintf_i.o)
                0x000098b8                _printf_i
 .text._putc_r  0x00009aec       0x6c c:/program files (x86)/atmel/studio/7.0/toolchain/arm/arm-gnu-toolchain/bin/../lib/gcc/arm-none-eabi/6.3.1/../../../../arm-none-eabi/lib/thumb/v6-m\libc_nano.a(lib_a-putc.o)
                0x00009aec                _putc_r
 .text.lflush   0x00009b58       0x18 c:/program files (x86)/atmel/studio/7.0/toolchain/arm/arm-gnu-toolchain/bin/../lib/gcc/arm-none-eabi/6.3.1/../../../../arm-none-eabi/lib/thumb/v6-m\libc_nano.a(lib_a-refill.o)
 .text.__srefill_r
                0x00009b70      0x120 c:/program files (x86)/atmel/studio/7.0/toolchain/arm/arm-gnu-toolchain/bin/../lib/gcc/arm-none-eabi/6.3.1/../../../../arm-none-eabi/lib/thumb/v6-m\libc_nano.a(lib_a-refill.o)
                0x00009b70                __srefill_r
 .text._sbrk_r  0x00009c90       0x24 c:/program files (x86)/atmel/studio/7.0/toolchain/arm/arm-gnu-toolchain/bin/../lib/gcc/arm-none-eabi/6.3.1/../../../../arm-none-eabi/lib/thumb/v6-m\libc_nano.a(lib_a-sbrkr.o)
                0x00009c90                _sbrk_r
 .text.__sread  0x00009cb4       0x28 c:/program files (x86)/atmel/studio/7.0/toolchain/arm/arm-gnu-toolchain/bin/../lib/gcc/arm-none-eabi/6.3.1/../../../../arm-none-eabi/lib/thumb/v6-m\libc_nano.a(lib_a-stdio.o)
                0x00009cb4                __sread
 .text.__swrite
                0x00009cdc       0x38 c:/program files (x86)/atmel/studio/7.0/toolchain/arm/arm-gnu-toolchain/bin/../lib/gcc/arm-none-eabi/6.3.1/../../../../arm-none-eabi/lib/thumb/v6-m\libc_nano.a(lib_a-stdio.o)
                0x00009cdc                __swrite
 .text.__sseek  0x00009d14       0x2c c:/program files (x86)/atmel/studio/7.0/toolchain/arm/arm-gnu-toolchain/bin/../lib/gcc/arm-none-eabi/6.3.1/../../../../arm-none-eabi/lib/thumb/v6-m\libc_nano.a(lib_a-stdio.o)
                0x00009d14                __sseek
 .text.__sclose
                0x00009d40        0xc c:/program files (x86)/atmel/studio/7.0/toolchain/arm/arm-gnu-toolchain/bin/../lib/gcc/arm-none-eabi/6.3.1/../../../../arm-none-eabi/lib/thumb/v6-m\libc_nano.a(lib_a-stdio.o)
                0x00009d40                __sclose
 .text._write_r
                0x00009d4c       0x28 c:/program files (x86)/atmel/studio/7.0/toolchain/arm/arm-gnu-toolchain/bin/../lib/gcc/arm-none-eabi/6.3.1/../../../../arm-none-eabi/lib/thumb/v6-m\libc_nano.a(lib_a-writer.o)
                0x00009d4c                _write_r
 .text._close_r
                0x00009d74       0x24 c:/program files (x86)/atmel/studio/7.0/toolchain/arm/arm-gnu-toolchain/bin/../lib/gcc/arm-none-eabi/6.3.1/../../../../arm-none-eabi/lib/thumb/v6-m\libc_nano.a(lib_a-closer.o)
                0x00009d74                _close_r
 .text._fstat_r
                0x00009d98       0x24 c:/program files (x86)/atmel/studio/7.0/toolchain/arm/arm-gnu-toolchain/bin/../lib/gcc/arm-none-eabi/6.3.1/../../../../arm-none-eabi/lib/thumb/v6-m\libc_nano.a(lib_a-fstatr.o)
                0x00009d98                _fstat_r
 .text._isatty_r
                0x00009dbc       0x24 c:/program files (x86)/atmel/studio/7.0/toolchain/arm/arm-gnu-toolchain/bin/../lib/gcc/arm-none-eabi/6.3.1/../../../../arm-none-eabi/lib/thumb/v6-m\libc_nano.a(lib_a-isattyr.o)
                0x00009dbc                _isatty_r
 .text._lseek_r
                0x00009de0       0x28 c:/program files (x86)/atmel/studio/7.0/toolchain/arm/arm-gnu-toolchain/bin/../lib/gcc/arm-none-eabi/6.3.1/../../../../arm-none-eabi/lib/thumb/v6-m\libc_nano.a(lib_a-lseekr.o)
                0x00009de0                _lseek_r
 .text.memchr   0x00009e08       0x16 c:/program files (x86)/atmel/studio/7.0/toolchain/arm/arm-gnu-toolchain/bin/../lib/gcc/arm-none-eabi/6.3.1/../../../../arm-none-eabi/lib/thumb/v6-m\libc_nano.a(lib_a-memchr-stub.o)
                0x00009e08                memchr
 .text.__malloc_lock
                0x00009e1e        0x2 c:/program files (x86)/atmel/studio/7.0/toolchain/arm/arm-gnu-toolchain/bin/../lib/gcc/arm-none-eabi/6.3.1/../../../../arm-none-eabi/lib/thumb/v6-m\libc_nano.a(lib_a-mlock.o)
                0x00009e1e                __malloc_lock
 .text.__malloc_unlock
                0x00009e20        0x2 c:/program files (x86)/atmel/studio/7.0/toolchain/arm/arm-gnu-toolchain/bin/../lib/gcc/arm-none-eabi/6.3.1/../../../../arm-none-eabi/lib/thumb/v6-m\libc_nano.a(lib_a-mlock.o)
                0x00009e20                __malloc_unlock
 *fill*         0x00009e22        0x2 
 .text._read_r  0x00009e24       0x28 c:/program files (x86)/atmel/studio/7.0/toolchain/arm/arm-gnu-toolchain/bin/../lib/gcc/arm-none-eabi/6.3.1/../../../../arm-none-eabi/lib/thumb/v6-m\libc_nano.a(lib_a-readr.o)
                0x00009e24                _read_r
 *(.glue_7t)
 .glue_7t       0x00009e4c        0x0 linker stubs
 *(.glue_7)
 .glue_7        0x00009e4c        0x0 linker stubs
 *(.rodata .rodata* .gnu.linkonce.r.*)
 .rodata.str1.4
                0x00009e4c       0x18 src/hal/src/hal_io.o
 .rodata.str1.4
                0x00009e64       0x1b src/hal/src/hal_timer.o
 *fill*         0x00009e7f        0x1 
 .rodata.str1.4
                0x00009e80       0x21 src/hal/src/hal_usart_async.o
 *fill*         0x00009ea1        0x3 
 .rodata.str1.4
                0x00009ea4       0x20 src/hal/src/hal_usart_sync.o
 .rodata.str1.4
                0x00009ec4       0x22 src/hal/utils/src/utils_list.o
 *fill*         0x00009ee6        0x2 
 .rodata.str1.4
                0x00009ee8       0x28 src/hal/utils/src/utils_ringbuffer.o
 .rodata        0x00009f10       0x74 src/hid_keyboard_app.o
 .rodata.str1.4
                0x00009f84       0x77 src/hid_keyboard_app.o
 *fill*         0x00009ffb        0x1 
 .rodata        0x00009ffc        0x8 src/hpl/eic/hpl_eic.o
 .rodata.str1.4
                0x0000a004       0x19 src/hpl/eic/hpl_eic.o
 *fill*         0x0000a01d        0x3 
 .rodata        0x0000a020       0x54 src/hpl/sercom/hpl_sercom.o
 .rodata.str1.4
                0x0000a074       0x1f src/hpl/sercom/hpl_sercom.o
 *fill*         0x0000a093        0x1 
 .rodata        0x0000a094       0x14 src/hpl/tc/hpl_tc.o
 .rodata.str1.4
                0x0000a0a8       0x17 src/hpl/tc/hpl_tc.o
 *fill*         0x0000a0bf        0x1 
 .rodata        0x0000a0c0       0x74 src/thirdparty/wireless/ble_sdk/ble_profiles/hid_device/hid_device.o
 .rodata.str1.4
                0x0000a134       0x5b src/thirdparty/wireless/ble_sdk/ble_profiles/hid_device/hid_device.o
                                 0x5f (size before relaxing)
 *fill*         0x0000a18f        0x1 
 .rodata        0x0000a190      0x1bb src/thirdparty/wireless/ble_sdk/ble_services/ble_mgr/ble_manager.o
 *fill*         0x0000a34b        0x1 
 .rodata.str1.4
                0x0000a34c      0x616 src/thirdparty/wireless/ble_sdk/ble_services/ble_mgr/ble_manager.o
                                0x61a (size before relaxing)
 *fill*         0x0000a962        0x2 
 .rodata        0x0000a964        0xc src/thirdparty/wireless/ble_sdk/ble_services/device_infomation/device_info.o
 .rodata.str1.4
                0x0000a970       0x88 src/thirdparty/wireless/ble_sdk/ble_services/device_infomation/device_info.o
                                 0x8c (size before relaxing)
 .rodata.str1.4
                0x0000a9f8       0xb0 src/thirdparty/wireless/ble_sdk/ble_services/hid/hid.o
                                 0xb3 (size before relaxing)
 .rodata.__FUNCTION__.7971
                0x0000aaa8       0x11 ..\src\thirdparty\wireless\ble_sdk\lib\cm0p\gcc\libble_sdk.a(event.o)
 .rodata.str1.1
                0x0000aab9       0x6e ..\src\thirdparty\wireless\ble_sdk\lib\cm0p\gcc\libble_sdk.a(event.o)
 .rodata        0x0000ab27        0xb ..\src\thirdparty\wireless\ble_sdk\lib\cm0p\gcc\libble_sdk.a(gap.o)
 .rodata.__FUNCTION__.7955
                0x0000ab32       0x16 ..\src\thirdparty\wireless\ble_sdk\lib\cm0p\gcc\libble_sdk.a(gap.o)
 .rodata.__FUNCTION__.8096
                0x0000ab48       0x19 ..\src\thirdparty\wireless\ble_sdk\lib\cm0p\gcc\libble_sdk.a(gap.o)
 .rodata.CSWTCH.64
                0x0000ab61        0xf ..\src\thirdparty\wireless\ble_sdk\lib\cm0p\gcc\libble_sdk.a(gap.o)
 .rodata.str1.1
                0x0000ab70      0x251 ..\src\thirdparty\wireless\ble_sdk\lib\cm0p\gcc\libble_sdk.a(gap.o)
                                0x276 (size before relaxing)
 .rodata.__FUNCTION__.7934
                0x0000adc1       0x17 ..\src\thirdparty\wireless\ble_sdk\lib\cm0p\gcc\libble_sdk.a(gap.o)
 .rodata.__FUNCTION__.7888
                0x0000add8        0xc ..\src\thirdparty\wireless\ble_sdk\lib\cm0p\gcc\libble_sdk.a(gap.o)
 .rodata.CSWTCH.62
                0x0000ade4        0x3 ..\src\thirdparty\wireless\ble_sdk\lib\cm0p\gcc\libble_sdk.a(gap.o)
 .rodata.__FUNCTION__.7256
                0x0000ade7       0x18 ..\src\thirdparty\wireless\ble_sdk\lib\cm0p\gcc\libble_sdk.a(gatt_server.o)
 .rodata.str1.1
                0x0000adff       0x2d ..\src\thirdparty\wireless\ble_sdk\lib\cm0p\gcc\libble_sdk.a(gatt_server.o)
                                 0x5d (size before relaxing)
 .rodata.interface_send_msg
                0x0000ae2c        0x4 ..\src\thirdparty\wireless\ble_sdk\lib\cm0p\gcc\libble_sdk.a(interface.o)
                0x0000ae2c                interface_send_msg
 .rodata.str1.1
                0x0000ae30        0x4 ..\src\thirdparty\wireless\ble_sdk\lib\cm0p\gcc\libble_sdk.a(interface.o)
 .rodata.dummy_buffer
                0x0000ae34        0x4 ..\src\thirdparty\wireless\ble_sdk\lib\cm0p\gcc\libble_sdk.a(interface.o)
                0x0000ae34                dummy_buffer
 .rodata.__FUNCTION__.7900
                0x0000ae38       0x20 ..\src\thirdparty\wireless\ble_sdk\lib\cm0p\gcc\libble_sdk.a(security.o)
 .rodata.__FUNCTION__.7856
                0x0000ae58       0x16 ..\src\thirdparty\wireless\ble_sdk\lib\cm0p\gcc\libble_sdk.a(security.o)
 .rodata.__FUNCTION__.7866
                0x0000ae6e       0x1e ..\src\thirdparty\wireless\ble_sdk\lib\cm0p\gcc\libble_sdk.a(security.o)
 .rodata.str1.1
                0x0000ae8c      0x132 ..\src\thirdparty\wireless\ble_sdk\lib\cm0p\gcc\libble_sdk.a(security.o)
                                0x177 (size before relaxing)
 .rodata.__FUNCTION__.7881
                0x0000afbe       0x12 ..\src\thirdparty\wireless\ble_sdk\lib\cm0p\gcc\libble_sdk.a(security.o)
 .rodata.__FUNCTION__.7891
                0x0000afd0       0x18 ..\src\thirdparty\wireless\ble_sdk\lib\cm0p\gcc\libble_sdk.a(security.o)
 .rodata.__FUNCTION__.7837
                0x0000afe8       0x14 ..\src\thirdparty\wireless\ble_sdk\lib\cm0p\gcc\libble_sdk.a(security.o)
 .rodata.__FUNCTION__.7247
                0x0000affc        0xd ..\src\thirdparty\wireless\ble_sdk\lib\cm0p\gcc\libble_sdk.a(gapc_task.o)
 .rodata.__FUNCTION__.7476
                0x0000b009       0x1e ..\src\thirdparty\wireless\ble_sdk\lib\cm0p\gcc\libble_sdk.a(gapc_task.o)
 .rodata.str1.1
                0x0000b027       0xf9 ..\src\thirdparty\wireless\ble_sdk\lib\cm0p\gcc\libble_sdk.a(gapc_task.o)
                                0x116 (size before relaxing)
 .rodata.__FUNCTION__.7677
                0x0000b120       0x17 ..\src\thirdparty\wireless\ble_sdk\lib\cm0p\gcc\libble_sdk.a(gapm_task.o)
 .rodata.__FUNCTION__.7694
                0x0000b137       0x20 ..\src\thirdparty\wireless\ble_sdk\lib\cm0p\gcc\libble_sdk.a(gapm_task.o)
 .rodata.str1.1
                0x0000b157       0x6b ..\src\thirdparty\wireless\ble_sdk\lib\cm0p\gcc\libble_sdk.a(gapm_task.o)
                                 0x88 (size before relaxing)
 .rodata.__FUNCTION__.7706
                0x0000b1c2       0x20 ..\src\thirdparty\wireless\ble_sdk\lib\cm0p\gcc\libble_sdk.a(gapm_task.o)
 .rodata.__FUNCTION__.7761
                0x0000b1e2        0xd ..\src\thirdparty\wireless\ble_sdk\lib\cm0p\gcc\libble_sdk.a(gapm_task.o)
 .rodata.str1.1
                0x0000b1ef       0x5c ..\src\thirdparty\wireless\ble_sdk\lib\cm0p\gcc\libble_sdk.a(gattc_task.o)
                                 0x8f (size before relaxing)
 .rodata.__FUNCTION__.7433
                0x0000b24b       0x1b ..\src\thirdparty\wireless\ble_sdk\lib\cm0p\gcc\libble_sdk.a(gattc_task.o)
 .rodata.str1.1
                0x0000b266       0x3c ..\src\thirdparty\wireless\ble_sdk\lib\cm0p\gcc\libble_sdk.a(gattm_task.o)
                                 0x5b (size before relaxing)
 .rodata.__FUNCTION__.6998
                0x0000b2a2       0x20 ..\src\thirdparty\wireless\ble_sdk\lib\cm0p\gcc\libble_sdk.a(gattm_task.o)
 .rodata        0x0000b2c2        0x2 ..\src\thirdparty\wireless\ble_sdk\lib\cm0p\gcc\libble_sdk.a(at_ble_patch.o)
 .rodata.str1.1
                0x0000b2c4        0x4 ..\src\thirdparty\wireless\ble_sdk\lib\cm0p\gcc\libble_sdk.a(at_ble_patch.o)
 .rodata.patch_data
                0x0000b2c4     0x2bbc ..\src\thirdparty\wireless\ble_sdk\lib\cm0p\gcc\libble_sdk.a(at_ble_patch.o)
 .rodata._global_impure_ptr
                0x0000de80        0x4 c:/program files (x86)/atmel/studio/7.0/toolchain/arm/arm-gnu-toolchain/bin/../lib/gcc/arm-none-eabi/6.3.1/../../../../arm-none-eabi/lib/thumb/v6-m\libc_nano.a(lib_a-impure.o)
                0x0000de80                _global_impure_ptr
 .rodata.__sf_fake_stderr
                0x0000de84       0x20 c:/program files (x86)/atmel/studio/7.0/toolchain/arm/arm-gnu-toolchain/bin/../lib/gcc/arm-none-eabi/6.3.1/../../../../arm-none-eabi/lib/thumb/v6-m\libc_nano.a(lib_a-findfp.o)
                0x0000de84                __sf_fake_stderr
 .rodata.__sf_fake_stdin
                0x0000dea4       0x20 c:/program files (x86)/atmel/studio/7.0/toolchain/arm/arm-gnu-toolchain/bin/../lib/gcc/arm-none-eabi/6.3.1/../../../../arm-none-eabi/lib/thumb/v6-m\libc_nano.a(lib_a-findfp.o)
                0x0000dea4                __sf_fake_stdin
 .rodata.__sf_fake_stdout
                0x0000dec4       0x20 c:/program files (x86)/atmel/studio/7.0/toolchain/arm/arm-gnu-toolchain/bin/../lib/gcc/arm-none-eabi/6.3.1/../../../../arm-none-eabi/lib/thumb/v6-m\libc_nano.a(lib_a-findfp.o)
                0x0000dec4                __sf_fake_stdout
 .rodata._vfprintf_r.str1.1
                0x0000dee4       0x11 c:/program files (x86)/atmel/studio/7.0/toolchain/arm/arm-gnu-toolchain/bin/../lib/gcc/arm-none-eabi/6.3.1/../../../../arm-none-eabi/lib/thumb/v6-m\libc_nano.a(lib_a-nano-vfprintf.o)
 .rodata._printf_i.str1.1
                0x0000def5       0x22 c:/program files (x86)/atmel/studio/7.0/toolchain/arm/arm-gnu-toolchain/bin/../lib/gcc/arm-none-eabi/6.3.1/../../../../arm-none-eabi/lib/thumb/v6-m\libc_nano.a(lib_a-nano-vfprintf_i.o)
 *(.ARM.extab* .gnu.linkonce.armextab.*)
                0x0000df18                . = ALIGN (0x4)
 *fill*         0x0000df17        0x1 
 *(.init)
 .init          0x0000df18        0x4 c:/program files (x86)/atmel/studio/7.0/toolchain/arm/arm-gnu-toolchain/bin/../lib/gcc/arm-none-eabi/6.3.1/thumb/v6-m/crti.o
                0x0000df18                _init
 .init          0x0000df1c        0x8 c:/program files (x86)/atmel/studio/7.0/toolchain/arm/arm-gnu-toolchain/bin/../lib/gcc/arm-none-eabi/6.3.1/thumb/v6-m/crtn.o
                0x0000df24                . = ALIGN (0x4)
                0x0000df24                __preinit_array_start = .
 *(.preinit_array)
                0x0000df24                __preinit_array_end = .
                0x0000df24                . = ALIGN (0x4)
                0x0000df24                __init_array_start = .
 *(SORT(.init_array.*))
 *(.init_array)
 .init_array    0x0000df24        0x4 c:/program files (x86)/atmel/studio/7.0/toolchain/arm/arm-gnu-toolchain/bin/../lib/gcc/arm-none-eabi/6.3.1/thumb/v6-m/crtbegin.o
                0x0000df28                __init_array_end = .
                0x0000df28                . = ALIGN (0x4)
 *crtbegin.o(.ctors)
 *(EXCLUDE_FILE(*crtend.o) .ctors)
 *(SORT(.ctors.*))
 *crtend.o(.ctors)
                0x0000df28                . = ALIGN (0x4)
 *(.fini)
 .fini          0x0000df28        0x4 c:/program files (x86)/atmel/studio/7.0/toolchain/arm/arm-gnu-toolchain/bin/../lib/gcc/arm-none-eabi/6.3.1/thumb/v6-m/crti.o
                0x0000df28                _fini
 .fini          0x0000df2c        0x8 c:/program files (x86)/atmel/studio/7.0/toolchain/arm/arm-gnu-toolchain/bin/../lib/gcc/arm-none-eabi/6.3.1/thumb/v6-m/crtn.o
                0x0000df34                . = ALIGN (0x4)
                0x0000df34                __fini_array_start = .
 *(.fini_array)
 .fini_array    0x0000df34        0x4 c:/program files (x86)/atmel/studio/7.0/toolchain/arm/arm-gnu-toolchain/bin/../lib/gcc/arm-none-eabi/6.3.1/thumb/v6-m/crtbegin.o
 *(SORT(.fini_array.*))
                0x0000df38                __fini_array_end = .
 *crtbegin.o(.dtors)
 *(EXCLUDE_FILE(*crtend.o) .dtors)
 *(SORT(.dtors.*))
 *crtend.o(.dtors)
                0x0000df38                . = ALIGN (0x4)
                0x0000df38                _efixed = .
                [!provide]                PROVIDE (__exidx_start, .)

.vfp11_veneer   0x0000df38        0x0
 .vfp11_veneer  0x0000df38        0x0 linker stubs

.v4_bx          0x0000df38        0x0
 .v4_bx         0x0000df38        0x0 linker stubs

.iplt           0x0000df38        0x0
 .iplt          0x0000df38        0x0 c:/program files (x86)/atmel/studio/7.0/toolchain/arm/arm-gnu-toolchain/bin/../lib/gcc/arm-none-eabi/6.3.1/thumb/v6-m/crtbegin.o

.eh_frame       0x0000df38        0x0
 .eh_frame      0x0000df38        0x0 c:/program files (x86)/atmel/studio/7.0/toolchain/arm/arm-gnu-toolchain/bin/../lib/gcc/arm-none-eabi/6.3.1/thumb/v6-m/crtbegin.o

.rel.dyn        0x0000df38        0x0