utils.c:30:10:utils_strlen	0	static
utils.c:42:10:utils_u8strlen	0	static
utils.c:54:6:utils_uint32_t_to_be_array	16	static
utils.c:71:10:utils_get_nb_lines	0	static
utils.c:91:10:utils_get_number_of_given_char	0	static
utils.c:111:14:utils_get_string_next_line_pt	0	static
utils.c:135:6:utils_strncpy	12	static
utils.c:156:10:utils_strcpy	0	static
utils.c:178:10:utils_strnlen	0	static
utils.c:191:10:utils_u8strnlen	0	static
utils.c:205:9:utils_custchar_strncmp	12	static
utils.c:231:6:utils_ascii_to_unicode	8	static
utils.c:247:10:utils_check_value_for_range	0	static
utils.c:268:6:utils_surround_text_with_pointers	16	static
utils.c:297:6:utils_concatenate_strings_with_slash	32	static
utils.c:316:6:utils_fill_uint16_array_with_value	0	static
utils.c:329:9:utils_get_cbor_encoded_value_for_val_btw_m24_p23	0	static
utils.c:354:9:utils_cbor_encode_32byte_bytestring	8	static
utils.c:368:9:utils_utf8_to_bmp	20	static
utils.c:428:9:utils_utf8_encode_bmp	8	static
utils.c:489:9:utils_bmp_string_to_utf8_string	24	static
utils.c:525:9:utils_utf8_string_to_bmp_string	40	static
utils.c:571:52:utils_get_SP	0	static
utils.c:592:6:utils_itoa	32	static
utils.c:612:9:utils_side_channel_safe_memcmp	32	static
utils.c:629:6:utils_hexachar_to_string	0	static
utils.c:662:6:utils_aes_ctr_single_increment	8	static
