driver_timer.c:99:6:TCC2_Handler	8	static
driver_timer.c:141:6:TC3_Handler	8	static
driver_timer.c:168:6:timer_fill_calibration_data	0	static
driver_timer.c:182:6:timer_get_timestamp_debug_data	24	static
driver_timer.c:229:6:timer_arm_inactivity_timer	0	static
driver_timer.c:262:6:timer_initialize_timebase	24	static
driver_timer.c:371:10:driver_timer_get_rtc_timestamp_uint32t	8	static
driver_timer.c:413:10:driver_timer_get_rtc_timestamp_uint64t	16	static
driver_timer.c:461:10:driver_timer_date_to_timestamp	80	static
driver_timer.c:500:10:driver_timer_get_nb_kinda17mins_slots_from_date	24	static
driver_timer.c:517:6:driver_timer_set_rtc_timestamp	32	static
driver_timer.c:614:6:timer_ms_tick	16	static
driver_timer.c:70:6:TCC0_Handler	8	static
driver_timer.c:652:6:SysTick_Handler	0	static
driver_timer.c:663:6:timer_wait_for_aux_tx_flood_protection	0	static
driver_timer.c:672:6:timer_arm_mcu_systick_for_aux_tx_flood_protection	0	static
driver_timer.c:692:6:timer_get_mcu_systick	0	static
driver_timer.c:715:10:timer_get_systick	0	static
driver_timer.c:726:15:timer_has_timer_expired	0	static
driver_timer.c:749:15:timer_has_allocated_timer_expired	16	static
driver_timer.c:777:6:timer_rearm_allocated_timer	16	static
driver_timer.c:810:10:timer_get_and_start_timer	16	static
driver_timer.c:851:6:timer_deallocate_timer	8	static
driver_timer.c:868:6:timer_start_timer	16	static
driver_timer.c:894:10:timer_get_timer_val	0	static
driver_timer.c:903:6:timer_delay_ms	8	static
