Archive member included to satisfy reference by file (symbol)

c:/program files (x86)/atmel/studio/7.0/toolchain/arm/arm-gnu-toolchain/bin/../lib/gcc/arm-none-eabi/6.3.1/thumb/v6-m\libgcc.a(_udivsi3.o)
                              src/COMMS/comms_usb.o (__aeabi_uidiv)
c:/program files (x86)/atmel/studio/7.0/toolchain/arm/arm-gnu-toolchain/bin/../lib/gcc/arm-none-eabi/6.3.1/thumb/v6-m\libgcc.a(_dvmd_tls.o)
                              c:/program files (x86)/atmel/studio/7.0/toolchain/arm/arm-gnu-toolchain/bin/../lib/gcc/arm-none-eabi/6.3.1/thumb/v6-m\libgcc.a(_udivsi3.o) (__aeabi_idiv0)
c:/program files (x86)/atmel/studio/7.0/toolchain/arm/arm-gnu-toolchain/bin/../lib/gcc/arm-none-eabi/6.3.1/../../../../arm-none-eabi/lib/thumb/v6-m\libc_nano.a(lib_a-exit.o)
                              c:/program files (x86)/atmel/studio/7.0/toolchain/arm/arm-gnu-toolchain/bin/../lib/gcc/arm-none-eabi/6.3.1/../../../../arm-none-eabi/lib/thumb/v6-m/crt0.o (exit)
c:/program files (x86)/atmel/studio/7.0/toolchain/arm/arm-gnu-toolchain/bin/../lib/gcc/arm-none-eabi/6.3.1/../../../../arm-none-eabi/lib/thumb/v6-m\libc_nano.a(lib_a-impure.o)
                              c:/program files (x86)/atmel/studio/7.0/toolchain/arm/arm-gnu-toolchain/bin/../lib/gcc/arm-none-eabi/6.3.1/../../../../arm-none-eabi/lib/thumb/v6-m\libc_nano.a(lib_a-exit.o) (_global_impure_ptr)
c:/program files (x86)/atmel/studio/7.0/toolchain/arm/arm-gnu-toolchain/bin/../lib/gcc/arm-none-eabi/6.3.1/../../../../arm-none-eabi/lib/thumb/v6-m\libc_nano.a(lib_a-init.o)
                              c:/program files (x86)/atmel/studio/7.0/toolchain/arm/arm-gnu-toolchain/bin/../lib/gcc/arm-none-eabi/6.3.1/../../../../arm-none-eabi/lib/thumb/v6-m/crt0.o (__libc_init_array)
c:/program files (x86)/atmel/studio/7.0/toolchain/arm/arm-gnu-toolchain/bin/../lib/gcc/arm-none-eabi/6.3.1/../../../../arm-none-eabi/lib/thumb/v6-m\libc_nano.a(lib_a-memcpy-stub.o)
                              src/COMMS/comms_hid_msgs.o (memcpy)
c:/program files (x86)/atmel/studio/7.0/toolchain/arm/arm-gnu-toolchain/bin/../lib/gcc/arm-none-eabi/6.3.1/../../../../arm-none-eabi/lib/thumb/v6-m\libc_nano.a(lib_a-memset.o)
                              c:/program files (x86)/atmel/studio/7.0/toolchain/arm/arm-gnu-toolchain/bin/../lib/gcc/arm-none-eabi/6.3.1/../../../../arm-none-eabi/lib/thumb/v6-m/crt0.o (memset)
c:/program files (x86)/atmel/studio/7.0/toolchain/arm/arm-gnu-toolchain/bin/../lib/gcc/arm-none-eabi/6.3.1/../../../../arm-none-eabi/lib/thumb/v6-m\libc_nano.a(lib_a-strlen.o)
                              src/USB/usb.o (strlen)

Allocating common symbols
Common symbol       size              file

comms_usb_total_expected_packets
                    0x2               src/COMMS/comms_usb.o
dma_main_mcu_temp_rcv_message
                    0x220             src/DMA/dma.o
dma_main_mcu_usb_rcv_message
                    0x220             src/DMA/dma.o
comms_usb_temp_mcu_message_to_send
                    0x220             src/COMMS/comms_usb.o
dma_main_mcu_ble_rcv_message
                    0x220             src/DMA/dma.o
usb_string_descriptor_buffer
                    0x40              src/USB/usb_descriptors.o
context_timers      0x10              src/TIMER/driver_timer.o
main_mcu_send_message
                    0x220             src/COMMS/comms_main_mcu.o
dma_writeback_descriptors
                    0x70              src/DMA/dma.o
sysTick             0x4               src/TIMER/driver_timer.o
dma_main_mcu_other_message
                    0x220             src/DMA/dma.o
dma_descriptors     0x70              src/DMA/dma.o

Discarded input sections

 .text          0x00000000        0x0 c:/program files (x86)/atmel/studio/7.0/toolchain/arm/arm-gnu-toolchain/bin/../lib/gcc/arm-none-eabi/6.3.1/thumb/v6-m/crti.o
 .data          0x00000000        0x0 c:/program files (x86)/atmel/studio/7.0/toolchain/arm/arm-gnu-toolchain/bin/../lib/gcc/arm-none-eabi/6.3.1/thumb/v6-m/crti.o
 .bss           0x00000000        0x0 c:/program files (x86)/atmel/studio/7.0/toolchain/arm/arm-gnu-toolchain/bin/../lib/gcc/arm-none-eabi/6.3.1/thumb/v6-m/crti.o
 .data          0x00000000        0x4 c:/program files (x86)/atmel/studio/7.0/toolchain/arm/arm-gnu-toolchain/bin/../lib/gcc/arm-none-eabi/6.3.1/thumb/v6-m/crtbegin.o
 .text          0x00000000       0x78 c:/program files (x86)/atmel/studio/7.0/toolchain/arm/arm-gnu-toolchain/bin/../lib/gcc/arm-none-eabi/6.3.1/../../../../arm-none-eabi/lib/thumb/v6-m/crt0.o
 .data          0x00000000        0x0 c:/program files (x86)/atmel/studio/7.0/toolchain/arm/arm-gnu-toolchain/bin/../lib/gcc/arm-none-eabi/6.3.1/../../../../arm-none-eabi/lib/thumb/v6-m/crt0.o
 .bss           0x00000000        0x0 c:/program files (x86)/atmel/studio/7.0/toolchain/arm/arm-gnu-toolchain/bin/../lib/gcc/arm-none-eabi/6.3.1/../../../../arm-none-eabi/lib/thumb/v6-m/crt0.o
[...]
Memory Configuration

Name             Origin             Length             Attributes
rom              0x00000000         0x00040000         xr
ram              0x20000000         0x00008000         xrw
*default*        0x00000000         0xffffffff

Linker script and memory map

LOAD c:/program files (x86)/atmel/studio/7.0/toolchain/arm/arm-gnu-toolchain/bin/../lib/gcc/arm-none-eabi/6.3.1/thumb/v6-m/crti.o
LOAD c:/program files (x86)/atmel/studio/7.0/toolchain/arm/arm-gnu-toolchain/bin/../lib/gcc/arm-none-eabi/6.3.1/thumb/v6-m/crtbegin.o
LOAD c:/program files (x86)/atmel/studio/7.0/toolchain/arm/arm-gnu-toolchain/bin/../lib/gcc/arm-none-eabi/6.3.1/../../../../arm-none-eabi/lib/thumb/v6-m/crt0.o
LOAD src/CLOCKS/driver_clocks.o
LOAD src/COMMS/comms_hid_msgs.o
LOAD src/COMMS/comms_main_mcu.o
LOAD src/COMMS/comms_usb.o
LOAD src/DMA/dma.o
LOAD src/PLATFORM/platform_io.o
LOAD src/SECURITY/fuses.o
LOAD src/TIMER/driver_timer.o
LOAD src/USB/udc.o
LOAD src/USB/usb.o
LOAD src/USB/usb_descriptors.o
LOAD src/ASF/common2/boards/user_board/init.o
LOAD src/ASF/common/utils/interrupt/interrupt_sam_nvic.o
LOAD src/ASF/sam0/drivers/system/clock/clock_samd21_r21_da_ha1/clock.o
LOAD src/ASF/sam0/drivers/system/clock/clock_samd21_r21_da_ha1/gclk.o
LOAD src/ASF/sam0/drivers/system/interrupt/system_interrupt.o
LOAD src/ASF/sam0/drivers/system/pinmux/pinmux.o
LOAD src/ASF/sam0/drivers/system/system.o
LOAD src/ASF/sam0/utils/cmsis/samd21/source/gcc/startup_samd21.o
LOAD src/ASF/sam0/utils/cmsis/samd21/source/system_samd21.o
LOAD src/ASF/sam0/utils/syscalls/gcc/syscalls.o
LOAD src/main.o
START GROUP
LOAD ../src/ASF/thirdparty/CMSIS/Lib/GCC\libarm_cortexM0l_math.a
LOAD c:/program files (x86)/atmel/studio/7.0/toolchain/arm/arm-gnu-toolchain/bin/../lib/gcc/arm-none-eabi/6.3.1/../../../../arm-none-eabi/lib/thumb/v6-m\libm.a
END GROUP
Address of section .start_app_function_addr set to 0x200
Address of section .flash_start_addr set to 0x0
Address of section .text set to 0x2000
START GROUP
LOAD c:/program files (x86)/atmel/studio/7.0/toolchain/arm/arm-gnu-toolchain/bin/../lib/gcc/arm-none-eabi/6.3.1/thumb/v6-m\libgcc.a
LOAD c:/program files (x86)/atmel/studio/7.0/toolchain/arm/arm-gnu-toolchain/bin/../lib/gcc/arm-none-eabi/6.3.1/../../../../arm-none-eabi/lib/thumb/v6-m\libc_nano.a
END GROUP
START GROUP
LOAD c:/program files (x86)/atmel/studio/7.0/toolchain/arm/arm-gnu-toolchain/bin/../lib/gcc/arm-none-eabi/6.3.1/thumb/v6-m\libgcc.a
LOAD c:/program files (x86)/atmel/studio/7.0/toolchain/arm/arm-gnu-toolchain/bin/../lib/gcc/arm-none-eabi/6.3.1/../../../../arm-none-eabi/lib/thumb/v6-m\libc_nano.a
END GROUP
LOAD c:/program files (x86)/atmel/studio/7.0/toolchain/arm/arm-gnu-toolchain/bin/../lib/gcc/arm-none-eabi/6.3.1/thumb/v6-m/crtend.o
LOAD c:/program files (x86)/atmel/studio/7.0/toolchain/arm/arm-gnu-toolchain/bin/../lib/gcc/arm-none-eabi/6.3.1/thumb/v6-m/crtn.o
                0x00002000                STACK_SIZE = DEFINED (STACK_SIZE)?STACK_SIZE:DEFINED (__stack_size__)?__stack_size__:0x2000

.text           0x00002000     0x1a7c
                0x00002000                . = ALIGN (0x4)
                0x00002000                _sfixed = .
 *(.vectors .vectors.*)
 .vectors       0x00002000       0xb4 src/ASF/sam0/utils/cmsis/samd21/source/gcc/startup_samd21.o
                0x00002000                exception_table
 *(.text .text.* .gnu.linkonce.t.*)
 .text          0x000020b4       0x60 c:/program files (x86)/atmel/studio/7.0/toolchain/arm/arm-gnu-toolchain/bin/../lib/gcc/arm-none-eabi/6.3.1/thumb/v6-m/crtbegin.o
 .text.clocks_map_gclk_to_peripheral_clock
                0x00002114       0x28 src/CLOCKS/driver_clocks.o
                0x00002114                clocks_map_gclk_to_peripheral_clock
 .text.clocks_start_48MDFLL
                0x0000213c       0xb4 src/CLOCKS/driver_clocks.o
                0x0000213c                clocks_start_48MDFLL
 .text.comms_main_init_rx
                0x000021f0        0xc src/COMMS/comms_main_mcu.o
                0x000021f0                comms_main_init_rx
 .text.comms_main_mcu_send_message
                0x000021fc       0x18 src/COMMS/comms_main_mcu.o
                0x000021fc                comms_main_mcu_send_message
 .text.comms_main_mcu_deal_with_non_usb_non_ble_message
                0x00002214       0x90 src/COMMS/comms_main_mcu.o
                0x00002214                comms_main_mcu_deal_with_non_usb_non_ble_message
 .text.comms_main_mcu_routine
                0x000022a4       0xec src/COMMS/comms_main_mcu.o
                0x000022a4                comms_main_mcu_routine
 .text.comms_usb_raw_hid_recv_callback
                0x00002390       0x14 src/COMMS/comms_usb.o
                0x00002390                comms_usb_raw_hid_recv_callback
 .text.comms_usb_raw_hid_send_callback
                0x000023a4        0xc src/COMMS/comms_usb.o
                0x000023a4                comms_usb_raw_hid_send_callback
 .text.comms_usb_arm_packet_receive
                0x000023b0       0x18 src/COMMS/comms_usb.o
                0x000023b0                comms_usb_arm_packet_receive
 .text.comms_usb_send_raw_hid_packet
                0x000023c8       0x3c src/COMMS/comms_usb.o
                0x000023c8                comms_usb_send_raw_hid_packet
 .text.comms_usb_send_hid_message
                0x00002404       0xf8 src/COMMS/comms_usb.o
                0x00002404                comms_usb_send_hid_message
 .text.comms_usb_configuration_callback
                0x000024fc       0x28 src/COMMS/comms_usb.o
                0x000024fc                comms_usb_configuration_callback
 .text.comms_usb_communication_routine
                0x00002524      0x180 src/COMMS/comms_usb.o
                0x00002524                comms_usb_communication_routine
 .text.dma_init
                0x000026a4       0xe8 src/DMA/dma.o
                0x000026a4                dma_init
 .text.dma_main_mcu_get_remaining_bytes_for_rx_transfer
                0x0000278c       0x24 src/DMA/dma.o
                0x0000278c                dma_main_mcu_get_remaining_bytes_for_rx_transfer
 .text.dma_main_mcu_init_tx_transfer
                0x000027b0       0x4c src/DMA/dma.o
                0x000027b0                dma_main_mcu_init_tx_transfer
 .text.dma_main_mcu_init_rx_transfer
                0x000027fc       0x4c src/DMA/dma.o
                0x000027fc                dma_main_mcu_init_rx_transfer
 .text.DMAC_Handler
                0x00002848       0xc4 src/DMA/dma.o
                0x00002848                DMAC_Handler
 .text.platform_io_init_aux_comms
                0x0000290c       0xa0 src/PLATFORM/platform_io.o
                0x0000290c                platform_io_init_aux_comms
 .text.platform_io_disable_main_comms
                0x000029ac       0x2c src/PLATFORM/platform_io.o
                0x000029ac                platform_io_disable_main_comms
 .text.platform_io_enable_main_comms
                0x000029d8       0x24 src/PLATFORM/platform_io.o
                0x000029d8                platform_io_enable_main_comms
 .text.platform_io_init_usb_ports
                0x000029fc       0x38 src/PLATFORM/platform_io.o
                0x000029fc                platform_io_init_usb_ports
 .text.platform_io_init_ports
                0x00002a34       0x14 src/PLATFORM/platform_io.o
                0x00002a34                platform_io_init_ports
 .text.platform_io_prepare_ports_for_sleep
                0x00002a48        0xc src/PLATFORM/platform_io.o
                0x00002a48                platform_io_prepare_ports_for_sleep
 .text.platform_io_prepare_ports_for_sleep_exit
                0x00002a54        0xc src/PLATFORM/platform_io.o
                0x00002a54                platform_io_prepare_ports_for_sleep_exit
 .text.fuses_check_program
                0x00002a60       0xd8 src/SECURITY/fuses.o
                0x00002a60                fuses_check_program
 .text.timer_initialize_timebase
                0x00002b38      0x104 src/TIMER/driver_timer.o
                0x00002b38                timer_initialize_timebase
 .text.timer_ms_tick
                0x00002c3c       0x4c src/TIMER/driver_timer.o
                0x00002c3c                timer_ms_tick
 .text.TCC0_Handler
                0x00002c88       0x20 src/TIMER/driver_timer.o
                0x00002c88                TCC0_Handler
 .text.udc_init
                0x00002ca8       0xec src/USB/udc.o
                0x00002ca8                udc_init
 .text.udc_attach
                0x00002d94       0x10 src/USB/udc.o
                0x00002d94                udc_attach
 .text.udc_configure_endpoint
                0x00002da4      0x144 src/USB/udc.o
                0x00002da4                udc_configure_endpoint
 .text.udc_endpoint_configured
                0x00002ee8       0x30 src/USB/udc.o
                0x00002ee8                udc_endpoint_configured
 .text.udc_endpoint_get_status
                0x00002f18       0x28 src/USB/udc.o
                0x00002f18                udc_endpoint_get_status
 .text.udc_endpoint_set_feature
                0x00002f40       0x2c src/USB/udc.o
                0x00002f40                udc_endpoint_set_feature
 .text.udc_endpoint_clear_feature
                0x00002f6c       0x6c src/USB/udc.o
                0x00002f6c                udc_endpoint_clear_feature
 .text.udc_set_address
                0x00002fd8       0x14 src/USB/udc.o
                0x00002fd8                udc_set_address
 .text.udc_send
                0x00002fec       0x44 src/USB/udc.o
                0x00002fec                udc_send
 .text.udc_recv
                0x00003030       0x40 src/USB/udc.o
                0x00003030                udc_recv
 .text.udc_control_send_zlp
                0x00003070       0x38 src/USB/udc.o
                0x00003070                udc_control_send_zlp
 .text.udc_control_stall
                0x000030a8       0x14 src/USB/udc.o
                0x000030a8                udc_control_stall
 .text.udc_control_send
                0x000030bc       0x78 src/USB/udc.o
                0x000030bc                udc_control_send
 .text.USB_Handler
                0x00003134      0x1b0 src/USB/udc.o
                0x00003134                USB_Handler
 .text.usb_init
                0x000032e4       0x18 src/USB/usb.o
                0x000032e4                usb_init
 .text.usb_send
                0x000032fc        0xc src/USB/usb.o
                0x000032fc                usb_send
 .text.usb_recv
                0x00003308        0xc src/USB/usb.o
                0x00003308                usb_recv
 .text.usb_handle_standard_request
                0x00003314      0x38c src/USB/usb.o
                0x00003314                usb_handle_standard_request
 .text.cpu_irq_enter_critical
                0x000036a0       0x40 src/ASF/common/utils/interrupt/interrupt_sam_nvic.o
                0x000036a0                cpu_irq_enter_critical
 .text.cpu_irq_leave_critical
                0x000036e0       0x30 src/ASF/common/utils/interrupt/interrupt_sam_nvic.o
                0x000036e0                cpu_irq_leave_critical
 .text.Dummy_Handler
                0x00003710        0x2 src/ASF/sam0/utils/cmsis/samd21/source/gcc/startup_samd21.o
                0x00003710                HardFault_Handler
                0x00003710                AC_Handler
                0x00003710                SysTick_Handler
                0x00003710                PendSV_Handler
                0x00003710                NMI_Handler
                0x00003710                SERCOM1_Handler
                0x00003710                ADC_Handler
                0x00003710                TCC1_Handler
                0x00003710                SERCOM2_Handler
                0x00003710                RTC_Handler
                0x00003710                EIC_Handler
                0x00003710                WDT_Handler
                0x00003710                TC4_Handler
                0x00003710                TC3_Handler
                0x00003710                Dummy_Handler
                0x00003710                PM_Handler
                0x00003710                SVC_Handler
                0x00003710                TCC2_Handler
                0x00003710                EVSYS_Handler
                0x00003710                SERCOM3_Handler
                0x00003710                I2S_Handler
                0x00003710                NVMCTRL_Handler
                0x00003710                SERCOM0_Handler
                0x00003710                DAC_Handler
                0x00003710                PTC_Handler
                0x00003710                TC5_Handler
                0x00003710                SYSCTRL_Handler
 *fill*         0x00003712        0x2 
 .text.Reset_Handler
                0x00003714       0xe4 src/ASF/sam0/utils/cmsis/samd21/source/gcc/startup_samd21.o
                0x00003714                Reset_Handler
 .text.main_platform_init
                0x000037f8       0x44 src/main.o
                0x000037f8                main_platform_init
 .text.main_standby_sleep
                0x0000383c       0x34 src/main.o
                0x0000383c                main_standby_sleep
 .text.main     0x00003870       0x1c src/main.o
                0x00003870                main
 .text          0x0000388c      0x114 c:/program files (x86)/atmel/studio/7.0/toolchain/arm/arm-gnu-toolchain/bin/../lib/gcc/arm-none-eabi/6.3.1/thumb/v6-m\libgcc.a(_udivsi3.o)
                0x0000388c                __aeabi_uidiv
                0x0000388c                __udivsi3
                0x00003998                __aeabi_uidivmod
 .text          0x000039a0        0x4 c:/program files (x86)/atmel/studio/7.0/toolchain/arm/arm-gnu-toolchain/bin/../lib/gcc/arm-none-eabi/6.3.1/thumb/v6-m\libgcc.a(_dvmd_tls.o)
                0x000039a0                __aeabi_idiv0
                0x000039a0                __aeabi_ldiv0
 .text.__libc_init_array
                0x000039a4       0x48 c:/program files (x86)/atmel/studio/7.0/toolchain/arm/arm-gnu-toolchain/bin/../lib/gcc/arm-none-eabi/6.3.1/../../../../arm-none-eabi/lib/thumb/v6-m\libc_nano.a(lib_a-init.o)
                0x000039a4                __libc_init_array
 .text.memcpy   0x000039ec       0x12 c:/program files (x86)/atmel/studio/7.0/toolchain/arm/arm-gnu-toolchain/bin/../lib/gcc/arm-none-eabi/6.3.1/../../../../arm-none-eabi/lib/thumb/v6-m\libc_nano.a(lib_a-memcpy-stub.o)
                0x000039ec                memcpy
 .text.memset   0x000039fe       0x10 c:/program files (x86)/atmel/studio/7.0/toolchain/arm/arm-gnu-toolchain/bin/../lib/gcc/arm-none-eabi/6.3.1/../../../../arm-none-eabi/lib/thumb/v6-m\libc_nano.a(lib_a-memset.o)
                0x000039fe                memset
 .text          0x00003a0e        0xe c:/program files (x86)/atmel/studio/7.0/toolchain/arm/arm-gnu-toolchain/bin/../lib/gcc/arm-none-eabi/6.3.1/../../../../arm-none-eabi/lib/thumb/v6-m\libc_nano.a(lib_a-strlen.o)
                0x00003a0e                strlen
 *(.glue_7t)
 .glue_7t       0x00003a1c        0x0 linker stubs
 *(.glue_7)
 .glue_7        0x00003a1c        0x0 linker stubs
 *(.rodata .rodata* .gnu.linkonce.r.*)
 .rodata.str1.4
                0x00003a1c       0x40 src/USB/usb_descriptors.o
                                 0x3d (size before relaxing)
 *(.ARM.extab* .gnu.linkonce.armextab.*)
                0x00003a5c                . = ALIGN (0x4)
 *(.init)
 .init          0x00003a5c        0x4 c:/program files (x86)/atmel/studio/7.0/toolchain/arm/arm-gnu-toolchain/bin/../lib/gcc/arm-none-eabi/6.3.1/thumb/v6-m/crti.o
                0x00003a5c                _init
 .init          0x00003a60        0x8 c:/program files (x86)/atmel/studio/7.0/toolchain/arm/arm-gnu-toolchain/bin/../lib/gcc/arm-none-eabi/6.3.1/thumb/v6-m/crtn.o
                0x00003a68                . = ALIGN (0x4)
                0x00003a68                __preinit_array_start = .
 *(.preinit_array)
                0x00003a68                __preinit_array_end = .
                0x00003a68                . = ALIGN (0x4)
                0x00003a68                __init_array_start = .
 *(SORT(.init_array.*))
 *(.init_array)
 .init_array    0x00003a68        0x4 c:/program files (x86)/atmel/studio/7.0/toolchain/arm/arm-gnu-toolchain/bin/../lib/gcc/arm-none-eabi/6.3.1/thumb/v6-m/crtbegin.o
                0x00003a6c                __init_array_end = .
                0x00003a6c                . = ALIGN (0x4)
 *crtbegin.o(.ctors)
 *(EXCLUDE_FILE(*crtend.o) .ctors)
 *(SORT(.ctors.*))
 *crtend.o(.ctors)
                0x00003a6c                . = ALIGN (0x4)
 *(.fini)
 .fini          0x00003a6c        0x4 c:/program files (x86)/atmel/studio/7.0/toolchain/arm/arm-gnu-toolchain/bin/../lib/gcc/arm-none-eabi/6.3.1/thumb/v6-m/crti.o
                0x00003a6c                _fini
 .fini          0x00003a70        0x8 c:/program files (x86)/atmel/studio/7.0/toolchain/arm/arm-gnu-toolchain/bin/../lib/gcc/arm-none-eabi/6.3.1/thumb/v6-m/crtn.o
                0x00003a78                . = ALIGN (0x4)
                0x00003a78                __fini_array_start = .
 *(.fini_array)
 .fini_array    0x00003a78        0x4 c:/program files (x86)/atmel/studio/7.0/toolchain/arm/arm-gnu-toolchain/bin/../lib/gcc/arm-none-eabi/6.3.1/thumb/v6-m/crtbegin.o
 *(SORT(.fini_array.*))
                0x00003a7c                __fini_array_end = .
 *crtbegin.o(.dtors)
 *(EXCLUDE_FILE(*crtend.o) .dtors)
 *(SORT(.dtors.*))
 *crtend.o(.dtors)
                0x00003a7c                . = ALIGN (0x4)
                0x00003a7c                _efixed = .
                [!provide]                PROVIDE (__exidx_start, .)

.vfp11_veneer   0x00003a7c        0x0
 .vfp11_veneer  0x00003a7c        0x0 linker stubs

.v4_bx          0x00003a7c        0x0
 .v4_bx         0x00003a7c        0x0 linker stubs

.iplt           0x00003a7c        0x0
 .iplt          0x00003a7c        0x0 c:/program files (x86)/atmel/studio/7.0/toolchain/arm/arm-gnu-toolchain/bin/../lib/gcc/arm-none-eabi/6.3.1/thumb/v6-m/crtbegin.o

.eh_frame       0x00003a7c        0x0
 .eh_frame      0x00003a7c        0x0 c:/program files (x86)/atmel/studio/7.0/toolchain/arm/arm-gnu-toolchain/bin/../lib/gcc/arm-none-eabi/6.3.1/thumb/v6-m/crtbegin.o

.rel.dyn        0x00003a7c        0x0
 .rel.iplt      0x00003a7c        0x0 c:/program files (x86)/atmel/studio/7.0/toolchain/arm/arm-gnu-toolchain/bin/../lib/gcc/arm-none-eabi/6.3.1/thumb/v6-m/crtbegin.o

.jcr            0x00003a7c        0x0
 .jcr           0x00003a7c        0x0 c:/program files (x86)/atmel/studio/7.0/toolchain/arm/arm-gnu-toolchain/bin/../lib/gcc/arm-none-eabi/6.3.1/thumb/v6-m/crtbegin.o

.igot.plt       0x00003a7c        0x0
 .igot.plt      0x00003a7c        0x0 c:/program files (x86)/atmel/studio/7.0/toolchain/arm/arm-gnu-toolchain/bin/../lib/gcc/arm-none-eabi/6.3.1/thumb/v6-m/crtbegin.o

.ARM.exidx
 *(.ARM.exidx* .gnu.linkonce.armexidx.*)
                [!provide]                PROVIDE (__exidx_end, .)
                0x00003a7c                . = ALIGN (0x4)
                0x00003a7c                _etext = .

.relocate       0x20000000       0xd4 load address 0x00003a7c
                0x20000000                . = ALIGN (0x4)
                0x20000000                _srelocate = .
 *(.ramfunc .ramfunc.*)
 *(.data .data.*)
 .data.dma_main_mcu_packet_sent
                0x20000000        0x4 src/DMA/dma.o
                0x20000000                dma_main_mcu_packet_sent
 .data.keyboard_hid_report_desc
                0x20000004       0x3f src/USB/usb_descriptors.o
                0x20000004                keyboard_hid_report_desc
 *fill*         0x20000043        0x1 
 .data.usb_configuration_hierarchy
                0x20000044       0x42 src/USB/usb_descriptors.o
                0x20000044                usb_configuration_hierarchy
 *fill*         0x20000086        0x2 
 .data.usb_device_descriptor
                0x20000088       0x12 src/USB/usb_descriptors.o
                0x20000088                usb_device_descriptor
 *fill*         0x2000009a        0x2 
 .data.usb_hid_report_descriptor
                0x2000009c       0x1c src/USB/usb_descriptors.o
                0x2000009c                usb_hid_report_descriptor
 .data.usb_string_descriptor_zero
                0x200000b8        0x4 src/USB/usb_descriptors.o
                0x200000b8                usb_string_descriptor_zero
 .data.usb_strings
                0x200000bc       0x14 src/USB/usb_descriptors.o
                0x200000bc                usb_strings
 .data.g_interrupt_enabled
                0x200000d0        0x1 src/ASF/common/utils/interrupt/interrupt_sam_nvic.o
                0x200000d0                g_interrupt_enabled
                0x200000d4                . = ALIGN (0x4)
 *fill*         0x200000d1        0x3 
                0x200000d4                _erelocate = .

.bss            0x200000e0     0x1064 load address 0x00003b60
                0x200000e0                . = ALIGN (0x4)
                0x200000e0                _sbss = .
                0x200000e0                _szero = .
 *(.bss .bss.*)
 .bss           0x200000e0       0x1c c:/program files (x86)/atmel/studio/7.0/toolchain/arm/arm-gnu-toolchain/bin/../lib/gcc/arm-none-eabi/6.3.1/thumb/v6-m/crtbegin.o
 .bss.comms_main_mcu_ble_msg_answered_using_first_bytes
                0x200000fc        0x4 src/COMMS/comms_main_mcu.o
                0x200000fc                comms_main_mcu_ble_msg_answered_using_first_bytes
 .bss.comms_main_mcu_other_msg_answered_using_first_bytes
                0x20000100        0x4 src/COMMS/comms_main_mcu.o
                0x20000100                comms_main_mcu_other_msg_answered_using_first_bytes
 .bss.comms_main_mcu_usb_msg_answered_using_first_bytes
                0x20000104        0x4 src/COMMS/comms_main_mcu.o
                0x20000104                comms_main_mcu_usb_msg_answered_using_first_bytes
 .bss.comms_usb_expect_flip_bit_state_set
                0x20000108        0x4 src/COMMS/comms_usb.o
                0x20000108                comms_usb_expect_flip_bit_state_set
 .bss.comms_usb_expected_packet_number
                0x2000010c        0x2 src/COMMS/comms_usb.o
                0x2000010c                comms_usb_expected_packet_number
 *fill*         0x2000010e        0x2 
 .bss.comms_usb_raw_hid_packet_being_sent
                0x20000110        0x4 src/COMMS/comms_usb.o
                0x20000110                comms_usb_raw_hid_packet_being_sent
 .bss.comms_usb_raw_hid_packet_receive_length
                0x20000114        0x4 src/COMMS/comms_usb.o
                0x20000114                comms_usb_raw_hid_packet_receive_length
 .bss.comms_usb_raw_hid_packet_received
                0x20000118        0x4 src/COMMS/comms_usb.o
                0x20000118                comms_usb_raw_hid_packet_received
 .bss.comms_usb_temp_mcu_message_fill_index
                0x2000011c        0x2 src/COMMS/comms_usb.o
                0x2000011c                comms_usb_temp_mcu_message_fill_index
 .bss.dbg_mcu_hid_msg_recv
                0x2000011e        0x2 src/COMMS/comms_usb.o
                0x2000011e                dbg_mcu_hid_msg_recv
 .bss.dbg_mcu_hid_msg_sent
                0x20000120        0x2 src/COMMS/comms_usb.o
                0x20000120                dbg_mcu_hid_msg_sent
 *fill*         0x20000122        0x2 
 .bss.raw_hid_recv_buffer
                0x20000124       0x40 src/COMMS/comms_usb.o
 .bss.raw_hid_send_buffer
                0x20000164       0x40 src/COMMS/comms_usb.o
 .bss.dma_aux_mcu_packet_received
                0x200001a4        0x4 src/DMA/dma.o
                0x200001a4                dma_aux_mcu_packet_received
 .bss.dma_main_mcu_ble_msg_received
                0x200001a8        0x4 src/DMA/dma.o
                0x200001a8                dma_main_mcu_ble_msg_received
 .bss.dma_main_mcu_other_msg_received
                0x200001ac        0x4 src/DMA/dma.o
                0x200001ac                dma_main_mcu_other_msg_received
 .bss.dma_main_mcu_usb_msg_received
                0x200001b0        0x4 src/DMA/dma.o
                0x200001b0                dma_main_mcu_usb_msg_received
 .bss.udc_ctrl_in_buf
                0x200001b4       0x40 src/USB/udc.o
 .bss.udc_ctrl_out_buf
                0x200001f4       0x40 src/USB/udc.o
 .bss.udc_mem   0x20000234      0x100 src/USB/udc.o
 .bss.usb_config
                0x20000334        0x4 src/USB/usb.o
 .bss.cpu_irq_critical_section_counter
                0x20000338        0x4 src/ASF/common/utils/interrupt/interrupt_sam_nvic.o
 .bss.cpu_irq_prev_interrupt_state
                0x2000033c        0x1 src/ASF/common/utils/interrupt/interrupt_sam_nvic.o
 *(COMMON)
 *fill*         0x2000033d        0x3 
 COMMON         0x20000340      0x220 src/COMMS/comms_main_mcu.o
                0x20000340                main_mcu_send_message
 COMMON         0x20000560      0x224 src/COMMS/comms_usb.o
                0x20000560                comms_usb_total_expected_packets
                0x20000564                comms_usb_temp_mcu_message_to_send
 *fill*         0x20000784        0xc 
 COMMON         0x20000790      0x960 src/DMA/dma.o
                0x20000790                dma_main_mcu_temp_rcv_message
                0x200009b0                dma_main_mcu_usb_rcv_message
                0x20000bd0                dma_main_mcu_ble_rcv_message
                0x20000df0                dma_writeback_descriptors
                0x20000e60                dma_main_mcu_other_message
                0x20001080                dma_descriptors
 COMMON         0x200010f0       0x14 src/TIMER/driver_timer.o
                0x200010f0                context_timers
                0x20001100                sysTick
 COMMON         0x20001104       0x40 src/USB/usb_descriptors.o
                0x20001104                usb_string_descriptor_buffer
                0x20001144                . = ALIGN (0x4)
                0x20001144                _ebss = .
                0x20001144                _ezero = .

.stack          0x20001144     0x2004 load address 0x00004bc4
                0x20001148                . = ALIGN (0x8)
 *fill*         0x20001144        0x4 
                0x20001148                _sstack = .
                0x20003148                . = (. + STACK_SIZE)
 *fill*         0x20001148     0x2000 
                0x20003148                . = ALIGN (0x8)
                0x20003148                _estack = .
                0x20003148                . = ALIGN (0x4)
                0x20003148                _end = .
OUTPUT(aux_mcu.elf elf32-littlearm)

.start_app_function_addr
                0x00000200       0x34
 .start_app_function_addr
                0x00000200       0x34 src/main.o
                0x00000200                jump_to_application_function

.flash_start_addr
                0x00000000        0x8
 .flash_start_addr
                0x00000000        0x8 src/main.o
                0x00000000                jump_to_application_function_addr

.ARM.attributes
                0x00000000       0x28
 .ARM.attributes
                0x00000000       0x1e c:/program files (x86)/atmel/studio/7.0/toolchain/arm/arm-gnu-toolchain/bin/../lib/gcc/arm-none-eabi/6.3.1/thumb/v6-m/crti.o
 .ARM.attributes
                0x0000001e       0x2c c:/program files (x86)/atmel/studio/7.0/toolchain/arm/arm-gnu-toolchain/bin/../lib/gcc/arm-none-eabi/6.3.1/thumb/v6-m/crtbegin.o
 .ARM.attributes
                0x0000004a       0x32 src/CLOCKS/driver_clocks.o
 .ARM.attributes
                0x0000007c       0x32 src/COMMS/comms_main_mcu.o
 .ARM.attributes
                0x000000ae       0x32 src/COMMS/comms_usb.o
 .ARM.attributes
                0x000000e0       0x32 src/DMA/dma.o
 .ARM.attributes
                0x00000112       0x32 src/PLATFORM/platform_io.o
 .ARM.attributes
                0x00000144       0x32 src/SECURITY/fuses.o
 .ARM.attributes
                0x00000176       0x32 src/TIMER/driver_timer.o
 .ARM.attributes
                0x000001a8       0x32 src/USB/udc.o
 .ARM.attributes
                0x000001da       0x32 src/USB/usb.o
 .ARM.attributes
                0x0000020c       0x32 src/USB/usb_descriptors.o
 .ARM.attributes
                0x0000023e       0x32 src/ASF/common/utils/interrupt/interrupt_sam_nvic.o
 .ARM.attributes
                0x00000270       0x32 src/ASF/sam0/utils/cmsis/samd21/source/gcc/startup_samd21.o
 .ARM.attributes
                0x000002a2       0x32 src/main.o
 .ARM.attributes
                0x000002d4       0x1e c:/program files (x86)/atmel/studio/7.0/toolchain/arm/arm-gnu-toolchain/bin/../lib/gcc/arm-none-eabi/6.3.1/thumb/v6-m\libgcc.a(_udivsi3.o)
 .ARM.attributes
                0x000002f2       0x1e c:/program files (x86)/atmel/studio/7.0/toolchain/arm/arm-gnu-toolchain/bin/../lib/gcc/arm-none-eabi/6.3.1/thumb/v6-m\libgcc.a(_dvmd_tls.o)
 .ARM.attributes
                0x00000310       0x2c c:/program files (x86)/atmel/studio/7.0/toolchain/arm/arm-gnu-toolchain/bin/../lib/gcc/arm-none-eabi/6.3.1/../../../../arm-none-eabi/lib/thumb/v6-m\libc_nano.a(lib_a-init.o)
 .ARM.attributes
                0x0000033c       0x2c c:/program files (x86)/atmel/studio/7.0/toolchain/arm/arm-gnu-toolchain/bin/../lib/gcc/arm-none-eabi/6.3.1/../../../../arm-none-eabi/lib/thumb/v6-m\libc_nano.a(lib_a-memcpy-stub.o)
 .ARM.attributes
                0x00000368       0x2c c:/program files (x86)/atmel/studio/7.0/toolchain/arm/arm-gnu-toolchain/bin/../lib/gcc/arm-none-eabi/6.3.1/../../../../arm-none-eabi/lib/thumb/v6-m\libc_nano.a(lib_a-memset.o)
 .ARM.attributes
                0x00000394       0x1c c:/program files (x86)/atmel/studio/7.0/toolchain/arm/arm-gnu-toolchain/bin/../lib/gcc/arm-none-eabi/6.3.1/../../../../arm-none-eabi/lib/thumb/v6-m\libc_nano.a(lib_a-strlen.o)
 .ARM.attributes
                0x000003b0       0x1e c:/program files (x86)/atmel/studio/7.0/toolchain/arm/arm-gnu-toolchain/bin/../lib/gcc/arm-none-eabi/6.3.1/thumb/v6-m/crtn.o

.comment        0x00000000       0x59
 .comment       0x00000000       0x59 src/CLOCKS/driver_clocks.o
                                 0x5a (size before relaxing)
 .comment       0x00000059       0x5a src/COMMS/comms_main_mcu.o
 .comment       0x00000059       0x5a src/COMMS/comms_usb.o
 .comment       0x00000059       0x5a src/DMA/dma.o
 .comment       0x00000059       0x5a src/PLATFORM/platform_io.o
 .comment       0x00000059       0x5a src/SECURITY/fuses.o
 .comment       0x00000059       0x5a src/TIMER/driver_timer.o
 .comment       0x00000059       0x5a src/USB/udc.o
 .comment       0x00000059       0x5a src/USB/usb.o
 .comment       0x00000059       0x5a src/USB/usb_descriptors.o
 .comment       0x00000059       0x5a src/ASF/common/utils/interrupt/interrupt_sam_nvic.o
 .comment       0x00000059       0x5a src/ASF/sam0/utils/cmsis/samd21/source/gcc/startup_samd21.o
 .comment       0x00000059       0x5a src/main.o

.debug_info     0x00000000    0x22c14
 .debug_info    0x00000000     0x22bd src/CLOCKS/driver_clocks.o
 .debug_info    0x000022bd     0x380c src/COMMS/comms_main_mcu.o
 .debug_info    0x00005ac9     0x12bd src/COMMS/comms_usb.o
 .debug_info    0x00006d86     0x42a0 src/DMA/dma.o
 .debug_info    0x0000b026     0x37b7 src/PLATFORM/platform_io.o
 .debug_info    0x0000e7dd     0x10dd src/SECURITY/fuses.o
 .debug_info    0x0000f8ba     0x4d88 src/TIMER/driver_timer.o
 .debug_info    0x00014642     0x43a9 src/USB/udc.o
 .debug_info    0x000189eb     0x359d src/USB/usb.o
 .debug_info    0x0001bf88     0x10a0 src/USB/usb_descriptors.o
 .debug_info    0x0001d028      0xafa src/ASF/common/utils/interrupt/interrupt_sam_nvic.o
 .debug_info    0x0001db22     0x3a49 src/ASF/sam0/utils/cmsis/samd21/source/gcc/startup_samd21.o
 .debug_info    0x0002156b     0x16a9 src/main.o

.debug_abbrev   0x00000000     0x26bd
 .debug_abbrev  0x00000000      0x271 src/CLOCKS/driver_clocks.o
 .debug_abbrev  0x00000271      0x31d src/COMMS/comms_main_mcu.o
 .debug_abbrev  0x0000058e      0x2d9 src/COMMS/comms_usb.o
 .debug_abbrev  0x00000867      0x38d src/DMA/dma.o
 .debug_abbrev  0x00000bf4      0x2c1 src/PLATFORM/platform_io.o
 .debug_abbrev  0x00000eb5      0x2a2 src/SECURITY/fuses.o
 .debug_abbrev  0x00001157      0x3cf src/TIMER/driver_timer.o
 .debug_abbrev  0x00001526      0x4a9 src/USB/udc.o
 .debug_abbrev  0x000019cf      0x35c src/USB/usb.o
 .debug_abbrev  0x00001d2b      0x1ca src/USB/usb_descriptors.o
 .debug_abbrev  0x00001ef5      0x22c src/ASF/common/utils/interrupt/interrupt_sam_nvic.o
 .debug_abbrev  0x00002121      0x234 src/ASF/sam0/utils/cmsis/samd21/source/gcc/startup_samd21.o
 .debug_abbrev  0x00002355      0x368 src/main.o

.debug_loc      0x00000000     0x1ccc
 .debug_loc     0x00000000      0x216 src/CLOCKS/driver_clocks.o
 .debug_loc     0x00000216      0x1b9 src/COMMS/comms_main_mcu.o
 .debug_loc     0x000003cf      0x208 src/COMMS/comms_usb.o
 .debug_loc     0x000005d7      0x15f src/DMA/dma.o
 .debug_loc     0x00000736      0x111 src/PLATFORM/platform_io.o
 .debug_loc     0x00000847      0x127 src/SECURITY/fuses.o
 .debug_loc     0x0000096e      0x233 src/TIMER/driver_timer.o
 .debug_loc     0x00000ba1      0x6eb src/USB/udc.o
 .debug_loc     0x0000128c      0x920 src/USB/usb.o
 .debug_loc     0x00001bac       0x40 src/ASF/sam0/utils/cmsis/samd21/source/gcc/startup_samd21.o
 .debug_loc     0x00001bec       0xe0 src/main.o

.debug_aranges  0x00000000      0x360
 .debug_aranges
                0x00000000       0x28 src/CLOCKS/driver_clocks.o
 .debug_aranges
                0x00000028       0x40 src/COMMS/comms_main_mcu.o
 .debug_aranges
                0x00000068       0x50 src/COMMS/comms_usb.o
 .debug_aranges
                0x000000b8       0x58 src/DMA/dma.o
 .debug_aranges
                0x00000110       0x50 src/PLATFORM/platform_io.o
 .debug_aranges
                0x00000160       0x20 src/SECURITY/fuses.o
 .debug_aranges
                0x00000180       0x60 src/TIMER/driver_timer.o
 .debug_aranges
                0x000001e0       0x98 src/USB/udc.o
 .debug_aranges
                0x00000278       0x48 src/USB/usb.o
 .debug_aranges
                0x000002c0       0x18 src/USB/usb_descriptors.o
 .debug_aranges
                0x000002d8       0x28 src/ASF/common/utils/interrupt/interrupt_sam_nvic.o
 .debug_aranges
                0x00000300       0x28 src/ASF/sam0/utils/cmsis/samd21/source/gcc/startup_samd21.o
 .debug_aranges
                0x00000328       0x38 src/main.o

.debug_ranges   0x00000000      0x330
 .debug_ranges  0x00000000       0x18 src/CLOCKS/driver_clocks.o
 .debug_ranges  0x00000018       0x30 src/COMMS/comms_main_mcu.o
 .debug_ranges  0x00000048       0x40 src/COMMS/comms_usb.o
 .debug_ranges  0x00000088       0x48 src/DMA/dma.o
 .debug_ranges  0x000000d0       0x40 src/PLATFORM/platform_io.o
 .debug_ranges  0x00000110       0x10 src/SECURITY/fuses.o
 .debug_ranges  0x00000120       0x50 src/TIMER/driver_timer.o
 .debug_ranges  0x00000170      0x118 src/USB/udc.o
 .debug_ranges  0x00000288       0x50 src/USB/usb.o
 .debug_ranges  0x000002d8       0x18 src/ASF/common/utils/interrupt/interrupt_sam_nvic.o
 .debug_ranges  0x000002f0       0x18 src/ASF/sam0/utils/cmsis/samd21/source/gcc/startup_samd21.o
 .debug_ranges  0x00000308       0x28 src/main.o

.debug_macro    0x00000000    0x174e1
 .debug_macro   0x00000000      0x533 src/CLOCKS/driver_clocks.o
 .debug_macro   0x00000533      0x8a4 src/CLOCKS/driver_clocks.o
 .debug_macro   0x00000dd7      0x16d src/CLOCKS/driver_clocks.o
 .debug_macro   0x00000f44      0x64b src/CLOCKS/driver_clocks.o
 .debug_macro   0x0000158f       0x22 src/CLOCKS/driver_clocks.o
 .debug_macro   0x000015b1       0x4f src/CLOCKS/driver_clocks.o
 .debug_macro   0x00001600       0x51 src/CLOCKS/driver_clocks.o
 .debug_macro   0x00001651       0xef src/CLOCKS/driver_clocks.o
 .debug_macro   0x00001740       0x6a src/CLOCKS/driver_clocks.o
 .debug_macro   0x000017aa      0x1df src/CLOCKS/driver_clocks.o
 .debug_macro   0x00001989       0x10 src/CLOCKS/driver_clocks.o
 .debug_macro   0x00001999       0x76 src/CLOCKS/driver_clocks.o
 .debug_macro   0x00001a0f       0x16 src/CLOCKS/driver_clocks.o
 .debug_macro   0x00001a25      0x6e5 src/CLOCKS/driver_clocks.o
 .debug_macro   0x0000210a      0xde2 src/CLOCKS/driver_clocks.o
 .debug_macro   0x00002eec       0x22 src/CLOCKS/driver_clocks.o
 .debug_macro   0x00002f0e       0x40 src/CLOCKS/driver_clocks.o
 .debug_macro   0x00002f4e       0x3a src/CLOCKS/driver_clocks.o
 .debug_macro   0x00002f88       0x1f src/CLOCKS/driver_clocks.o
 .debug_macro   0x00002fa7      0x250 src/CLOCKS/driver_clocks.o
 .debug_macro   0x000031f7      0x682 src/CLOCKS/driver_clocks.o
 .debug_macro   0x00003879      0x8bf src/CLOCKS/driver_clocks.o
 .debug_macro   0x00004138      0x235 src/CLOCKS/driver_clocks.o
 .debug_macro   0x0000436d      0xd6a src/CLOCKS/driver_clocks.o
 .debug_macro   0x000050d7      0x4ce src/CLOCKS/driver_clocks.o
 .debug_macro   0x000055a5      0x9f8 src/CLOCKS/driver_clocks.o
 .debug_macro   0x00005f9d      0x82b src/CLOCKS/driver_clocks.o
 .debug_macro   0x000067c8      0x45f src/CLOCKS/driver_clocks.o
 .debug_macro   0x00006c27       0x5e src/CLOCKS/driver_clocks.o
 .debug_macro   0x00006c85      0x906 src/CLOCKS/driver_clocks.o
 .debug_macro   0x0000758b      0x225 src/CLOCKS/driver_clocks.o
 .debug_macro   0x000077b0      0x963 src/CLOCKS/driver_clocks.o
 .debug_macro   0x00008113       0x5e src/CLOCKS/driver_clocks.o
 .debug_macro   0x00008171      0x671 src/CLOCKS/driver_clocks.o
 .debug_macro   0x000087e2      0x3af src/CLOCKS/driver_clocks.o
 .debug_macro   0x00008b91      0xc7f src/CLOCKS/driver_clocks.o
 .debug_macro   0x00009810     0x1092 src/CLOCKS/driver_clocks.o
 .debug_macro   0x0000a8a2      0xc4a src/CLOCKS/driver_clocks.o
 .debug_macro   0x0000b4ec      0x6bf src/CLOCKS/driver_clocks.o
 .debug_macro   0x0000bbab     0x1bc9 src/CLOCKS/driver_clocks.o
 .debug_macro   0x0000d774     0x144a src/CLOCKS/driver_clocks.o
 .debug_macro   0x0000ebbe      0x34e src/CLOCKS/driver_clocks.o
 .debug_macro   0x0000ef0c       0x7c src/CLOCKS/driver_clocks.o
 .debug_macro   0x0000ef88       0xa0 src/CLOCKS/driver_clocks.o
 .debug_macro   0x0000f028       0x4c src/CLOCKS/driver_clocks.o
 .debug_macro   0x0000f074       0xca src/CLOCKS/driver_clocks.o
 .debug_macro   0x0000f13e       0x94 src/CLOCKS/driver_clocks.o
 .debug_macro   0x0000f1d2       0x58 src/CLOCKS/driver_clocks.o
 .debug_macro   0x0000f22a      0x387 src/CLOCKS/driver_clocks.o
 .debug_macro   0x0000f5b1       0x82 src/CLOCKS/driver_clocks.o
 .debug_macro   0x0000f633      0x197 src/CLOCKS/driver_clocks.o
 .debug_macro   0x0000f7ca       0xb8 src/CLOCKS/driver_clocks.o
 .debug_macro   0x0000f882       0xa0 src/CLOCKS/driver_clocks.o
 .debug_macro   0x0000f922       0xb8 src/CLOCKS/driver_clocks.o
 .debug_macro   0x0000f9da       0x1c src/CLOCKS/driver_clocks.o
 .debug_macro   0x0000f9f6       0x1c src/CLOCKS/driver_clocks.o
 .debug_macro   0x0000fa12       0x1c src/CLOCKS/driver_clocks.o
 .debug_macro   0x0000fa2e       0x82 src/CLOCKS/driver_clocks.o
 .debug_macro   0x0000fab0      0x161 src/CLOCKS/driver_clocks.o
 .debug_macro   0x0000fc11       0xdc src/CLOCKS/driver_clocks.o
 .debug_macro   0x0000fced      0x12f src/CLOCKS/driver_clocks.o
 .debug_macro   0x0000fe1c      0x12f src/CLOCKS/driver_clocks.o
 .debug_macro   0x0000ff4b      0x12f src/CLOCKS/driver_clocks.o
 .debug_macro   0x0001007a      0x12f src/CLOCKS/driver_clocks.o
 .debug_macro   0x000101a9      0x124 src/CLOCKS/driver_clocks.o
 .debug_macro   0x000102cd       0xe2 src/CLOCKS/driver_clocks.o
 .debug_macro   0x000103af       0xe2 src/CLOCKS/driver_clocks.o
 .debug_macro   0x00010491       0xe2 src/CLOCKS/driver_clocks.o
 .debug_macro   0x00010573      0x133 src/CLOCKS/driver_clocks.o
 .debug_macro   0x000106a6      0x106 src/CLOCKS/driver_clocks.o
 .debug_macro   0x000107ac       0xfa src/CLOCKS/driver_clocks.o
 .debug_macro   0x000108a6      0x40f src/CLOCKS/driver_clocks.o
 .debug_macro   0x00010cb5       0x40 src/CLOCKS/driver_clocks.o
 .debug_macro   0x00010cf5      0x345 src/CLOCKS/driver_clocks.o
 .debug_macro   0x0001103a      0xf7d src/CLOCKS/driver_clocks.o
 .debug_macro   0x00011fb7       0x6d src/CLOCKS/driver_clocks.o
 .debug_macro   0x00012024       0x58 src/CLOCKS/driver_clocks.o
 .debug_macro   0x0001207c       0x35 src/CLOCKS/driver_clocks.o
 .debug_macro   0x000120b1       0x9c src/CLOCKS/driver_clocks.o
 .debug_macro   0x0001214d       0x16 src/CLOCKS/driver_clocks.o
 .debug_macro   0x00012163       0x35 src/CLOCKS/driver_clocks.o
 .debug_macro   0x00012198      0x353 src/CLOCKS/driver_clocks.o
 .debug_macro   0x000124eb       0x10 src/CLOCKS/driver_clocks.o
 .debug_macro   0x000124fb       0x58 src/CLOCKS/driver_clocks.o
 .debug_macro   0x00012553       0x1f src/CLOCKS/driver_clocks.o
 .debug_macro   0x00012572       0x43 src/CLOCKS/driver_clocks.o
 .debug_macro   0x000125b5       0x20 src/CLOCKS/driver_clocks.o
 .debug_macro   0x000125d5      0x187 src/CLOCKS/driver_clocks.o
 .debug_macro   0x0001275c       0x10 src/CLOCKS/driver_clocks.o
 .debug_macro   0x0001276c       0xb6 src/CLOCKS/driver_clocks.o
 .debug_macro   0x00012822       0x16 src/CLOCKS/driver_clocks.o
 .debug_macro   0x00012838      0x145 src/CLOCKS/driver_clocks.o
 .debug_macro   0x0001297d       0x16 src/CLOCKS/driver_clocks.o
 .debug_macro   0x00012993       0x22 src/CLOCKS/driver_clocks.o
 .debug_macro   0x000129b5       0x51 src/CLOCKS/driver_clocks.o
 .debug_macro   0x00012a06       0x3f src/CLOCKS/driver_clocks.o
 .debug_macro   0x00012a45      0x3df src/CLOCKS/driver_clocks.o
 .debug_macro   0x00012e24      0x2c6 src/CLOCKS/driver_clocks.o
 .debug_macro   0x000130ea       0x11 src/CLOCKS/driver_clocks.o
 .debug_macro   0x000130fb       0x18 src/CLOCKS/driver_clocks.o
 .debug_macro   0x00013113       0x16 src/CLOCKS/driver_clocks.o
 .debug_macro   0x00013129       0x2e src/CLOCKS/driver_clocks.o
 .debug_macro   0x00013157       0x22 src/CLOCKS/driver_clocks.o
 .debug_macro   0x00013179      0x17c src/CLOCKS/driver_clocks.o
 .debug_macro   0x000132f5      0x5db src/COMMS/comms_main_mcu.o
 .debug_macro   0x000138d0       0x52 src/COMMS/comms_main_mcu.o
 .debug_macro   0x00013922       0x55 src/COMMS/comms_main_mcu.o
 .debug_macro   0x00013977       0x57 src/COMMS/comms_main_mcu.o
 .debug_macro   0x000139ce       0x10 src/COMMS/comms_main_mcu.o
 .debug_macro   0x000139de       0x1c src/COMMS/comms_main_mcu.o
 .debug_macro   0x000139fa       0x40 src/COMMS/comms_main_mcu.o
 .debug_macro   0x00013a3a       0x10 src/COMMS/comms_main_mcu.o
 .debug_macro   0x00013a4a       0x3a src/COMMS/comms_main_mcu.o
 .debug_macro   0x00013a84       0x2e src/COMMS/comms_main_mcu.o
 .debug_macro   0x00013ab2       0x1c src/COMMS/comms_main_mcu.o
 .debug_macro   0x00013ace      0x58f src/COMMS/comms_usb.o
 .debug_macro   0x0001405d       0x1c src/COMMS/comms_usb.o
 .debug_macro   0x00014079      0x57c src/DMA/dma.o
 .debug_macro   0x000145f5      0x550 src/PLATFORM/platform_io.o
 .debug_macro   0x00014b45      0x5d3 src/SECURITY/fuses.o
 .debug_macro   0x00015118      0x546 src/TIMER/driver_timer.o
 .debug_macro   0x0001565e      0x5af src/USB/udc.o
 .debug_macro   0x00015c0d       0x3a src/USB/udc.o
 .debug_macro   0x00015c47       0x1c src/USB/udc.o
 .debug_macro   0x00015c63       0x16 src/USB/udc.o
 .debug_macro   0x00015c79      0x5af src/USB/usb.o
 .debug_macro   0x00016228      0x549 src/USB/usb_descriptors.o
 .debug_macro   0x00016771       0x22 src/USB/usb_descriptors.o
 .debug_macro   0x00016793      0x488 src/ASF/common/utils/interrupt/interrupt_sam_nvic.o
 .debug_macro   0x00016c1b      0x2d1 src/ASF/sam0/utils/cmsis/samd21/source/gcc/startup_samd21.o
 .debug_macro   0x00016eec      0x5c1 src/main.o
 .debug_macro   0x000174ad       0x34 src/main.o

.debug_line     0x00000000     0x91c0
 .debug_line    0x00000000      0xb1a src/CLOCKS/driver_clocks.o
 .debug_line    0x00000b1a      0xc39 src/COMMS/comms_main_mcu.o
 .debug_line    0x00001753      0xc38 src/COMMS/comms_usb.o
 .debug_line    0x0000238b      0xc24 src/DMA/dma.o
 .debug_line    0x00002faf      0xb94 src/PLATFORM/platform_io.o
 .debug_line    0x00003b43      0xb03 src/SECURITY/fuses.o
 .debug_line    0x00004646      0xc20 src/TIMER/driver_timer.o
 .debug_line    0x00005266      0xd4e src/USB/udc.o
 .debug_line    0x00005fb4      0xc91 src/USB/usb.o
 .debug_line    0x00006c45      0xad8 src/USB/usb_descriptors.o
 .debug_line    0x0000771d      0x843 src/ASF/common/utils/interrupt/interrupt_sam_nvic.o
 .debug_line    0x00007f60      0x62a src/ASF/sam0/utils/cmsis/samd21/source/gcc/startup_samd21.o
 .debug_line    0x0000858a      0xc36 src/main.o

.debug_str      0x00000000    0x80bbd
 .debug_str     0x00000000    0x7be3d src/CLOCKS/driver_clocks.o
                              0x7c753 (size before relaxing)
 .debug_str     0x0007be3d     0x1525 src/COMMS/comms_main_mcu.o
                              0x7d6c4 (size before relaxing)
 .debug_str     0x0007d362      0x316 src/COMMS/comms_usb.o
                              0x7ca97 (size before relaxing)
 .debug_str     0x0007d678      0x786 src/DMA/dma.o
                              0x7d649 (size before relaxing)
 .debug_str     0x0007ddfe      0x4e1 src/PLATFORM/platform_io.o
                              0x7ce32 (size before relaxing)
 .debug_str     0x0007e2df      0x480 src/SECURITY/fuses.o
                              0x7c6a0 (size before relaxing)
 .debug_str     0x0007e75f      0xaf3 src/TIMER/driver_timer.o
                              0x7d359 (size before relaxing)
 .debug_str     0x0007f252      0xf28 src/USB/udc.o
                              0x7d920 (size before relaxing)
 .debug_str     0x0008017a      0x49d src/USB/usb.o
                              0x7d53e (size before relaxing)
 .debug_str     0x00080617       0xc3 src/USB/usb_descriptors.o
                              0x7c9f1 (size before relaxing)
 .debug_str     0x000806da       0x66 src/ASF/common/utils/interrupt/interrupt_sam_nvic.o
                              0x7aed0 (size before relaxing)
 .debug_str     0x00080740      0x3de src/ASF/sam0/utils/cmsis/samd21/source/gcc/startup_samd21.o
                              0x677ef (size before relaxing)
 .debug_str     0x00080b1e       0x9f src/main.o
                              0x7cd9c (size before relaxing)

.debug_frame    0x00000000      0x764
 .debug_frame   0x00000000       0x30 src/CLOCKS/driver_clocks.o
 .debug_frame   0x00000030       0x80 src/COMMS/comms_main_mcu.o
 .debug_frame   0x000000b0       0xc4 src/COMMS/comms_usb.o
 .debug_frame   0x00000174       0xcc src/DMA/dma.o
 .debug_frame   0x00000240       0xb8 src/PLATFORM/platform_io.o
 .debug_frame   0x000002f8       0x2c src/SECURITY/fuses.o
 .debug_frame   0x00000324       0xc4 src/TIMER/driver_timer.o
 .debug_frame   0x000003e8      0x160 src/USB/udc.o
 .debug_frame   0x00000548       0xa0 src/USB/usb.o
 .debug_frame   0x000005e8       0x30 src/ASF/common/utils/interrupt/interrupt_sam_nvic.o
 .debug_frame   0x00000618       0x40 src/ASF/sam0/utils/cmsis/samd21/source/gcc/startup_samd21.o
 .debug_frame   0x00000658       0x78 src/main.o
 .debug_frame   0x000006d0       0x20 c:/program files (x86)/atmel/studio/7.0/toolchain/arm/arm-gnu-toolchain/bin/../lib/gcc/arm-none-eabi/6.3.1/thumb/v6-m\libgcc.a(_udivsi3.o)
 .debug_frame   0x000006f0       0x2c c:/program files (x86)/atmel/studio/7.0/toolchain/arm/arm-gnu-toolchain/bin/../lib/gcc/arm-none-eabi/6.3.1/../../../../arm-none-eabi/lib/thumb/v6-m\libc_nano.a(lib_a-init.o)
 .debug_frame   0x0000071c       0x28 c:/program files (x86)/atmel/studio/7.0/toolchain/arm/arm-gnu-toolchain/bin/../lib/gcc/arm-none-eabi/6.3.1/../../../../arm-none-eabi/lib/thumb/v6-m\libc_nano.a(lib_a-memcpy-stub.o)
 .debug_frame   0x00000744       0x20 c:/program files (x86)/atmel/studio/7.0/toolchain/arm/arm-gnu-toolchain/bin/../lib/gcc/arm-none-eabi/6.3.1/../../../../arm-none-eabi/lib/thumb/v6-m\libc_nano.a(lib_a-memset.o)

Cross Reference Table

Symbol                                            File
AC_Handler                                        src/ASF/sam0/utils/cmsis/samd21/source/gcc/startup_samd21.o
ADC_Handler                                       src/ASF/sam0/utils/cmsis/samd21/source/gcc/startup_samd21.o
DAC_Handler                                       src/ASF/sam0/utils/cmsis/samd21/source/gcc/startup_samd21.o
DMAC_Handler                                      src/DMA/dma.o
Dummy_Handler                                     src/ASF/sam0/utils/cmsis/samd21/source/gcc/startup_samd21.o
EIC_Handler                                       src/ASF/sam0/utils/cmsis/samd21/source/gcc/startup_samd21.o
EVSYS_Handler                                     src/ASF/sam0/utils/cmsis/samd21/source/gcc/startup_samd21.o
HardFault_Handler                                 src/ASF/sam0/utils/cmsis/samd21/source/gcc/startup_samd21.o
I2S_Handler                                       src/ASF/sam0/utils/cmsis/samd21/source/gcc/startup_samd21.o
NMI_Handler                                       src/ASF/sam0/utils/cmsis/samd21/source/gcc/startup_samd21.o
NVMCTRL_Handler                                   src/ASF/sam0/utils/cmsis/samd21/source/gcc/startup_samd21.o
PM_Handler                                        src/ASF/sam0/utils/cmsis/samd21/source/gcc/startup_samd21.o
PTC_Handler                                       src/ASF/sam0/utils/cmsis/samd21/source/gcc/startup_samd21.o
PendSV_Handler                                    src/ASF/sam0/utils/cmsis/samd21/source/gcc/startup_samd21.o
RTC_Handler                                       src/ASF/sam0/utils/cmsis/samd21/source/gcc/startup_samd21.o
Reset_Handler                                     src/ASF/sam0/utils/cmsis/samd21/source/gcc/startup_samd21.o
SERCOM0_Handler                                   src/ASF/sam0/utils/cmsis/samd21/source/gcc/startup_samd21.o
SERCOM1_Handler                                   src/ASF/sam0/utils/cmsis/samd21/source/gcc/startup_samd21.o
SERCOM2_Handler                                   src/ASF/sam0/utils/cmsis/samd21/source/gcc/startup_samd21.o
SERCOM3_Handler                                   src/ASF/sam0/utils/cmsis/samd21/source/gcc/startup_samd21.o
SVC_Handler                                       src/ASF/sam0/utils/cmsis/samd21/source/gcc/startup_samd21.o
SYSCTRL_Handler                                   src/ASF/sam0/utils/cmsis/samd21/source/gcc/startup_samd21.o
SysTick_Handler                                   src/ASF/sam0/utils/cmsis/samd21/source/gcc/startup_samd21.o
SystemCoreClock                                   src/ASF/sam0/utils/cmsis/samd21/source/system_samd21.o
SystemCoreClockUpdate                             src/ASF/sam0/utils/cmsis/samd21/source/system_samd21.o
SystemInit                                        src/ASF/sam0/utils/cmsis/samd21/source/system_samd21.o
TC3_Handler                                       src/ASF/sam0/utils/cmsis/samd21/source/gcc/startup_samd21.o
TC4_Handler                                       src/ASF/sam0/utils/cmsis/samd21/source/gcc/startup_samd21.o
TC5_Handler                                       src/ASF/sam0/utils/cmsis/samd21/source/gcc/startup_samd21.o
TCC0_Handler                                      src/TIMER/driver_timer.o
TCC1_Handler                                      src/ASF/sam0/utils/cmsis/samd21/source/gcc/startup_samd21.o
TCC2_Handler                                      src/ASF/sam0/utils/cmsis/samd21/source/gcc/startup_samd21.o
USB_Handler                                       src/USB/udc.o
WDT_Handler                                       src/ASF/sam0/utils/cmsis/samd21/source/gcc/startup_samd21.o
_Jv_RegisterClasses                               c:/program files (x86)/atmel/studio/7.0/toolchain/arm/arm-gnu-toolchain/bin/../lib/gcc/arm-none-eabi/6.3.1/thumb/v6-m/crtbegin.o
__aeabi_idiv0                                     c:/program files (x86)/atmel/studio/7.0/toolchain/arm/arm-gnu-toolchain/bin/../lib/gcc/arm-none-eabi/6.3.1/thumb/v6-m\libgcc.a(_dvmd_tls.o)
                                                  c:/program files (x86)/atmel/studio/7.0/toolchain/arm/arm-gnu-toolchain/bin/../lib/gcc/arm-none-eabi/6.3.1/thumb/v6-m\libgcc.a(_udivsi3.o)
__aeabi_ldiv0                                     c:/program files (x86)/atmel/studio/7.0/toolchain/arm/arm-gnu-toolchain/bin/../lib/gcc/arm-none-eabi/6.3.1/thumb/v6-m\libgcc.a(_dvmd_tls.o)
__aeabi_uidiv                                     c:/program files (x86)/atmel/studio/7.0/toolchain/arm/arm-gnu-toolchain/bin/../lib/gcc/arm-none-eabi/6.3.1/thumb/v6-m\libgcc.a(_udivsi3.o)
                                                  src/ASF/sam0/drivers/system/clock/clock_samd21_r21_da_ha1/gclk.o
                                                  src/ASF/sam0/drivers/system/clock/clock_samd21_r21_da_ha1/clock.o
                                                  src/COMMS/comms_usb.o
__aeabi_uidivmod                                  c:/program files (x86)/atmel/studio/7.0/toolchain/arm/arm-gnu-toolchain/bin/../lib/gcc/arm-none-eabi/6.3.1/thumb/v6-m\libgcc.a(_udivsi3.o)
__bss_end__                                       c:/program files (x86)/atmel/studio/7.0/toolchain/arm/arm-gnu-toolchain/bin/../lib/gcc/arm-none-eabi/6.3.1/../../../../arm-none-eabi/lib/thumb/v6-m/crt0.o
__bss_start__                                     c:/program files (x86)/atmel/studio/7.0/toolchain/arm/arm-gnu-toolchain/bin/../lib/gcc/arm-none-eabi/6.3.1/../../../../arm-none-eabi/lib/thumb/v6-m/crt0.o
__call_exitprocs                                  c:/program files (x86)/atmel/studio/7.0/toolchain/arm/arm-gnu-toolchain/bin/../lib/gcc/arm-none-eabi/6.3.1/../../../../arm-none-eabi/lib/thumb/v6-m\libc_nano.a(lib_a-exit.o)
__deregister_frame_info                           c:/program files (x86)/atmel/studio/7.0/toolchain/arm/arm-gnu-toolchain/bin/../lib/gcc/arm-none-eabi/6.3.1/thumb/v6-m/crtbegin.o
__dso_handle                                      c:/program files (x86)/atmel/studio/7.0/toolchain/arm/arm-gnu-toolchain/bin/../lib/gcc/arm-none-eabi/6.3.1/thumb/v6-m/crtbegin.o
__init_array_end                                  c:/program files (x86)/atmel/studio/7.0/toolchain/arm/arm-gnu-toolchain/bin/../lib/gcc/arm-none-eabi/6.3.1/../../../../arm-none-eabi/lib/thumb/v6-m\libc_nano.a(lib_a-init.o)
__init_array_start                                c:/program files (x86)/atmel/studio/7.0/toolchain/arm/arm-gnu-toolchain/bin/../lib/gcc/arm-none-eabi/6.3.1/../../../../arm-none-eabi/lib/thumb/v6-m\libc_nano.a(lib_a-init.o)
__libc_fini_array                                 c:/program files (x86)/atmel/studio/7.0/toolchain/arm/arm-gnu-toolchain/bin/../lib/gcc/arm-none-eabi/6.3.1/../../../../arm-none-eabi/lib/thumb/v6-m/crt0.o
__libc_init_array                                 c:/program files (x86)/atmel/studio/7.0/toolchain/arm/arm-gnu-toolchain/bin/../lib/gcc/arm-none-eabi/6.3.1/../../../../arm-none-eabi/lib/thumb/v6-m\libc_nano.a(lib_a-init.o)
                                                  src/ASF/sam0/utils/cmsis/samd21/source/gcc/startup_samd21.o
                                                  c:/program files (x86)/atmel/studio/7.0/toolchain/arm/arm-gnu-toolchain/bin/../lib/gcc/arm-none-eabi/6.3.1/../../../../arm-none-eabi/lib/thumb/v6-m/crt0.o
__preinit_array_end                               c:/program files (x86)/atmel/studio/7.0/toolchain/arm/arm-gnu-toolchain/bin/../lib/gcc/arm-none-eabi/6.3.1/../../../../arm-none-eabi/lib/thumb/v6-m\libc_nano.a(lib_a-init.o)
__preinit_array_start                             c:/program files (x86)/atmel/studio/7.0/toolchain/arm/arm-gnu-toolchain/bin/../lib/gcc/arm-none-eabi/6.3.1/../../../../arm-none-eabi/lib/thumb/v6-m\libc_nano.a(lib_a-init.o)
__register_frame_info                             c:/program files (x86)/atmel/studio/7.0/toolchain/arm/arm-gnu-toolchain/bin/../lib/gcc/arm-none-eabi/6.3.1/thumb/v6-m/crtbegin.o
__sf_fake_stderr                                  c:/program files (x86)/atmel/studio/7.0/toolchain/arm/arm-gnu-toolchain/bin/../lib/gcc/arm-none-eabi/6.3.1/../../../../arm-none-eabi/lib/thumb/v6-m\libc_nano.a(lib_a-impure.o)
__sf_fake_stdin                                   c:/program files (x86)/atmel/studio/7.0/toolchain/arm/arm-gnu-toolchain/bin/../lib/gcc/arm-none-eabi/6.3.1/../../../../arm-none-eabi/lib/thumb/v6-m\libc_nano.a(lib_a-impure.o)
__sf_fake_stdout                                  c:/program files (x86)/atmel/studio/7.0/toolchain/arm/arm-gnu-toolchain/bin/../lib/gcc/arm-none-eabi/6.3.1/../../../../arm-none-eabi/lib/thumb/v6-m\libc_nano.a(lib_a-impure.o)
__stack                                           c:/program files (x86)/atmel/studio/7.0/toolchain/arm/arm-gnu-toolchain/bin/../lib/gcc/arm-none-eabi/6.3.1/../../../../arm-none-eabi/lib/thumb/v6-m/crt0.o
__udivsi3                                         c:/program files (x86)/atmel/studio/7.0/toolchain/arm/arm-gnu-toolchain/bin/../lib/gcc/arm-none-eabi/6.3.1/thumb/v6-m\libgcc.a(_udivsi3.o)
_close                                            src/ASF/sam0/utils/syscalls/gcc/syscalls.o
_end                                              src/ASF/sam0/utils/syscalls/gcc/syscalls.o
_erelocate                                        src/ASF/sam0/utils/cmsis/samd21/source/gcc/startup_samd21.o
_estack                                           src/ASF/sam0/utils/cmsis/samd21/source/gcc/startup_samd21.o
_etext                                            src/ASF/sam0/utils/cmsis/samd21/source/gcc/startup_samd21.o
_exit                                             src/ASF/sam0/utils/syscalls/gcc/syscalls.o
                                                  c:/program files (x86)/atmel/studio/7.0/toolchain/arm/arm-gnu-toolchain/bin/../lib/gcc/arm-none-eabi/6.3.1/../../../../arm-none-eabi/lib/thumb/v6-m\libc_nano.a(lib_a-exit.o)
_ezero                                            src/ASF/sam0/utils/cmsis/samd21/source/gcc/startup_samd21.o
_fini                                             c:/program files (x86)/atmel/studio/7.0/toolchain/arm/arm-gnu-toolchain/bin/../lib/gcc/arm-none-eabi/6.3.1/thumb/v6-m/crti.o
_fstat                                            src/ASF/sam0/utils/syscalls/gcc/syscalls.o
_getpid                                           src/ASF/sam0/utils/syscalls/gcc/syscalls.o
_global_impure_ptr                                c:/program files (x86)/atmel/studio/7.0/toolchain/arm/arm-gnu-toolchain/bin/../lib/gcc/arm-none-eabi/6.3.1/../../../../arm-none-eabi/lib/thumb/v6-m\libc_nano.a(lib_a-impure.o)
                                                  c:/program files (x86)/atmel/studio/7.0/toolchain/arm/arm-gnu-toolchain/bin/../lib/gcc/arm-none-eabi/6.3.1/../../../../arm-none-eabi/lib/thumb/v6-m\libc_nano.a(lib_a-exit.o)
_impure_ptr                                       c:/program files (x86)/atmel/studio/7.0/toolchain/arm/arm-gnu-toolchain/bin/../lib/gcc/arm-none-eabi/6.3.1/../../../../arm-none-eabi/lib/thumb/v6-m\libc_nano.a(lib_a-impure.o)
_init                                             c:/program files (x86)/atmel/studio/7.0/toolchain/arm/arm-gnu-toolchain/bin/../lib/gcc/arm-none-eabi/6.3.1/thumb/v6-m/crti.o
                                                  c:/program files (x86)/atmel/studio/7.0/toolchain/arm/arm-gnu-toolchain/bin/../lib/gcc/arm-none-eabi/6.3.1/../../../../arm-none-eabi/lib/thumb/v6-m\libc_nano.a(lib_a-init.o)
_isatty                                           src/ASF/sam0/utils/syscalls/gcc/syscalls.o
_kill                                             src/ASF/sam0/utils/syscalls/gcc/syscalls.o
_lseek                                            src/ASF/sam0/utils/syscalls/gcc/syscalls.o
_mainCRTStartup                                   c:/program files (x86)/atmel/studio/7.0/toolchain/arm/arm-gnu-toolchain/bin/../lib/gcc/arm-none-eabi/6.3.1/../../../../arm-none-eabi/lib/thumb/v6-m/crt0.o
_sbrk                                             src/ASF/sam0/utils/syscalls/gcc/syscalls.o
_sfixed                                           src/ASF/sam0/utils/cmsis/samd21/source/gcc/startup_samd21.o
_srelocate                                        src/ASF/sam0/utils/cmsis/samd21/source/gcc/startup_samd21.o
_start                                            c:/program files (x86)/atmel/studio/7.0/toolchain/arm/arm-gnu-toolchain/bin/../lib/gcc/arm-none-eabi/6.3.1/../../../../arm-none-eabi/lib/thumb/v6-m/crt0.o
_system_divas_init                                src/ASF/sam0/drivers/system/system.o
_system_dummy_init                                src/ASF/sam0/drivers/system/system.o
_system_events_init                               src/ASF/sam0/drivers/system/system.o
_system_extint_init                               src/ASF/sam0/drivers/system/system.o
_szero                                            src/ASF/sam0/utils/cmsis/samd21/source/gcc/startup_samd21.o
atexit                                            c:/program files (x86)/atmel/studio/7.0/toolchain/arm/arm-gnu-toolchain/bin/../lib/gcc/arm-none-eabi/6.3.1/../../../../arm-none-eabi/lib/thumb/v6-m/crt0.o
board_init                                        src/ASF/common2/boards/user_board/init.o
clocks_map_gclk_to_peripheral_clock               src/CLOCKS/driver_clocks.o
                                                  src/TIMER/driver_timer.o
                                                  src/PLATFORM/platform_io.o
clocks_start_48MDFLL                              src/CLOCKS/driver_clocks.o
                                                  src/main.o
comms_hid_msgs_parse                              src/COMMS/comms_hid_msgs.o
comms_main_init_rx                                src/COMMS/comms_main_mcu.o
                                                  src/main.o
comms_main_mcu_ble_msg_answered_using_first_bytes src/COMMS/comms_main_mcu.o
comms_main_mcu_deal_with_non_usb_non_ble_message  src/COMMS/comms_main_mcu.o
comms_main_mcu_get_temp_tx_message_object_pt      src/COMMS/comms_main_mcu.o
comms_main_mcu_other_msg_answered_using_first_bytes src/COMMS/comms_main_mcu.o
comms_main_mcu_routine                            src/COMMS/comms_main_mcu.o
                                                  src/main.o
comms_main_mcu_send_message                       src/COMMS/comms_main_mcu.o
                                                  src/COMMS/comms_usb.o
comms_main_mcu_usb_msg_answered_using_first_bytes src/COMMS/comms_main_mcu.o
comms_usb_arm_packet_receive                      src/COMMS/comms_usb.o
comms_usb_communication_routine                   src/COMMS/comms_usb.o
                                                  src/main.o
comms_usb_configuration_callback                  src/COMMS/comms_usb.o
                                                  src/USB/usb.o
comms_usb_expect_flip_bit_state_set               src/COMMS/comms_usb.o
comms_usb_expected_packet_number                  src/COMMS/comms_usb.o
comms_usb_raw_hid_packet_being_sent               src/COMMS/comms_usb.o
comms_usb_raw_hid_packet_receive_length           src/COMMS/comms_usb.o
comms_usb_raw_hid_packet_received                 src/COMMS/comms_usb.o
comms_usb_raw_hid_recv_callback                   src/COMMS/comms_usb.o
                                                  src/USB/udc.o
comms_usb_raw_hid_send_callback                   src/COMMS/comms_usb.o
                                                  src/USB/udc.o
comms_usb_send_hid_message                        src/COMMS/comms_usb.o
                                                  src/COMMS/comms_main_mcu.o
comms_usb_send_raw_hid_packet                     src/COMMS/comms_usb.o
comms_usb_temp_mcu_message_fill_index             src/COMMS/comms_usb.o
comms_usb_temp_mcu_message_to_send                src/COMMS/comms_usb.o
comms_usb_total_expected_packets                  src/COMMS/comms_usb.o
context_timers                                    src/TIMER/driver_timer.o
cpu_irq_enter_critical                            src/ASF/common/utils/interrupt/interrupt_sam_nvic.o
                                                  src/main.o
                                                  src/ASF/sam0/drivers/system/clock/clock_samd21_r21_da_ha1/gclk.o
                                                  src/TIMER/driver_timer.o
                                                  src/DMA/dma.o
cpu_irq_leave_critical                            src/ASF/common/utils/interrupt/interrupt_sam_nvic.o
                                                  src/main.o
                                                  src/ASF/sam0/drivers/system/clock/clock_samd21_r21_da_ha1/gclk.o
                                                  src/TIMER/driver_timer.o
                                                  src/DMA/dma.o
dbg_mcu_hid_msg_recv                              src/COMMS/comms_usb.o
dbg_mcu_hid_msg_sent                              src/COMMS/comms_usb.o
dma_aux_mcu_packet_received                       src/DMA/dma.o
dma_descriptors                                   src/DMA/dma.o
dma_init                                          src/DMA/dma.o
                                                  src/main.o
dma_main_mcu_ble_msg_received                     src/DMA/dma.o
                                                  src/COMMS/comms_main_mcu.o
dma_main_mcu_ble_rcv_message                      src/DMA/dma.o
dma_main_mcu_check_and_clear_dma_transfer_flag    src/DMA/dma.o
dma_main_mcu_disable_transfer                     src/DMA/dma.o
dma_main_mcu_get_remaining_bytes_for_rx_transfer  src/DMA/dma.o
                                                  src/COMMS/comms_main_mcu.o
dma_main_mcu_init_rx_transfer                     src/DMA/dma.o
                                                  src/COMMS/comms_main_mcu.o
dma_main_mcu_init_tx_transfer                     src/DMA/dma.o
                                                  src/COMMS/comms_main_mcu.o
dma_main_mcu_other_message                        src/DMA/dma.o
                                                  src/COMMS/comms_main_mcu.o
dma_main_mcu_other_msg_received                   src/DMA/dma.o
                                                  src/COMMS/comms_main_mcu.o
dma_main_mcu_packet_sent                          src/DMA/dma.o
dma_main_mcu_temp_rcv_message                     src/DMA/dma.o
                                                  src/COMMS/comms_main_mcu.o
dma_main_mcu_usb_msg_received                     src/DMA/dma.o
                                                  src/COMMS/comms_main_mcu.o
dma_main_mcu_usb_rcv_message                      src/DMA/dma.o
                                                  src/COMMS/comms_main_mcu.o
dma_wait_for_main_mcu_packet_sent                 src/DMA/dma.o
dma_writeback_descriptors                         src/DMA/dma.o
exception_table                                   src/ASF/sam0/utils/cmsis/samd21/source/gcc/startup_samd21.o
exit                                              c:/program files (x86)/atmel/studio/7.0/toolchain/arm/arm-gnu-toolchain/bin/../lib/gcc/arm-none-eabi/6.3.1/../../../../arm-none-eabi/lib/thumb/v6-m\libc_nano.a(lib_a-exit.o)
                                                  c:/program files (x86)/atmel/studio/7.0/toolchain/arm/arm-gnu-toolchain/bin/../lib/gcc/arm-none-eabi/6.3.1/../../../../arm-none-eabi/lib/thumb/v6-m/crt0.o
fuses_check_program                               src/SECURITY/fuses.o
                                                  src/main.o
g_interrupt_enabled                               src/ASF/common/utils/interrupt/interrupt_sam_nvic.o
hardware_init_hook                                c:/program files (x86)/atmel/studio/7.0/toolchain/arm/arm-gnu-toolchain/bin/../lib/gcc/arm-none-eabi/6.3.1/../../../../arm-none-eabi/lib/thumb/v6-m/crt0.o
jump_to_application_function                      src/main.o
jump_to_application_function_addr                 src/main.o
keyboard_hid_report_desc                          src/USB/usb_descriptors.o
                                                  src/USB/usb.o
link                                              src/ASF/sam0/utils/syscalls/gcc/syscalls.o
main                                              src/main.o
                                                  src/ASF/sam0/utils/cmsis/samd21/source/gcc/startup_samd21.o
                                                  c:/program files (x86)/atmel/studio/7.0/toolchain/arm/arm-gnu-toolchain/bin/../lib/gcc/arm-none-eabi/6.3.1/../../../../arm-none-eabi/lib/thumb/v6-m/crt0.o
main_mcu_send_message                             src/COMMS/comms_main_mcu.o
main_platform_init                                src/main.o
main_standby_sleep                                src/main.o
                                                  src/COMMS/comms_main_mcu.o
memcpy                                            c:/program files (x86)/atmel/studio/7.0/toolchain/arm/arm-gnu-toolchain/bin/../lib/gcc/arm-none-eabi/6.3.1/../../../../arm-none-eabi/lib/thumb/v6-m\libc_nano.a(lib_a-memcpy-stub.o)
                                                  src/USB/udc.o
                                                  src/DMA/dma.o
                                                  src/COMMS/comms_usb.o
                                                  src/COMMS/comms_hid_msgs.o
memset                                            c:/program files (x86)/atmel/studio/7.0/toolchain/arm/arm-gnu-toolchain/bin/../lib/gcc/arm-none-eabi/6.3.1/../../../../arm-none-eabi/lib/thumb/v6-m\libc_nano.a(lib_a-memset.o)
                                                  src/USB/usb.o
                                                  src/USB/udc.o
                                                  src/COMMS/comms_usb.o
                                                  c:/program files (x86)/atmel/studio/7.0/toolchain/arm/arm-gnu-toolchain/bin/../lib/gcc/arm-none-eabi/6.3.1/../../../../arm-none-eabi/lib/thumb/v6-m/crt0.o
platform_io_disable_main_comms                    src/PLATFORM/platform_io.o
platform_io_enable_main_comms                     src/PLATFORM/platform_io.o
platform_io_init_aux_comms                        src/PLATFORM/platform_io.o
platform_io_init_ports                            src/PLATFORM/platform_io.o
                                                  src/main.o
platform_io_init_usb_ports                        src/PLATFORM/platform_io.o
platform_io_prepare_ports_for_sleep               src/PLATFORM/platform_io.o
                                                  src/main.o
platform_io_prepare_ports_for_sleep_exit          src/PLATFORM/platform_io.o
                                                  src/main.o
software_init_hook                                c:/program files (x86)/atmel/studio/7.0/toolchain/arm/arm-gnu-toolchain/bin/../lib/gcc/arm-none-eabi/6.3.1/../../../../arm-none-eabi/lib/thumb/v6-m/crt0.o
strlen                                            c:/program files (x86)/atmel/studio/7.0/toolchain/arm/arm-gnu-toolchain/bin/../lib/gcc/arm-none-eabi/6.3.1/../../../../arm-none-eabi/lib/thumb/v6-m\libc_nano.a(lib_a-strlen.o)
                                                  src/USB/usb.o
sysTick                                           src/TIMER/driver_timer.o
system_board_init                                 src/ASF/common2/boards/user_board/init.o
system_clock_init                                 src/ASF/sam0/drivers/system/clock/clock_samd21_r21_da_ha1/clock.o
system_clock_source_dfll_set_config               src/ASF/sam0/drivers/system/clock/clock_samd21_r21_da_ha1/clock.o
system_clock_source_disable                       src/ASF/sam0/drivers/system/clock/clock_samd21_r21_da_ha1/clock.o
system_clock_source_dpll_set_config               src/ASF/sam0/drivers/system/clock/clock_samd21_r21_da_ha1/clock.o
system_clock_source_enable                        src/ASF/sam0/drivers/system/clock/clock_samd21_r21_da_ha1/clock.o
system_clock_source_get_hz                        src/ASF/sam0/drivers/system/clock/clock_samd21_r21_da_ha1/clock.o
                                                  src/ASF/sam0/drivers/system/clock/clock_samd21_r21_da_ha1/gclk.o
system_clock_source_is_ready                      src/ASF/sam0/drivers/system/clock/clock_samd21_r21_da_ha1/clock.o
system_clock_source_osc32k_set_config             src/ASF/sam0/drivers/system/clock/clock_samd21_r21_da_ha1/clock.o
system_clock_source_osc8m_set_config              src/ASF/sam0/drivers/system/clock/clock_samd21_r21_da_ha1/clock.o
system_clock_source_write_calibration             src/ASF/sam0/drivers/system/clock/clock_samd21_r21_da_ha1/clock.o
system_clock_source_xosc32k_set_config            src/ASF/sam0/drivers/system/clock/clock_samd21_r21_da_ha1/clock.o
system_clock_source_xosc_set_config               src/ASF/sam0/drivers/system/clock/clock_samd21_r21_da_ha1/clock.o
system_gclk_chan_disable                          src/ASF/sam0/drivers/system/clock/clock_samd21_r21_da_ha1/gclk.o
system_gclk_chan_enable                           src/ASF/sam0/drivers/system/clock/clock_samd21_r21_da_ha1/gclk.o
system_gclk_chan_get_hz                           src/ASF/sam0/drivers/system/clock/clock_samd21_r21_da_ha1/gclk.o
                                                  src/ASF/sam0/drivers/system/clock/clock_samd21_r21_da_ha1/clock.o
system_gclk_chan_is_enabled                       src/ASF/sam0/drivers/system/clock/clock_samd21_r21_da_ha1/gclk.o
system_gclk_chan_is_locked                        src/ASF/sam0/drivers/system/clock/clock_samd21_r21_da_ha1/gclk.o
system_gclk_chan_lock                             src/ASF/sam0/drivers/system/clock/clock_samd21_r21_da_ha1/gclk.o
system_gclk_chan_set_config                       src/ASF/sam0/drivers/system/clock/clock_samd21_r21_da_ha1/gclk.o
                                                  src/ASF/sam0/drivers/system/clock/clock_samd21_r21_da_ha1/clock.o
system_gclk_gen_disable                           src/ASF/sam0/drivers/system/clock/clock_samd21_r21_da_ha1/gclk.o
system_gclk_gen_enable                            src/ASF/sam0/drivers/system/clock/clock_samd21_r21_da_ha1/gclk.o
                                                  src/ASF/sam0/drivers/system/clock/clock_samd21_r21_da_ha1/clock.o
system_gclk_gen_get_hz                            src/ASF/sam0/drivers/system/clock/clock_samd21_r21_da_ha1/gclk.o
system_gclk_gen_is_enabled                        src/ASF/sam0/drivers/system/clock/clock_samd21_r21_da_ha1/gclk.o
system_gclk_gen_set_config                        src/ASF/sam0/drivers/system/clock/clock_samd21_r21_da_ha1/gclk.o
                                                  src/ASF/sam0/drivers/system/clock/clock_samd21_r21_da_ha1/clock.o
system_gclk_init                                  src/ASF/sam0/drivers/system/clock/clock_samd21_r21_da_ha1/gclk.o
                                                  src/ASF/sam0/drivers/system/clock/clock_samd21_r21_da_ha1/clock.o
system_init                                       src/ASF/sam0/drivers/system/system.o
system_interrupt_clear_pending                    src/ASF/sam0/drivers/system/interrupt/system_interrupt.o
system_interrupt_get_priority                     src/ASF/sam0/drivers/system/interrupt/system_interrupt.o
system_interrupt_is_pending                       src/ASF/sam0/drivers/system/interrupt/system_interrupt.o
system_interrupt_set_pending                      src/ASF/sam0/drivers/system/interrupt/system_interrupt.o
system_interrupt_set_priority                     src/ASF/sam0/drivers/system/interrupt/system_interrupt.o
system_pinmux_group_set_config                    src/ASF/sam0/drivers/system/pinmux/pinmux.o
system_pinmux_group_set_input_sample_mode         src/ASF/sam0/drivers/system/pinmux/pinmux.o
system_pinmux_group_set_output_strength           src/ASF/sam0/drivers/system/pinmux/pinmux.o
system_pinmux_pin_set_config                      src/ASF/sam0/drivers/system/pinmux/pinmux.o
timer_delay_ms                                    src/TIMER/driver_timer.o
timer_get_calendar                                src/TIMER/driver_timer.o
timer_get_systick                                 src/TIMER/driver_timer.o
timer_get_timer_val                               src/TIMER/driver_timer.o
timer_has_timer_expired                           src/TIMER/driver_timer.o
timer_initialize_timebase                         src/TIMER/driver_timer.o
                                                  src/main.o
timer_ms_tick                                     src/TIMER/driver_timer.o
timer_start_timer                                 src/TIMER/driver_timer.o
udc_attach                                        src/USB/udc.o
                                                  src/COMMS/comms_main_mcu.o
udc_configure_endpoint                            src/USB/udc.o
                                                  src/USB/usb.o
udc_control_send                                  src/USB/udc.o
                                                  src/USB/usb.o
udc_control_send_zlp                              src/USB/udc.o
                                                  src/USB/usb.o
udc_control_stall                                 src/USB/udc.o
                                                  src/USB/usb.o
udc_detach                                        src/USB/udc.o
udc_endpoint_clear_feature                        src/USB/udc.o
                                                  src/USB/usb.o
udc_endpoint_configured                           src/USB/udc.o
                                                  src/USB/usb.o
udc_endpoint_get_status                           src/USB/udc.o
                                                  src/USB/usb.o
udc_endpoint_set_feature                          src/USB/udc.o
                                                  src/USB/usb.o
udc_init                                          src/USB/udc.o
                                                  src/USB/usb.o
udc_recv                                          src/USB/udc.o
                                                  src/USB/usb.o
udc_recv_callback                                 src/USB/usb.o
udc_reset_endpoint                                src/USB/udc.o
udc_send                                          src/USB/udc.o
                                                  src/USB/usb.o
udc_send_callback                                 src/USB/usb.o
udc_set_address                                   src/USB/udc.o
                                                  src/USB/usb.o
usb_configuration_hierarchy                       src/USB/usb_descriptors.o
                                                  src/USB/usb.o
usb_device_descriptor                             src/USB/usb_descriptors.o
                                                  src/USB/usb.o
                                                  src/USB/udc.o
usb_handle_standard_request                       src/USB/usb.o
                                                  src/USB/udc.o
usb_hid_report_descriptor                         src/USB/usb_descriptors.o
                                                  src/USB/usb.o
usb_init                                          src/USB/usb.o
                                                  src/main.o
usb_recv                                          src/USB/usb.o
                                                  src/COMMS/comms_usb.o
usb_send                                          src/USB/usb.o
                                                  src/COMMS/comms_usb.o
usb_string_descriptor_buffer                      src/USB/usb_descriptors.o
                                                  src/USB/usb.o
usb_string_descriptor_zero                        src/USB/usb_descriptors.o
                                                  src/USB/usb.o
usb_strings                                       src/USB/usb_descriptors.o
                                                  src/USB/usb.o
