dbflash.c:31:6:dbflash_memory_boundary_error_callblack	8	static
dbflash.c:46:6:dbflash_send_command	24	static
dbflash.c:66:10:dbflash_check_presence	16	static
dbflash.c:88:6:dbflash_enter_ultra_deep_power_down	16	static
dbflash.c:120:6:dbflash_send_data_with_four_bytes_opcode	24	static
dbflash.c:148:6:dbflash_send_data_with_four_bytes_opcode_no_readback	24	static
dbflash.c:177:6:dbflash_send_pattern_data_with_four_bytes_opcode	32	static
dbflash.c:202:6:dbflash_wait_for_not_busy	16	static
dbflash.c:231:6:dbflash_sector_zero_erase	24	static
dbflash.c:255:6:dbflash_sector_erase	24	static
dbflash.c:277:6:dbflash_chip_erase	16	static
dbflash.c:292:6:dbflash_block_erase	24	static
dbflash.c:316:6:dbflash_page_erase	24	static
dbflash.c:339:6:dbflash_format_flash	16	static
dbflash.c:355:6:dbflash_load_page_to_internal_buffer	24	static
dbflash.c:383:6:dbflash_write_data_pattern_to_flash	40	static
dbflash.c:423:6:dbflash_write_data_to_flash	32	static
dbflash.c:463:6:dbflash_read_data_from_flash	32	static
dbflash.c:501:6:dbflash_raw_read	40	static
dbflash.c:520:6:dbflash_write_buffer	24	static
dbflash.c:533:6:dbflash_flash_write_buffer_to_page	24	static
