logic_power.c:86:6:logic_power_ms_tick	8	static
logic_power.c:130:6:logic_power_30m_tick	8	static
logic_power.c:181:10:logic_power_debug_get_last_adc_measurement	0	static
logic_power.c:190:16:logic_power_get_current_charge_type	0	static
logic_power.c:199:26:logic_power_get_power_consumption_log_pt	0	static
logic_power.c:208:30:logic_power_get_eoc_aux_diag_data_pt	0	static
logic_power.c:217:6:logic_power_set_power_source	0	static
logic_power.c:226:6:logic_power_skip_queue_logic_for_upcoming_adc_measurements	0	static
logic_power.c:236:17:logic_power_get_power_source	0	static
logic_power.c:244:6:logic_power_switch_off_after_usb_disconnect	0	static
logic_power.c:313:6:logic_power_power_down_actions	88	static
logic_power.c:328:6:logic_power_get_lifetime_log	8	static
logic_power.c:339:10:logic_power_get_and_ack_new_battery_level	0	static
logic_power.c:349:10:logic_power_get_battery_level	0	static
logic_power.c:395:6:logic_power_store_aux_charge_done_diag_data	8	static
logic_power.c:405:6:logic_power_set_battery_charging_bool	16	static
logic_power.c:425:6:logic_power_is_battery_charging	0	static
logic_power.c:433:6:logic_power_signal_battery_error	0	static
logic_power.c:442:18:logic_power_get_battery_state	0	static
logic_power.c:476:6:logic_power_inform_of_over_discharge	0	static
logic_power.c:484:6:logic_power_get_and_reset_over_discharge_flag	0	static
logic_power.c:495:6:logic_power_register_vbat_adc_measurement	8	static
logic_power.c:366:6:logic_power_set_battery_level_update_from_aux	32	static
logic_power.c:503:6:logic_power_usb_enumerate_just_sent	0	static
logic_power.c:511:6:logic_power_is_usb_enumerate_sent_clear_bool	0	static
logic_power.c:521:6:logic_power_compute_battery_state	80	static
logic_power.c:253:6:logic_power_init	16	static
logic_power.c:606:17:logic_power_check_power_switch_and_battery	24	static
logic_power.c:833:6:logic_power_routine	8	static
logic_power.c:882:10:logic_power_battery_recondition	40	static
