logic_aux_mcu.c:43:6:logic_aux_mcu_set_ble_enabled_bool	0	static
logic_aux_mcu.c:52:6:logic_aux_mcu_set_usb_enumerated_bool	0	static
logic_aux_mcu.c:62:6:logic_aux_mcu_is_ble_enabled	0	static
logic_aux_mcu.c:71:6:logic_aux_mcu_is_usb_just_enumerated	0	static
logic_aux_mcu.c:82:6:logic_aux_mcu_is_usb_enumerated	0	static
logic_aux_mcu.c:91:6:logic_aux_mcu_enable_ble	24	static
logic_aux_mcu.c:140:6:logic_aux_mcu_disable_ble	8	static
logic_aux_mcu.c:165:6:logic_aux_mcu_update_aux_mcu_of_new_battery_level	8	static
logic_aux_mcu.c:185:10:logic_aux_mcu_get_ble_chip_id	24	static
logic_aux_mcu.c:221:10:logic_aux_mcu_flash_firmware_update	56	static
