logic_encryption.c:65:18:logic_encryption_get_cur_cpz_lut_entry	0	static
logic_encryption.c:95:6:logic_encryption_add_vector_to_other	16	static
logic_encryption.c:113:6:logic_encryption_xor_vector_to_other	12	static
logic_encryption.c:125:6:logic_encryption_get_cpz_lut_entry	8	static
logic_encryption.c:188:6:logic_encryption_delete_context	8	static
logic_encryption.c:198:6:logic_encryption_pre_ctr_tasks	24	static
logic_encryption.c:224:6:logic_encryption_post_ctr_tasks	0	static
logic_encryption.c:240:6:logic_encryption_ctr_encrypt	48	static
logic_encryption.c:271:6:logic_encryption_ctr_decrypt	64	static
logic_encryption.c:322:6:logic_encryption_sha256_init	8	static
logic_encryption.c:332:6:logic_encryption_sha256_update	8	static
logic_encryption.c:341:6:logic_encryption_sha256_final	8	static
logic_encryption.c:349:6:logic_encryption_ecc256_init	16	static
logic_encryption.c:143:6:logic_encryption_init_context	64	static
logic_encryption.c:362:6:logic_encryption_edDSA_init	0	static
logic_encryption.c:373:6:logic_encryption_ecc256_sign	24	static
logic_encryption.c:393:6:logic_encryption_edDSA_sign	24	static
logic_encryption.c:404:6:logic_encryption_ecc256_load_key	8	static
logic_encryption.c:416:6:logic_encryption_edDSA_load_key	8	static
logic_encryption.c:427:6:logic_encryption_ecc256_generate_private_key	24	static
logic_encryption.c:441:6:logic_encryption_edDSA_generate_private_key	8	static
logic_encryption.c:451:6:logic_encryption_ecc256_derive_public_key	96	static
logic_encryption.c:480:6:logic_encryption_edDSA_derive_public_key	8	static
logic_encryption.c:510:10:logic_encryption_generate_totp	496	static
