logic_device.c:55:6:logic_device_set_time_set	0	static
logic_device.c:63:6:logic_device_set_settings_changed	0	static
logic_device.c:71:6:logic_device_is_time_set	0	static
logic_device.c:80:6:logic_device_get_and_clear_settings_changed_flag	0	static
logic_device.c:91:6:logic_device_get_and_clear_usb_timeout_detected	0	static
logic_device.c:101:6:logic_device_set_usb_timeout_detected	0	static
logic_device.c:110:15:logic_device_get_aux_wakeup_rcvd	0	static
logic_device.c:118:6:logic_device_clear_aux_wakeup_rcvd	0	static
logic_device.c:127:6:logic_device_set_wakeup_reason	0	static
logic_device.c:142:6:logic_device_clear_wakeup_reason	0	static
logic_device.c:152:9:logic_device_get_screen_current_for_current_use	8	static
logic_device.c:168:36:logic_device_get_wakeup_reason	0	static
logic_device.c:176:6:logic_device_power_off	8	static
logic_device.c:191:6:logic_device_activity_detected	8	static
logic_device.c:250:13:logic_device_bundle_update_start	336	static
logic_device.c:357:6:logic_device_bundle_update_end	8	static
logic_device.c:403:6:logic_device_set_state_changed	8	static
logic_device.c:414:6:logic_device_get_state_changed_and_reset_bool	0	static
