logic_database.c:38:10:logic_database_get_prev_2_fletters_services	328	static
logic_database.c:136:10:logic_database_get_next_2_fletters_services	320	static
logic_database.c:203:10:logic_database_search_for_next_data_parent_after_addr	296	static
logic_database.c:269:10:logic_database_search_service	592	static
logic_database.c:402:10:logic_database_search_webauthn_userhandle_in_service	296	static
logic_database.c:454:10:logic_database_search_webauthn_credential_id_in_service	288	static
logic_database.c:501:10:logic_database_search_login_in_service	304	static
logic_database.c:545:6:logic_database_get_login_for_address	272	static
logic_database.c:565:6:logic_database_get_webauthn_username_for_address	272	static
logic_database.c:586:6:logic_database_get_webauthn_userhandle_for_address	280	static
logic_database.c:621:6:logic_database_get_webauthn_data_for_address_and_inc_count	288	static
logic_database.c:670:10:logic_database_get_number_of_creds_for_service	304	static
logic_database.c:739:10:logic_database_add_service	296	static
logic_database.c:768:10:logic_database_add_child_node_to_data_service	48	static
logic_database.c:825:6:logic_database_update_webauthn_credential	560	static
logic_database.c:861:6:logic_database_update_credential	576	static
logic_database.c:935:10:logic_database_update_TOTP_credentials	568	static
logic_database.c:987:10:logic_database_add_webauthn_credential_for_service	568	static
logic_database.c:1036:10:logic_database_add_credential_for_service	560	static
logic_database.c:1089:10:logic_database_add_TOTP_credential_for_service	568	static
logic_database.c:1133:6:logic_database_fetch_encrypted_password	544	static
logic_database.c:1164:6:logic_database_fetch_encrypted_TOTPsecret	544	static
logic_database.c:1197:10:logic_database_fill_get_cred_message_answer	560	static
