logic_user.c:83:6:logic_user_invalidate_preferred_starting_service	0	static
logic_user.c:95:6:logic_user_set_preferred_starting_service	8	static
logic_user.c:105:6:logic_user_reset_computer_locked_state	0	static
logic_user.c:122:6:logic_user_inform_computer_locked_state	0	static
logic_user.c:154:6:logic_user_init_context	40	static
logic_user.c:180:10:logic_user_is_bluetooth_enabled_for_inserted_card	32	static
logic_user.c:211:6:logic_user_set_user_to_be_logged_off_flag	0	static
logic_user.c:220:6:logic_user_set_category_to_switch_to	0	static
logic_user.c:234:6:logic_user_is_category_to_be_switched	0	static
logic_user.c:245:6:logic_user_get_and_clear_user_to_be_logged_off_flag	0	static
logic_user.c:256:10:logic_user_get_user_security_flags	0	static
logic_user.c:265:6:logic_user_get_lock_unlock_shortcut_enabled	0	static
logic_user.c:274:6:logic_user_set_language	8	static
logic_user.c:284:6:logic_user_set_layout_id	8	static
logic_user.c:300:9:logic_user_get_current_user_id	8	static
logic_user.c:319:6:logic_user_get_user_cards_cpz	8	static
logic_user.c:333:6:logic_user_set_user_security_flag	8	static
logic_user.c:344:6:logic_user_clear_user_security_flag	8	static
logic_user.c:361:13:logic_user_create_new_user_for_existing_card	112	static
logic_user.c:405:13:logic_user_create_new_user	408	static
logic_user.c:527:10:logic_user_check_credential	152	static
logic_user.c:597:22:logic_user_store_webauthn_credential	128	static
logic_user.c:696:10:logic_user_get_data_from_service	320	static
logic_user.c:861:10:logic_user_add_data_to_current_service	8	static
logic_user.c:901:10:logic_user_empty_data_service	48	static
logic_user.c:972:10:logic_user_check_data_service	16	static
logic_user.c:1002:10:logic_user_add_data_service	56	static
logic_user.c:1071:10:logic_user_delete_data_service	56	static
logic_user.c:1129:6:logic_user_change_node_password	160	static
logic_user.c:1154:10:logic_user_store_credential	200	static
logic_user.c:1299:10:logic_user_store_TOTP_credential	144	static
logic_user.c:1423:22:logic_user_get_webauthn_credential_key_for_rp	240	static
logic_user.c:1635:6:logic_user_usb_get_credential	992	static
logic_user.c:2380:10:logic_user_ask_for_credentials_keyb_output	944	static
logic_user.c:1962:6:logic_user_manual_select_favorite	632	static
logic_user.c:2129:6:logic_user_manual_select_login	632	static
logic_user.c:2874:6:logic_user_unlocked_feature_trigger	40	static
logic_user.c:2971:6:logic_user_locked_feature_trigger	16	static
