nodemgmt.c:47:6:nodemgmt_set_current_date	0	static
nodemgmt.c:56:10:nodemgmt_get_current_date	0	static
nodemgmt.c:66:10:nodemgmt_get_incremented_address	0	static
nodemgmt.c:128:10:nodemgmt_construct_date	0	static
nodemgmt.c:141:6:nodemgmt_extract_date	12	static
nodemgmt.c:154:10:nodemgmt_check_user_perm_from_flags	0	static
nodemgmt.c:171:6:nodemgmt_check_user_perm_from_flags_and_lock	8	static
nodemgmt.c:184:10:nodemgmt_check_address_validity	0	static
nodemgmt.c:204:6:nodemgmt_check_address_validity_and_lock	8	static
nodemgmt.c:227:10:nodemgmt_check_user_permission	32	static
nodemgmt.c:265:6:nodemgmt_write_parent_node_data_block_to_flash	24	static
nodemgmt.c:279:6:nodemgmt_write_child_node_block_to_flash	32	static
nodemgmt.c:306:6:nodemgmt_read_parent_node_data_block_from_flash	24	static
nodemgmt.c:319:6:nodemgmt_read_parent_node	16	static
nodemgmt.c:338:10:nodemgmt_read_parent_node_permissive	24	static
nodemgmt.c:376:6:nodemgmt_set_last_used_child_node_for_service	16	static
nodemgmt.c:401:6:nodemgmt_read_child_node_data_block_from_flash	24	static
nodemgmt.c:414:6:nodemgmt_read_cred_child_node	32	static
nodemgmt.c:457:6:nodemgmt_read_cred_child_node_except_pwd	8	static
nodemgmt.c:474:6:nodemgmt_read_webauthn_child_node_except_display_name	48	static
nodemgmt.c:535:6:nodemgmt_read_webauthn_child_node	16	static
nodemgmt.c:571:6:nodemgmt_get_user_profile_starting_offset	16	static
nodemgmt.c:599:6:nodemgmt_get_bluetooth_bonding_info_starting_offset	16	static
nodemgmt.c:640:6:nodemgmt_get_user_category_names_starting_offset	16	static
nodemgmt.c:670:6:nodemgmt_format_user_profile	320	static
nodemgmt.c:709:6:nodemgmt_delete_all_bluetooth_bonding_information	24	static
nodemgmt.c:736:10:nodemgmt_store_bluetooth_bonding_information	80	static
nodemgmt.c:814:10:nodemgmt_get_bluetooth_bonding_information_for_mac_addr	64	static
nodemgmt.c:855:10:nodemgmt_get_bluetooth_bonding_information_for_irk	72	static
nodemgmt.c:891:6:nodemgmt_get_bluetooth_bonding_information_irks	48	static
nodemgmt.c:922:6:nodemgmt_store_user_sec_preferences	24	static
nodemgmt.c:932:10:nodemgmt_get_user_sec_preferences	32	static
nodemgmt.c:946:6:nodemgmt_store_user_language	24	static
nodemgmt.c:956:6:nodemgmt_store_user_layout	24	static
nodemgmt.c:966:6:nodemgmt_store_user_ble_layout	24	static
nodemgmt.c:976:10:nodemgmt_get_user_language	32	static
nodemgmt.c:990:10:nodemgmt_get_user_layout	32	static
nodemgmt.c:1004:10:nodemgmt_get_user_ble_layout	32	static
nodemgmt.c:1019:10:nodemgmt_get_user_nb_known_languages	32	static
nodemgmt.c:1034:10:nodemgmt_get_user_nb_known_keyboard_layouts	32	static
nodemgmt.c:1050:10:nodemgmt_get_prev_child_node_for_cur_category	40	static
nodemgmt.c:1132:10:nodemgmt_check_for_logins_with_category_in_parent_node	40	static
nodemgmt.c:1102:10:nodemgmt_get_next_child_node_for_cur_category	32	static
nodemgmt.c:1175:10:nodemgmt_get_prev_parent_node_for_cur_category	48	static
nodemgmt.c:1256:10:nodemgmt_get_next_parent_node_for_cur_category	48	static
nodemgmt.c:1343:10:nodemgmt_get_starting_parent_addr_for_category	8	static
nodemgmt.c:1352:10:nodemgmt_get_starting_parent_addr	32	static
nodemgmt.c:1372:10:nodemgmt_get_last_parent_addr	304	static
nodemgmt.c:1442:10:nodemgmt_get_starting_data_parent_addr	32	static
nodemgmt.c:1462:10:nodemgmt_get_start_addresses	16	static
nodemgmt.c:1474:10:nodemgmt_get_cred_change_number	24	static
nodemgmt.c:1488:10:nodemgmt_get_data_change_number	24	static
nodemgmt.c:1503:6:nodemgmt_set_cred_start_address	24	static
nodemgmt.c:1523:6:nodemgmt_set_data_start_address	24	static
nodemgmt.c:1542:6:nodemgmt_set_start_addresses	24	static
nodemgmt.c:1556:6:nodemgmt_set_cred_change_number	24	static
nodemgmt.c:1566:6:nodemgmt_set_data_change_number	24	static
nodemgmt.c:1579:6:nodemgmt_set_favorite	32	static
nodemgmt.c:1604:6:nodemgmt_read_favorite	40	static
nodemgmt.c:1632:6:nodemgmt_read_favorite_for_current_category	40	static
nodemgmt.c:1656:9:nodemgmt_get_next_non_null_favorite_after_index	64	static
nodemgmt.c:1698:9:nodemgmt_get_next_non_null_favorite_before_index	72	static
nodemgmt.c:1738:10:nodemgmt_get_favorites	16	static
nodemgmt.c:1748:6:nodemgmt_read_profile_ctr	16	static
nodemgmt.c:1757:6:nodemgmt_set_profile_ctr	16	static
nodemgmt.c:1766:6:nodemgmt_get_category_strings	24	static
nodemgmt.c:1779:6:nodemgmt_set_category_strings	16	static
nodemgmt.c:1789:6:nodemgmt_get_category_string	24	static
nodemgmt.c:1806:6:nodemgmt_set_category_string	16	static
nodemgmt.c:1826:10:nodemgmt_find_free_nodes	72	static
nodemgmt.c:1913:6:nodemgmt_scan_node_usage	16	static
nodemgmt.c:1927:10:nodemgmt_get_current_category_flags	0	static
nodemgmt.c:1936:10:nodemgmt_get_current_category	0	static
nodemgmt.c:1949:6:nodemgmt_get_prev_favorite_and_category_index	8	static
nodemgmt.c:1976:6:nodemgmt_get_next_favorite_and_category_index	8	static
nodemgmt.c:1999:6:nodemgmt_set_current_category_id	0	static
nodemgmt.c:2021:10:nodemgmt_get_sec_preference_for_user_id	32	static
nodemgmt.c:2044:6:nodemgmt_scan_for_last_parent_nodes	16	static
nodemgmt.c:1904:6:nodemgmt_trigger_db_ext_changed_actions	8	static
nodemgmt.c:2063:10:nodemgmt_get_user_language_for_user_id	32	static
nodemgmt.c:2094:6:nodemgmt_allow_new_change_number_increment	0	static
nodemgmt.c:2107:6:nodemgmt_fetch_favorites_filtered_by_cat_sorted	376	static
nodemgmt.c:2191:6:nodemgmt_init_context	104	static
nodemgmt.c:2252:6:nodemgmt_user_db_changed_actions	8	static
nodemgmt.c:2339:6:nodemgmt_delete_children_list	56	static
nodemgmt.c:2278:6:nodemgmt_delete_data_parent_and_its_children	40	static
nodemgmt.c:2383:6:nodemgmt_delete_current_user_from_flash	48	static
nodemgmt.c:2440:6:nodemgmt_update_data_parent_ctr_and_first_child_address	32	static
nodemgmt.c:2458:10:nodemgmt_get_first_child_address	8	static
nodemgmt.c:2476:10:nodemgmt_get_data_parent_next_child_address_ctr_and_prev_gen_flag	16	static
nodemgmt.c:2506:10:nodemgmt_get_encrypted_data_from_data_node	24	static
nodemgmt.c:2548:6:nodemgmt_update_child_data_node_with_next_address	16	static
nodemgmt.c:2569:10:nodemgmt_store_data_node	16	static
nodemgmt.c:2617:10:nodemgmt_create_generic_node	32	static
nodemgmt.c:2829:10:nodemgmt_create_parent_node	40	static
nodemgmt.c:2906:10:nodemgmt_create_child_node	40	static
