platform_io.c:44:6:EIC_Handler	8	static
platform_io.c:79:6:platform_io_scan_3v3	0	static
platform_io.c:110:6:platform_io_enable_switch	0	static
platform_io.c:119:6:platform_io_disable_switch_and_die	8	static
platform_io.c:136:6:platform_io_release_aux_reset	0	static
platform_io.c:146:6:platform_io_enable_ble	0	static
platform_io.c:154:6:platform_io_disable_ble	0	static
platform_io.c:162:6:ADC_Handler	0	static
platform_io.c:173:6:platform_io_is_voledin_conversion_result_ready	0	static
platform_io.c:182:10:platform_io_get_voledin_conversion_result	0	static
platform_io.c:192:10:platform_io_get_voledin_conversion_result_and_trigger_conversion	8	static
platform_io.c:212:10:platform_io_get_voledinmv_conversion_result_and_trigger_conversion	8	static
platform_io.c:237:6:platform_io_init_bat_adc_measurements	8	static
platform_io.c:268:10:platform_io_get_single_bandgap_measurement	16	static
platform_io.c:321:6:platform_io_enable_scroll_wheel_wakeup_interrupts	0	static
platform_io.c:339:6:platform_io_enable_smartcard_interrupt	8	static
platform_io.c:368:6:platform_io_disable_smartcard_interrupt	0	static
platform_io.c:381:6:platform_io_enable_aux_tx_wakeup_interrupt	0	static
platform_io.c:395:6:platform_io_disable_usb_3v3_wakeup_interrupt	0	static
platform_io.c:407:6:platform_io_enable_usb_3v3_wakeup_interrupt	0	static
platform_io.c:421:6:platform_io_disable_scroll_wheel_wakeup_interrupts	0	static
platform_io.c:438:6:platform_io_disable_aux_tx_wakeup_interrupt	0	static
platform_io.c:447:6:platform_io_disable_scroll_wheel_ports	8	static
platform_io.c:458:6:platform_io_init_scroll_wheel_ports	12	static
platform_io.c:477:6:platform_io_set_wheel_click_pull_down	0	static
platform_io.c:485:6:platform_io_set_wheel_click_low	0	static
platform_io.c:494:6:platform_io_init_smc_ports	32	static
platform_io.c:513:6:platform_io_use_internal_smc_det_pullup	0	static
platform_io.c:523:6:platform_io_use_external_smc_det_pullup	0	static
platform_io.c:533:6:platform_io_smc_remove_function	0	static
platform_io.c:549:6:platform_io_smc_inserted_function	16	static
platform_io.c:581:6:platform_io_smc_switch_to_bb	0	static
platform_io.c:593:6:platform_io_smc_switch_to_spi	0	static
platform_io.c:605:6:platform_io_init_accelerometer_ports	40	static
platform_io.c:633:6:platform_io_init_flash_ports	56	static
platform_io.c:675:6:platform_io_init_oled_ports	32	static
platform_io.c:695:6:platform_io_enable_vbat_to_oled_stepup	0	static
platform_io.c:704:6:platform_io_disable_vbat_to_oled_stepup	0	static
platform_io.c:713:6:platform_io_enable_3v3_to_oled_stepup	0	static
platform_io.c:722:6:platform_io_disable_3v3_to_oled_stepup	0	static
platform_io.c:731:6:platform_io_assert_oled_reset	8	static
platform_io.c:740:6:platform_io_transcienty_battery_oled_power_up	16	static
platform_io.c:762:6:platform_io_power_up_oled	24	static
platform_io.c:804:6:platform_io_power_down_oled	0	static
platform_io.c:815:27:platform_io_get_voled_stepup_pwr_source	0	static
platform_io.c:824:6:platform_io_is_usb_3v3_present_raw	0	static
platform_io.c:840:6:platform_io_is_usb_3v3_present	0	static
platform_io.c:848:6:platform_io_bypass_3v3_detection_debounce	8	static
platform_io.c:859:6:platform_io_set_voled_vin_as_pulldown	0	static
platform_io.c:872:6:platform_io_set_voled_vin_as_pullup	0	static
platform_io.c:885:6:platform_io_set_voled_vin_as_adc_input	8	static
platform_io.c:898:6:platform_io_init_power_ports	8	static
platform_io.c:923:6:platform_io_disable_aux_comms	8	static
platform_io.c:937:6:platform_io_enable_aux_comms	0	static
platform_io.c:949:6:platform_io_set_no_comms	0	static
platform_io.c:960:6:platform_io_clear_no_comms	0	static
platform_io.c:971:6:platform_io_arm_rx_usart_rx_interrupt	0	static
platform_io.c:983:6:platform_io_disable_rx_usart_rx_interrupt	0	static
platform_io.c:70:6:SERCOM5_Handler	8	static
platform_io.c:996:6:platform_io_is_no_comms_asserted	0	static
platform_io.c:1011:6:platform_io_init_no_comms_signal	0	static
platform_io.c:1025:6:platform_io_set_no_comms_as_wakeup_interrupt	0	static
platform_io.c:1046:6:platform_io_disable_no_comms_as_wakeup_interrupt	0	static
platform_io.c:1059:6:platform_io_init_aux_comms	8	static
platform_io.c:1097:6:platform_io_init_ports	8	static
platform_io.c:1135:6:platform_io_prepare_ports_for_sleep	8	static
platform_io.c:1156:6:platform_io_prepare_ports_for_sleep_exit	8	static
