Archive member included to satisfy reference by file (symbol)

c:/program files (x86)/atmel/studio/7.0/toolchain/arm/arm-gnu-toolchain/bin/../lib/gcc/arm-none-eabi/6.3.1/thumb/v6-m\libgcc.a(_thumb1_case_uqi.o)
                              src/COMMS/comms_aux_mcu.o (__gnu_thumb1_case_uqi)
c:/program files (x86)/atmel/studio/7.0/toolchain/arm/arm-gnu-toolchain/bin/../lib/gcc/arm-none-eabi/6.3.1/thumb/v6-m\libgcc.a(_thumb1_case_shi.o)
                              src/COMMS/comms_hid_msgs_debug.o (__gnu_thumb1_case_shi)
c:/program files (x86)/atmel/studio/7.0/toolchain/arm/arm-gnu-toolchain/bin/../lib/gcc/arm-none-eabi/6.3.1/thumb/v6-m\libgcc.a(_udivsi3.o)
                              src/FLASH/dbflash.o (__aeabi_uidiv)
c:/program files (x86)/atmel/studio/7.0/toolchain/arm/arm-gnu-toolchain/bin/../lib/gcc/arm-none-eabi/6.3.1/thumb/v6-m\libgcc.a(_divsi3.o)
                              src/FILESYSTEM/custom_bitstream.o (__aeabi_idiv)
c:/program files (x86)/atmel/studio/7.0/toolchain/arm/arm-gnu-toolchain/bin/../lib/gcc/arm-none-eabi/6.3.1/thumb/v6-m\libgcc.a(_dvmd_tls.o)
                              c:/program files (x86)/atmel/studio/7.0/toolchain/arm/arm-gnu-toolchain/bin/../lib/gcc/arm-none-eabi/6.3.1/thumb/v6-m\libgcc.a(_udivsi3.o) (__aeabi_idiv0)
c:/program files (x86)/atmel/studio/7.0/toolchain/arm/arm-gnu-toolchain/bin/../lib/gcc/arm-none-eabi/6.3.1/thumb/v6-m\libgcc.a(_aeabi_uldivmod.o)
                              src/LOGIC/logic_encryption.o (__aeabi_uldivmod)
c:/program files (x86)/atmel/studio/7.0/toolchain/arm/arm-gnu-toolchain/bin/../lib/gcc/arm-none-eabi/6.3.1/thumb/v6-m\libgcc.a(_udivmoddi4.o)
                              c:/program files (x86)/atmel/studio/7.0/toolchain/arm/arm-gnu-toolchain/bin/../lib/gcc/arm-none-eabi/6.3.1/thumb/v6-m\libgcc.a(_aeabi_uldivmod.o) (__udivmoddi4)
c:/program files (x86)/atmel/studio/7.0/toolchain/arm/arm-gnu-toolchain/bin/../lib/gcc/arm-none-eabi/6.3.1/thumb/v6-m\libgcc.a(_clzdi2.o)
                              c:/program files (x86)/atmel/studio/7.0/toolchain/arm/arm-gnu-toolchain/bin/../lib/gcc/arm-none-eabi/6.3.1/thumb/v6-m\libgcc.a(_udivmoddi4.o) (__clzdi2)
c:/program files (x86)/atmel/studio/7.0/toolchain/arm/arm-gnu-toolchain/bin/../lib/gcc/arm-none-eabi/6.3.1/thumb/v6-m\libgcc.a(_clzsi2.o)
                              c:/program files (x86)/atmel/studio/7.0/toolchain/arm/arm-gnu-toolchain/bin/../lib/gcc/arm-none-eabi/6.3.1/thumb/v6-m\libgcc.a(_clzdi2.o) (__clzsi2)
c:/program files (x86)/atmel/studio/7.0/toolchain/arm/arm-gnu-toolchain/bin/../lib/gcc/arm-none-eabi/6.3.1/../../../../arm-none-eabi/lib/thumb/v6-m\libc_nano.a(lib_a-exit.o)
                              c:/program files (x86)/atmel/studio/7.0/toolchain/arm/arm-gnu-toolchain/bin/../lib/gcc/arm-none-eabi/6.3.1/../../../../arm-none-eabi/lib/thumb/v6-m/crt0.o (exit)
c:/program files (x86)/atmel/studio/7.0/toolchain/arm/arm-gnu-toolchain/bin/../lib/gcc/arm-none-eabi/6.3.1/../../../../arm-none-eabi/lib/thumb/v6-m\libc_nano.a(lib_a-impure.o)
                              c:/program files (x86)/atmel/studio/7.0/toolchain/arm/arm-gnu-toolchain/bin/../lib/gcc/arm-none-eabi/6.3.1/../../../../arm-none-eabi/lib/thumb/v6-m\libc_nano.a(lib_a-exit.o) (_global_impure_ptr)
c:/program files (x86)/atmel/studio/7.0/toolchain/arm/arm-gnu-toolchain/bin/../lib/gcc/arm-none-eabi/6.3.1/../../../../arm-none-eabi/lib/thumb/v6-m\libc_nano.a(lib_a-init.o)
                              c:/program files (x86)/atmel/studio/7.0/toolchain/arm/arm-gnu-toolchain/bin/../lib/gcc/arm-none-eabi/6.3.1/../../../../arm-none-eabi/lib/thumb/v6-m/crt0.o (__libc_init_array)
c:/program files (x86)/atmel/studio/7.0/toolchain/arm/arm-gnu-toolchain/bin/../lib/gcc/arm-none-eabi/6.3.1/../../../../arm-none-eabi/lib/thumb/v6-m\libc_nano.a(lib_a-memcmp.o)
                              src/COMMS/comms_hid_msgs.o (memcmp)
c:/program files (x86)/atmel/studio/7.0/toolchain/arm/arm-gnu-toolchain/bin/../lib/gcc/arm-none-eabi/6.3.1/../../../../arm-none-eabi/lib/thumb/v6-m\libc_nano.a(lib_a-memcpy-stub.o)
                              src/ACCELEROMETER/lis2hh12.o (memcpy)
c:/program files (x86)/atmel/studio/7.0/toolchain/arm/arm-gnu-toolchain/bin/../lib/gcc/arm-none-eabi/6.3.1/../../../../arm-none-eabi/lib/thumb/v6-m\libc_nano.a(lib_a-memset.o)
                              c:/program files (x86)/atmel/studio/7.0/toolchain/arm/arm-gnu-toolchain/bin/../lib/gcc/arm-none-eabi/6.3.1/../../../../arm-none-eabi/lib/thumb/v6-m/crt0.o (memset)
c:/program files (x86)/atmel/studio/7.0/toolchain/arm/arm-gnu-toolchain/bin/../lib/gcc/arm-none-eabi/6.3.1/../../../../arm-none-eabi/lib/thumb/v6-m\libc_nano.a(lib_a-strcpy.o)
                              src/SMARTCARD/smartcard_highlevel.o (strcpy)
c:/program files (x86)/atmel/studio/7.0/toolchain/arm/arm-gnu-toolchain/bin/../lib/gcc/arm-none-eabi/6.3.1/../../../../arm-none-eabi/lib/thumb/v6-m\libc_nano.a(lib_a-vsnprintf.o)
                              src/COMMS/comms_hid_msgs_debug.o (vsnprintf)
[...]
Memory Configuration

Name             Origin             Length             Attributes
rom              0x00000000         0x00040000         xr
ram              0x20000000         0x00008000         xrw
*default*        0x00000000         0xffffffff

Linker script and memory map

LOAD c:/program files (x86)/atmel/studio/7.0/toolchain/arm/arm-gnu-toolchain/bin/../lib/gcc/arm-none-eabi/6.3.1/thumb/v6-m/crti.o
LOAD c:/program files (x86)/atmel/studio/7.0/toolchain/arm/arm-gnu-toolchain/bin/../lib/gcc/arm-none-eabi/6.3.1/thumb/v6-m/crtbegin.o
LOAD c:/program files (x86)/atmel/studio/7.0/toolchain/arm/arm-gnu-toolchain/bin/../lib/gcc/arm-none-eabi/6.3.1/../../../../arm-none-eabi/lib/thumb/v6-m/crt0.o
LOAD src/ACCELEROMETER/lis2hh12.o
LOAD src/BearSSL/src/symcipher/aes_ct.o
LOAD src/BearSSL/src/symcipher/aes_ct_ctr.o
LOAD src/BearSSL/src/symcipher/aes_ct_ctrcbc.o
LOAD src/BearSSL/src/symcipher/aes_ct_enc.o
LOAD src/bootloader.o
LOAD src/CLOCKS/driver_clocks.o
LOAD src/COMMS/comms_aux_mcu.o
LOAD src/COMMS/comms_hid_msgs.o
LOAD src/COMMS/comms_hid_msgs_debug.o
LOAD src/DMA/dma.o
LOAD src/FILESYSTEM/custom_bitstream.o
LOAD src/FILESYSTEM/custom_fs.o
LOAD src/FILESYSTEM/custom_fs_emergency_font.o
LOAD src/FLASH/dataflash.o
LOAD src/FLASH/dbflash.o
LOAD src/GUI/gui_carousel.o
LOAD src/GUI/gui_dispatcher.o
LOAD src/GUI/gui_menu.o
LOAD src/GUI/gui_prompts.o
LOAD src/INPUTS/inputs.o
LOAD src/LOGIC/logic_aux_mcu.o
LOAD src/LOGIC/logic_bluetooth.o
LOAD src/LOGIC/logic_database.o
LOAD src/LOGIC/logic_device.o
LOAD src/LOGIC/logic_encryption.o
LOAD src/LOGIC/logic_power.o
LOAD src/LOGIC/logic_security.o
LOAD src/LOGIC/logic_smartcard.o
LOAD src/LOGIC/logic_user.o
LOAD src/NODEMGMT/nodemgmt.o
LOAD src/OLED/mooltipass_graphics_bundle.o
LOAD src/OLED/sh1122.o
LOAD src/PLATFORM/platform_io.o
LOAD src/RNG/rng.o
LOAD src/SECURITY/fuses.o
LOAD src/SERCOM/driver_sercom.o
LOAD src/SMARTCARD/smartcard_highlevel.o
LOAD src/SMARTCARD/smartcard_lowlevel.o
LOAD src/TIMER/driver_timer.o
LOAD src/utils.o
LOAD src/ASF/common2/boards/user_board/init.o
LOAD src/ASF/common/utils/interrupt/interrupt_sam_nvic.o
LOAD src/ASF/sam0/drivers/system/clock/clock_samd21_r21_da_ha1/clock.o
LOAD src/ASF/sam0/drivers/system/clock/clock_samd21_r21_da_ha1/gclk.o
LOAD src/ASF/sam0/drivers/system/interrupt/system_interrupt.o
LOAD src/ASF/sam0/drivers/system/pinmux/pinmux.o
LOAD src/ASF/sam0/drivers/system/system.o
LOAD src/ASF/sam0/utils/cmsis/samd21/source/gcc/startup_samd21.o
LOAD src/ASF/sam0/utils/cmsis/samd21/source/system_samd21.o
LOAD src/ASF/sam0/utils/syscalls/gcc/syscalls.o
START GROUP
LOAD ..\src\ASF\thirdparty\CMSIS\Lib\GCC\libarm_cortexM0l_math.a
LOAD c:/program files (x86)/atmel/studio/7.0/toolchain/arm/arm-gnu-toolchain/bin/../lib/gcc/arm-none-eabi/6.3.1/../../../../arm-none-eabi/lib/thumb/v6-m\libm.a
END GROUP
START GROUP
LOAD c:/program files (x86)/atmel/studio/7.0/toolchain/arm/arm-gnu-toolchain/bin/../lib/gcc/arm-none-eabi/6.3.1/thumb/v6-m\libgcc.a
LOAD c:/program files (x86)/atmel/studio/7.0/toolchain/arm/arm-gnu-toolchain/bin/../lib/gcc/arm-none-eabi/6.3.1/../../../../arm-none-eabi/lib/thumb/v6-m\libc_nano.a
END GROUP
START GROUP
LOAD c:/program files (x86)/atmel/studio/7.0/toolchain/arm/arm-gnu-toolchain/bin/../lib/gcc/arm-none-eabi/6.3.1/thumb/v6-m\libgcc.a
LOAD c:/program files (x86)/atmel/studio/7.0/toolchain/arm/arm-gnu-toolchain/bin/../lib/gcc/arm-none-eabi/6.3.1/../../../../arm-none-eabi/lib/thumb/v6-m\libc_nano.a
END GROUP
LOAD c:/program files (x86)/atmel/studio/7.0/toolchain/arm/arm-gnu-toolchain/bin/../lib/gcc/arm-none-eabi/6.3.1/thumb/v6-m/crtend.o
LOAD c:/program files (x86)/atmel/studio/7.0/toolchain/arm/arm-gnu-toolchain/bin/../lib/gcc/arm-none-eabi/6.3.1/thumb/v6-m/crtn.o
                0x00002000                STACK_SIZE = DEFINED (STACK_SIZE)?STACK_SIZE:DEFINED (__stack_size__)?__stack_size__:0x2000

.text           0x00000000     0x2bb4
                0x00000000                . = ALIGN (0x4)
                0x00000000                _sfixed = .
 *(.vectors .vectors.*)
 .vectors       0x00000000       0xb4 src/ASF/sam0/utils/cmsis/samd21/source/gcc/startup_samd21.o
                0x00000000                exception_table
 *(.text .text.* .gnu.linkonce.t.*)
 .text          0x000000b4       0x60 c:/program files (x86)/atmel/studio/7.0/toolchain/arm/arm-gnu-toolchain/bin/../lib/gcc/arm-none-eabi/6.3.1/thumb/v6-m/crtbegin.o
 .text.br_aes_ct_bitslice_Sbox
                0x00000114      0x222 src/BearSSL/src/symcipher/aes_ct.o
                0x00000114                br_aes_ct_bitslice_Sbox
 *fill*         0x00000336        0x2 
 .text.br_aes_ct_ortho
                0x00000338      0x158 src/BearSSL/src/symcipher/aes_ct.o
                0x00000338                br_aes_ct_ortho
 .text.sub_word
                0x00000490       0x30 src/BearSSL/src/symcipher/aes_ct.o
 .text.br_aes_ct_keysched
                0x000004c0      0x110 src/BearSSL/src/symcipher/aes_ct.o
                0x000004c0                br_aes_ct_keysched
 .text.br_aes_ct_skey_expand
                0x000005d0       0x34 src/BearSSL/src/symcipher/aes_ct.o
                0x000005d0                br_aes_ct_skey_expand
 .text.br_enc32le
                0x00000604       0x10 src/BearSSL/src/symcipher/aes_ct_ctrcbc.o
 .text.br_enc32be
                0x00000614       0x10 src/BearSSL/src/symcipher/aes_ct_ctrcbc.o
 .text.br_dec32le
                0x00000624       0x16 src/BearSSL/src/symcipher/aes_ct_ctrcbc.o
 .text.br_dec32be
                0x0000063a       0x16 src/BearSSL/src/symcipher/aes_ct_ctrcbc.o
 .text.br_swap32
                0x00000650        0x4 src/BearSSL/src/symcipher/aes_ct_ctrcbc.o
 .text.xorbuf   0x00000654       0x16 src/BearSSL/src/symcipher/aes_ct_ctrcbc.o
 *fill*         0x0000066a        0x2 
 .text.br_aes_ct_ctrcbc_init
                0x0000066c       0x1c src/BearSSL/src/symcipher/aes_ct_ctrcbc.o
                0x0000066c                br_aes_ct_ctrcbc_init
 .text.br_aes_ct_ctrcbc_ctr
                0x00000688      0x19c src/BearSSL/src/symcipher/aes_ct_ctrcbc.o
                0x00000688                br_aes_ct_ctrcbc_ctr
 .text.br_aes_ct_ctrcbc_mac
                0x00000824       0xec src/BearSSL/src/symcipher/aes_ct_ctrcbc.o
                0x00000824                br_aes_ct_ctrcbc_mac
 .text.br_aes_ct_ctrcbc_encrypt
                0x00000910      0x238 src/BearSSL/src/symcipher/aes_ct_ctrcbc.o
                0x00000910                br_aes_ct_ctrcbc_encrypt
 .text.br_aes_ct_ctrcbc_decrypt
                0x00000b48      0x1b0 src/BearSSL/src/symcipher/aes_ct_ctrcbc.o
                0x00000b48                br_aes_ct_ctrcbc_decrypt
 .text.add_round_key
                0x00000cf8       0x42 src/BearSSL/src/symcipher/aes_ct_enc.o
 .text.shift_rows
                0x00000d3a       0x54 src/BearSSL/src/symcipher/aes_ct_enc.o
 *fill*         0x00000d8e        0x2 
 .text.br_aes_ct_bitslice_encrypt
                0x00000d90      0x124 src/BearSSL/src/symcipher/aes_ct_enc.o
                0x00000d90                br_aes_ct_bitslice_encrypt
 .text.start_application
                0x00000eb4       0x24 src/bootloader.o
 .text.startup.main
                0x00000ed8      0x364 src/bootloader.o
                0x00000ed8                main
 .text.clocks_map_gclk_to_peripheral_clock
                0x0000123c       0x24 src/CLOCKS/driver_clocks.o
                0x0000123c                clocks_map_gclk_to_peripheral_clock
 .text.clocks_start_48MDFLL
                0x00001260       0xa0 src/CLOCKS/driver_clocks.o
                0x00001260                clocks_start_48MDFLL
 .text.DMAC_Handler
                0x00001300       0x24 src/DMA/dma.o
                0x00001300                DMAC_Handler
 .text.dma_set_custom_fs_flag_done
                0x00001324        0xc src/DMA/dma.o
                0x00001324                dma_set_custom_fs_flag_done
 .text.dma_reset
                0x00001330       0x1c src/DMA/dma.o
                0x00001330                dma_reset
 .text.dma_init
                0x0000134c       0xe4 src/DMA/dma.o
                0x0000134c                dma_init
 .text.dma_custom_fs_check_and_clear_dma_transfer_flag
                0x00001430       0x14 src/DMA/dma.o
                0x00001430                dma_custom_fs_check_and_clear_dma_transfer_flag
 .text.dma_custom_fs_init_transfer
                0x00001444       0x4c src/DMA/dma.o
                0x00001444                dma_custom_fs_init_transfer
 .text.dma_compute_crc32_from_spi
                0x00001490      0x12c src/DMA/dma.o
                0x00001490                dma_compute_crc32_from_spi
 .text.custom_fs_read_from_flash
                0x000015bc       0x44 src/FILESYSTEM/custom_fs.o
                0x000015bc                custom_fs_read_from_flash
 .text.custom_fs_get_other_data_from_continuous_read_from_flash
                0x00001600       0x3c src/FILESYSTEM/custom_fs.o
                0x00001600                custom_fs_get_other_data_from_continuous_read_from_flash
 .text.custom_fs_continuous_read_from_flash
                0x0000163c       0x8c src/FILESYSTEM/custom_fs.o
                0x0000163c                custom_fs_continuous_read_from_flash
 .text.custom_fs_compute_and_check_external_bundle_crc32
                0x000016c8       0x4c src/FILESYSTEM/custom_fs.o
                0x000016c8                custom_fs_compute_and_check_external_bundle_crc32
 .text.custom_fs_stop_continuous_read_from_flash
                0x00001714       0x20 src/FILESYSTEM/custom_fs.o
                0x00001714                custom_fs_stop_continuous_read_from_flash
 .text.custom_fs_set_dataflash_descriptor
                0x00001734        0xc src/FILESYSTEM/custom_fs.o
                0x00001734                custom_fs_set_dataflash_descriptor
 .text.custom_fs_init
                0x00001740       0x34 src/FILESYSTEM/custom_fs.o
                0x00001740                custom_fs_init
 .text.custom_fs_get_start_address_of_signed_data
                0x00001774        0x4 src/FILESYSTEM/custom_fs.o
                0x00001774                custom_fs_get_start_address_of_signed_data
 .text.custom_fs_get_file_address
                0x00001778       0xac src/FILESYSTEM/custom_fs.o
                0x00001778                custom_fs_get_file_address
 .text.custom_fs_get_custom_storage_slot_ptr
                0x00001824       0x34 src/FILESYSTEM/custom_fs.o
                0x00001824                custom_fs_get_custom_storage_slot_ptr
 .text.custom_fs_settings_init
                0x00001858       0x4c src/FILESYSTEM/custom_fs.o
                0x00001858                custom_fs_settings_init
 .text.custom_fs_write_256B_at_internal_custom_storage_slot
                0x000018a4       0x84 src/FILESYSTEM/custom_fs.o
                0x000018a4                custom_fs_write_256B_at_internal_custom_storage_slot
 .text.custom_fs_read_256B_at_internal_custom_storage_slot
                0x00001928       0x20 src/FILESYSTEM/custom_fs.o
                0x00001928                custom_fs_read_256B_at_internal_custom_storage_slot
 .text.custom_fs_settings_clear_fw_upgrade_flag
                0x00001948       0x24 src/FILESYSTEM/custom_fs.o
                0x00001948                custom_fs_settings_clear_fw_upgrade_flag
 .text.custom_fs_settings_check_fw_upgrade_flag
                0x0000196c       0x20 src/FILESYSTEM/custom_fs.o
                0x0000196c                custom_fs_settings_check_fw_upgrade_flag
 .text.dataflash_read_data_array
                0x0000198c       0x64 src/FLASH/dataflash.o
                0x0000198c                dataflash_read_data_array
 .text.dataflash_read_data_array_start
                0x000019f0       0x40 src/FLASH/dataflash.o
                0x000019f0                dataflash_read_data_array_start
 .text.dataflash_read_bytes_from_opened_transfer
                0x00001a30       0x20 src/FLASH/dataflash.o
                0x00001a30                dataflash_read_bytes_from_opened_transfer
 .text.dataflash_stop_ongoing_transfer
                0x00001a50       0x14 src/FLASH/dataflash.o
                0x00001a50                dataflash_stop_ongoing_transfer
 .text.dataflash_send_command
                0x00001a64       0x3c src/FLASH/dataflash.o
                0x00001a64                dataflash_send_command
 .text.dataflash_exit_power_down
                0x00001aa0       0x24 src/FLASH/dataflash.o
                0x00001aa0                dataflash_exit_power_down
 .text.dataflash_check_presence
                0x00001ac4       0x44 src/FLASH/dataflash.o
                0x00001ac4                dataflash_check_presence
 .text.logic_device_set_wakeup_reason
                0x00001b08       0x10 src/LOGIC/logic_device.o
                0x00001b08                logic_device_set_wakeup_reason
 .text.EIC_Handler
                0x00001b18       0x5c src/PLATFORM/platform_io.o
                0x00001b18                EIC_Handler
 .text.platform_io_enable_switch
                0x00001b74       0x10 src/PLATFORM/platform_io.o
                0x00001b74                platform_io_enable_switch
 .text.platform_io_disable_switch_and_die
                0x00001b84       0x38 src/PLATFORM/platform_io.o
                0x00001b84                platform_io_disable_switch_and_die
 .text.ADC_Handler
                0x00001bbc       0x14 src/PLATFORM/platform_io.o
                0x00001bbc                ADC_Handler
 .text.platform_io_init_flash_ports
                0x00001bd0      0x148 src/PLATFORM/platform_io.o
                0x00001bd0                platform_io_init_flash_ports
 .text.platform_io_disable_rx_usart_rx_interrupt
                0x00001d18       0x1c src/PLATFORM/platform_io.o
                0x00001d18                platform_io_disable_rx_usart_rx_interrupt
 .text.SERCOM5_Handler
                0x00001d34       0x18 src/PLATFORM/platform_io.o
                0x00001d34                SERCOM5_Handler
 .text.platform_io_init_no_comms_signal
                0x00001d4c       0x24 src/PLATFORM/platform_io.o
                0x00001d4c                platform_io_init_no_comms_signal
 .text.fuses_check_program
                0x00001d70       0xe4 src/SECURITY/fuses.o
                0x00001d70                fuses_check_program
 .text.sercom_spi_init
                0x00001e54       0x88 src/SERCOM/driver_sercom.o
                0x00001e54                sercom_spi_init
 .text.sercom_spi_send_single_byte
                0x00001edc       0x12 src/SERCOM/driver_sercom.o
                0x00001edc                sercom_spi_send_single_byte
 .text.TCC0_Handler
                0x00001eee        0x2 src/TIMER/driver_timer.o
                0x00001eee                TCC0_Handler
 .text.TCC2_Handler
                0x00001ef0        0x2 src/TIMER/driver_timer.o
                0x00001ef0                TCC2_Handler
 *fill*         0x00001ef2        0x2 
 .text.SysTick_Handler
                0x00001ef4       0x18 src/TIMER/driver_timer.o
                0x00001ef4                SysTick_Handler
 .text.utils_side_channel_safe_memcmp
                0x00001f0c       0x24 src/utils.o
                0x00001f0c                utils_side_channel_safe_memcmp
 .text.cpu_irq_enter_critical
                0x00001f30       0x34 src/ASF/common/utils/interrupt/interrupt_sam_nvic.o
                0x00001f30                cpu_irq_enter_critical
 .text.cpu_irq_leave_critical
                0x00001f64       0x30 src/ASF/common/utils/interrupt/interrupt_sam_nvic.o
                0x00001f64                cpu_irq_leave_critical
 .text.Dummy_Handler
                0x00001f94        0x2 src/ASF/sam0/utils/cmsis/samd21/source/gcc/startup_samd21.o
                0x00001f94                HardFault_Handler
                0x00001f94                AC_Handler
                0x00001f94                PendSV_Handler
                0x00001f94                NMI_Handler
                0x00001f94                SERCOM1_Handler
                0x00001f94                TCC1_Handler
                0x00001f94                SERCOM2_Handler
                0x00001f94                RTC_Handler
                0x00001f94                WDT_Handler
                0x00001f94                TC4_Handler
                0x00001f94                USB_Handler
                0x00001f94                TC3_Handler
                0x00001f94                Dummy_Handler
                0x00001f94                PM_Handler
                0x00001f94                SVC_Handler
                0x00001f94                EVSYS_Handler
                0x00001f94                SERCOM3_Handler
                0x00001f94                SERCOM4_Handler
                0x00001f94                I2S_Handler
                0x00001f94                NVMCTRL_Handler
                0x00001f94                SERCOM0_Handler
                0x00001f94                DAC_Handler
                0x00001f94                PTC_Handler
                0x00001f94                TC5_Handler
                0x00001f94                SYSCTRL_Handler
 *fill*         0x00001f96        0x2 
 .text.Reset_Handler
                0x00001f98       0xbc src/ASF/sam0/utils/cmsis/samd21/source/gcc/startup_samd21.o
                0x00001f98                Reset_Handler
 .text.__libc_init_array
                0x00002054       0x48 c:/program files (x86)/atmel/studio/7.0/toolchain/arm/arm-gnu-toolchain/bin/../lib/gcc/arm-none-eabi/6.3.1/../../../../arm-none-eabi/lib/thumb/v6-m\libc_nano.a(lib_a-init.o)
                0x00002054                __libc_init_array
 .text.memcpy   0x0000209c       0x12 c:/program files (x86)/atmel/studio/7.0/toolchain/arm/arm-gnu-toolchain/bin/../lib/gcc/arm-none-eabi/6.3.1/../../../../arm-none-eabi/lib/thumb/v6-m\libc_nano.a(lib_a-memcpy-stub.o)
                0x0000209c                memcpy
 .text.memset   0x000020ae       0x10 c:/program files (x86)/atmel/studio/7.0/toolchain/arm/arm-gnu-toolchain/bin/../lib/gcc/arm-none-eabi/6.3.1/../../../../arm-none-eabi/lib/thumb/v6-m\libc_nano.a(lib_a-memset.o)
                0x000020ae                memset
 *(.glue_7t)
 .glue_7t       0x000020be        0x0 linker stubs
 *(.glue_7)
 .glue_7        0x000020be        0x0 linker stubs
 *(.rodata .rodata* .gnu.linkonce.r.*)
 .rodata.Rcon   0x000020be        0xa src/BearSSL/src/symcipher/aes_ct.o
 .rodata.br_aes_ct_ctrcbc_vtable
                0x000020c8       0x20 src/BearSSL/src/symcipher/aes_ct_ctrcbc.o
                0x000020c8                br_aes_ct_ctrcbc_vtable
 .rodata.custom_fs_emergency_font_file
                0x000020e8      0xaa9 src/FILESYSTEM/custom_fs_emergency_font.o
                0x000020e8                custom_fs_emergency_font_file
 *(.ARM.extab* .gnu.linkonce.armextab.*)
                0x00002b94                . = ALIGN (0x4)
 *fill*         0x00002b91        0x3 
 *(.init)
 .init          0x00002b94        0x4 c:/program files (x86)/atmel/studio/7.0/toolchain/arm/arm-gnu-toolchain/bin/../lib/gcc/arm-none-eabi/6.3.1/thumb/v6-m/crti.o
                0x00002b94                _init
 .init          0x00002b98        0x8 c:/program files (x86)/atmel/studio/7.0/toolchain/arm/arm-gnu-toolchain/bin/../lib/gcc/arm-none-eabi/6.3.1/thumb/v6-m/crtn.o
                0x00002ba0                . = ALIGN (0x4)
                0x00002ba0                __preinit_array_start = .
 *(.preinit_array)
                0x00002ba0                __preinit_array_end = .
                0x00002ba0                . = ALIGN (0x4)
                0x00002ba0                __init_array_start = .
 *(SORT(.init_array.*))
 *(.init_array)
 .init_array    0x00002ba0        0x4 c:/program files (x86)/atmel/studio/7.0/toolchain/arm/arm-gnu-toolchain/bin/../lib/gcc/arm-none-eabi/6.3.1/thumb/v6-m/crtbegin.o
                0x00002ba4                __init_array_end = .
                0x00002ba4                . = ALIGN (0x4)
 *crtbegin.o(.ctors)
 *(EXCLUDE_FILE(*crtend.o) .ctors)
 *(SORT(.ctors.*))
 *crtend.o(.ctors)
                0x00002ba4                . = ALIGN (0x4)
 *(.fini)
 .fini          0x00002ba4        0x4 c:/program files (x86)/atmel/studio/7.0/toolchain/arm/arm-gnu-toolchain/bin/../lib/gcc/arm-none-eabi/6.3.1/thumb/v6-m/crti.o
                0x00002ba4                _fini
 .fini          0x00002ba8        0x8 c:/program files (x86)/atmel/studio/7.0/toolchain/arm/arm-gnu-toolchain/bin/../lib/gcc/arm-none-eabi/6.3.1/thumb/v6-m/crtn.o
                0x00002bb0                . = ALIGN (0x4)
                0x00002bb0                __fini_array_start = .
 *(.fini_array)
 .fini_array    0x00002bb0        0x4 c:/program files (x86)/atmel/studio/7.0/toolchain/arm/arm-gnu-toolchain/bin/../lib/gcc/arm-none-eabi/6.3.1/thumb/v6-m/crtbegin.o
 *(SORT(.fini_array.*))
                0x00002bb4                __fini_array_end = .
 *crtbegin.o(.dtors)
 *(EXCLUDE_FILE(*crtend.o) .dtors)
 *(SORT(.dtors.*))
 *crtend.o(.dtors)
                0x00002bb4                . = ALIGN (0x4)
                0x00002bb4                _efixed = .
                [!provide]                PROVIDE (__exidx_start, .)

.vfp11_veneer   0x00002bb4        0x0
 .vfp11_veneer  0x00002bb4        0x0 linker stubs

.v4_bx          0x00002bb4        0x0
 .v4_bx         0x00002bb4        0x0 linker stubs

.iplt           0x00002bb4        0x0
 .iplt          0x00002bb4        0x0 c:/program files (x86)/atmel/studio/7.0/toolchain/arm/arm-gnu-toolchain/bin/../lib/gcc/arm-none-eabi/6.3.1/thumb/v6-m/crtbegin.o

.eh_frame       0x00002bb4        0x0
 .eh_frame      0x00002bb4        0x0 c:/program files (x86)/atmel/studio/7.0/toolchain/arm/arm-gnu-toolchain/bin/../lib/gcc/arm-none-eabi/6.3.1/thumb/v6-m/crtbegin.o

.rel.dyn        0x00002bb4        0x0
 .rel.iplt      0x00002bb4        0x0 c:/program files (x86)/atmel/studio/7.0/toolchain/arm/arm-gnu-toolchain/bin/../lib/gcc/arm-none-eabi/6.3.1/thumb/v6-m/crtbegin.o

.jcr            0x00002bb4        0x0
 .jcr           0x00002bb4        0x0 c:/program files (x86)/atmel/studio/7.0/toolchain/arm/arm-gnu-toolchain/bin/../lib/gcc/arm-none-eabi/6.3.1/thumb/v6-m/crtbegin.o

.igot.plt       0x00002bb4        0x0
 .igot.plt      0x00002bb4        0x0 c:/program files (x86)/atmel/studio/7.0/toolchain/arm/arm-gnu-toolchain/bin/../lib/gcc/arm-none-eabi/6.3.1/thumb/v6-m/crtbegin.o

.ARM.exidx
 *(.ARM.exidx* .gnu.linkonce.armexidx.*)
                [!provide]                PROVIDE (__exidx_end, .)
                0x00002bb4                . = ALIGN (0x4)
                0x00002bb4                _etext = .

.relocate       0x20000000       0x18 load address 0x00002bb4
                0x20000000                . = ALIGN (0x4)
                0x20000000                _srelocate = .
 *(.ramfunc .ramfunc.*)
 *(.data .data.*)
 .data.dataflash_descriptor
                0x20000000        0xc src/bootloader.o
                0x20000000                dataflash_descriptor
 .data.logic_device_wakeup_reason
                0x2000000c        0x1 src/LOGIC/logic_device.o
                0x2000000c                logic_device_wakeup_reason
 *fill*         0x2000000d        0x3 
 .data.timer_systick_expired
                0x20000010        0x4 src/TIMER/driver_timer.o
                0x20000010                timer_systick_expired
 .data.g_interrupt_enabled
                0x20000014        0x1 src/ASF/common/utils/interrupt/interrupt_sam_nvic.o
                0x20000014                g_interrupt_enabled
                0x20000018                . = ALIGN (0x4)
 *fill*         0x20000015        0x3 
                0x20000018                _erelocate = .

.bss            0x20000020      0x254 load address 0x00002be0
                0x20000020                . = ALIGN (0x4)
                0x20000020                _sbss = .
                0x20000020                _szero = .
 *(.bss .bss.*)
 .bss           0x20000020       0x1c c:/program files (x86)/atmel/studio/7.0/toolchain/arm/arm-gnu-toolchain/bin/../lib/gcc/arm-none-eabi/6.3.1/thumb/v6-m/crtbegin.o
 .bss.dma_custom_fs_transfer_done
                0x2000003c        0x4 src/DMA/dma.o
                0x2000003c                dma_custom_fs_transfer_done
 .bss.custom_fs_cur_language_entry
                0x20000040       0x2c src/FILESYSTEM/custom_fs.o
                0x20000040                custom_fs_cur_language_entry
 .bss.custom_fs_data_bus_opened
                0x2000006c        0x4 src/FILESYSTEM/custom_fs.o
                0x2000006c                custom_fs_data_bus_opened
 .bss.custom_fs_dataflash_desc
                0x20000070        0x4 src/FILESYSTEM/custom_fs.o
                0x20000070                custom_fs_dataflash_desc
 .bss.custom_fs_platform_flags_p
                0x20000074        0x4 src/FILESYSTEM/custom_fs.o
                0x20000074                custom_fs_platform_flags_p
 .bss.custom_fs_platform_settings_p
                0x20000078        0x4 src/FILESYSTEM/custom_fs.o
                0x20000078                custom_fs_platform_settings_p
 .bss.platform_io_voledin_conv_ready
                0x2000007c        0x4 src/PLATFORM/platform_io.o
                0x2000007c                platform_io_voledin_conv_ready
 .bss.cpu_irq_critical_section_counter
                0x20000080        0x4 src/ASF/common/utils/interrupt/interrupt_sam_nvic.o
 .bss.cpu_irq_prev_interrupt_state
                0x20000084        0x1 src/ASF/common/utils/interrupt/interrupt_sam_nvic.o
 *(COMMON)
 *fill*         0x20000085        0xb 
 COMMON         0x20000090       0xe0 src/DMA/dma.o
                0x20000090                dma_writeback_descriptors
                0x20000100                dma_descriptors
 COMMON         0x20000170      0x104 src/FILESYSTEM/custom_fs.o
                0x20000170                custom_fs_temp_string1
                0x200001f0                custom_fs_cpz_lut
                0x200001f4                custom_fs_flash_header
                0x20000274                . = ALIGN (0x4)
                0x20000274                _ebss = .
                0x20000274                _ezero = .

.stack          0x20000274     0x2004 load address 0x00002e34
                0x20000278                . = ALIGN (0x8)
 *fill*         0x20000274        0x4 
                0x20000278                _sstack = .
                0x20002278                . = (. + STACK_SIZE)
 *fill*         0x20000278     0x2000 
                0x20002278                . = ALIGN (0x8)
                0x20002278                _estack = .
                0x20002278                . = ALIGN (0x4)
                0x20002278                _end = .
OUTPUT(bootloader.elf elf32-littlearm)

.ARM.attributes
                0x00000000       0x28
 .ARM.attributes
                0x00000000       0x1e c:/program files (x86)/atmel/studio/7.0/toolchain/arm/arm-gnu-toolchain/bin/../lib/gcc/arm-none-eabi/6.3.1/thumb/v6-m/crti.o
 .ARM.attributes
                0x0000001e       0x2c c:/program files (x86)/atmel/studio/7.0/toolchain/arm/arm-gnu-toolchain/bin/../lib/gcc/arm-none-eabi/6.3.1/thumb/v6-m/crtbegin.o
 .ARM.attributes
                0x0000004a       0x32 src/BearSSL/src/symcipher/aes_ct.o
 .ARM.attributes
                0x0000007c       0x32 src/BearSSL/src/symcipher/aes_ct_ctrcbc.o
 .ARM.attributes
                0x000000ae       0x32 src/BearSSL/src/symcipher/aes_ct_enc.o
 .ARM.attributes
                0x000000e0       0x32 src/bootloader.o
 .ARM.attributes
                0x00000112       0x32 src/CLOCKS/driver_clocks.o
 .ARM.attributes
                0x00000144       0x32 src/DMA/dma.o
 .ARM.attributes
                0x00000176       0x32 src/FILESYSTEM/custom_fs.o
 .ARM.attributes
                0x000001a8       0x32 src/FILESYSTEM/custom_fs_emergency_font.o
 .ARM.attributes
                0x000001da       0x32 src/FLASH/dataflash.o
 .ARM.attributes
                0x0000020c       0x32 src/LOGIC/logic_device.o
 .ARM.attributes
                0x0000023e       0x32 src/PLATFORM/platform_io.o
 .ARM.attributes
                0x00000270       0x32 src/SECURITY/fuses.o
 .ARM.attributes
                0x000002a2       0x32 src/SERCOM/driver_sercom.o
 .ARM.attributes
                0x000002d4       0x32 src/TIMER/driver_timer.o
 .ARM.attributes
                0x00000306       0x32 src/utils.o
 .ARM.attributes
                0x00000338       0x32 src/ASF/common/utils/interrupt/interrupt_sam_nvic.o
 .ARM.attributes
                0x0000036a       0x32 src/ASF/sam0/utils/cmsis/samd21/source/gcc/startup_samd21.o
 .ARM.attributes
                0x0000039c       0x2c c:/program files (x86)/atmel/studio/7.0/toolchain/arm/arm-gnu-toolchain/bin/../lib/gcc/arm-none-eabi/6.3.1/../../../../arm-none-eabi/lib/thumb/v6-m\libc_nano.a(lib_a-init.o)
 .ARM.attributes
                0x000003c8       0x2c c:/program files (x86)/atmel/studio/7.0/toolchain/arm/arm-gnu-toolchain/bin/../lib/gcc/arm-none-eabi/6.3.1/../../../../arm-none-eabi/lib/thumb/v6-m\libc_nano.a(lib_a-memcpy-stub.o)
 .ARM.attributes
                0x000003f4       0x2c c:/program files (x86)/atmel/studio/7.0/toolchain/arm/arm-gnu-toolchain/bin/../lib/gcc/arm-none-eabi/6.3.1/../../../../arm-none-eabi/lib/thumb/v6-m\libc_nano.a(lib_a-memset.o)
 .ARM.attributes
                0x00000420       0x1e c:/program files (x86)/atmel/studio/7.0/toolchain/arm/arm-gnu-toolchain/bin/../lib/gcc/arm-none-eabi/6.3.1/thumb/v6-m/crtn.o

.comment        0x00000000       0x59
 .comment       0x00000000       0x59 src/BearSSL/src/symcipher/aes_ct.o
                                 0x5a (size before relaxing)
 .comment       0x00000059       0x5a src/BearSSL/src/symcipher/aes_ct_ctrcbc.o
 .comment       0x00000059       0x5a src/BearSSL/src/symcipher/aes_ct_enc.o
 .comment       0x00000059       0x5a src/bootloader.o
 .comment       0x00000059       0x5a src/CLOCKS/driver_clocks.o
 .comment       0x00000059       0x5a src/DMA/dma.o
 .comment       0x00000059       0x5a src/FILESYSTEM/custom_fs.o
 .comment       0x00000059       0x5a src/FILESYSTEM/custom_fs_emergency_font.o
 .comment       0x00000059       0x5a src/FLASH/dataflash.o
 .comment       0x00000059       0x5a src/LOGIC/logic_device.o
 .comment       0x00000059       0x5a src/PLATFORM/platform_io.o
 .comment       0x00000059       0x5a src/SECURITY/fuses.o
 .comment       0x00000059       0x5a src/SERCOM/driver_sercom.o
 .comment       0x00000059       0x5a src/TIMER/driver_timer.o
 .comment       0x00000059       0x5a src/utils.o
 .comment       0x00000059       0x5a src/ASF/common/utils/interrupt/interrupt_sam_nvic.o
 .comment       0x00000059       0x5a src/ASF/sam0/utils/cmsis/samd21/source/gcc/startup_samd21.o

.debug_frame    0x00000000       0x74
 .debug_frame   0x00000000       0x2c c:/program files (x86)/atmel/studio/7.0/toolchain/arm/arm-gnu-toolchain/bin/../lib/gcc/arm-none-eabi/6.3.1/../../../../arm-none-eabi/lib/thumb/v6-m\libc_nano.a(lib_a-init.o)
 .debug_frame   0x0000002c       0x28 c:/program files (x86)/atmel/studio/7.0/toolchain/arm/arm-gnu-toolchain/bin/../lib/gcc/arm-none-eabi/6.3.1/../../../../arm-none-eabi/lib/thumb/v6-m\libc_nano.a(lib_a-memcpy-stub.o)
 .debug_frame   0x00000054       0x20 c:/program files (x86)/atmel/studio/7.0/toolchain/arm/arm-gnu-toolchain/bin/../lib/gcc/arm-none-eabi/6.3.1/../../../../arm-none-eabi/lib/thumb/v6-m\libc_nano.a(lib_a-memset.o)

Cross Reference Table

Symbol                                            File
AC_Handler                                        src/ASF/sam0/utils/cmsis/samd21/source/gcc/startup_samd21.o
ADC_Handler                                       src/PLATFORM/platform_io.o
DAC_Handler                                       src/ASF/sam0/utils/cmsis/samd21/source/gcc/startup_samd21.o
DMAC_Handler                                      src/DMA/dma.o
Dummy_Handler                                     src/ASF/sam0/utils/cmsis/samd21/source/gcc/startup_samd21.o
EIC_Handler                                       src/PLATFORM/platform_io.o
EVSYS_Handler                                     src/ASF/sam0/utils/cmsis/samd21/source/gcc/startup_samd21.o
HardFault_Handler                                 src/ASF/sam0/utils/cmsis/samd21/source/gcc/startup_samd21.o
I2S_Handler                                       src/ASF/sam0/utils/cmsis/samd21/source/gcc/startup_samd21.o
NMI_Handler                                       src/ASF/sam0/utils/cmsis/samd21/source/gcc/startup_samd21.o
NVMCTRL_Handler                                   src/ASF/sam0/utils/cmsis/samd21/source/gcc/startup_samd21.o
PM_Handler                                        src/ASF/sam0/utils/cmsis/samd21/source/gcc/startup_samd21.o
PTC_Handler                                       src/ASF/sam0/utils/cmsis/samd21/source/gcc/startup_samd21.o
PendSV_Handler                                    src/ASF/sam0/utils/cmsis/samd21/source/gcc/startup_samd21.o
RTC_Handler                                       src/ASF/sam0/utils/cmsis/samd21/source/gcc/startup_samd21.o
Reset_Handler                                     src/ASF/sam0/utils/cmsis/samd21/source/gcc/startup_samd21.o
SERCOM0_Handler                                   src/ASF/sam0/utils/cmsis/samd21/source/gcc/startup_samd21.o
SERCOM1_Handler                                   src/ASF/sam0/utils/cmsis/samd21/source/gcc/startup_samd21.o
SERCOM2_Handler                                   src/ASF/sam0/utils/cmsis/samd21/source/gcc/startup_samd21.o
SERCOM3_Handler                                   src/ASF/sam0/utils/cmsis/samd21/source/gcc/startup_samd21.o
SERCOM4_Handler                                   src/ASF/sam0/utils/cmsis/samd21/source/gcc/startup_samd21.o
SERCOM5_Handler                                   src/PLATFORM/platform_io.o
SVC_Handler                                       src/ASF/sam0/utils/cmsis/samd21/source/gcc/startup_samd21.o
SYSCTRL_Handler                                   src/ASF/sam0/utils/cmsis/samd21/source/gcc/startup_samd21.o
SysTick_Handler                                   src/TIMER/driver_timer.o
SystemCoreClock                                   src/ASF/sam0/utils/cmsis/samd21/source/system_samd21.o
SystemCoreClockUpdate                             src/ASF/sam0/utils/cmsis/samd21/source/system_samd21.o
SystemInit                                        src/ASF/sam0/utils/cmsis/samd21/source/system_samd21.o
TC3_Handler                                       src/ASF/sam0/utils/cmsis/samd21/source/gcc/startup_samd21.o
TC4_Handler                                       src/ASF/sam0/utils/cmsis/samd21/source/gcc/startup_samd21.o
TC5_Handler                                       src/ASF/sam0/utils/cmsis/samd21/source/gcc/startup_samd21.o
TCC0_Handler                                      src/TIMER/driver_timer.o
TCC1_Handler                                      src/ASF/sam0/utils/cmsis/samd21/source/gcc/startup_samd21.o
TCC2_Handler                                      src/TIMER/driver_timer.o
USB_Handler                                       src/ASF/sam0/utils/cmsis/samd21/source/gcc/startup_samd21.o
WDT_Handler                                       src/ASF/sam0/utils/cmsis/samd21/source/gcc/startup_samd21.o
_Jv_RegisterClasses                               c:/program files (x86)/atmel/studio/7.0/toolchain/arm/arm-gnu-toolchain/bin/../lib/gcc/arm-none-eabi/6.3.1/thumb/v6-m/crtbegin.o
__aeabi_idiv                                      c:/program files (x86)/atmel/studio/7.0/toolchain/arm/arm-gnu-toolchain/bin/../lib/gcc/arm-none-eabi/6.3.1/thumb/v6-m\libgcc.a(_divsi3.o)
                                                  src/FILESYSTEM/custom_bitstream.o
__aeabi_idiv0                                     c:/program files (x86)/atmel/studio/7.0/toolchain/arm/arm-gnu-toolchain/bin/../lib/gcc/arm-none-eabi/6.3.1/thumb/v6-m\libgcc.a(_dvmd_tls.o)
                                                  c:/program files (x86)/atmel/studio/7.0/toolchain/arm/arm-gnu-toolchain/bin/../lib/gcc/arm-none-eabi/6.3.1/thumb/v6-m\libgcc.a(_divsi3.o)
                                                  c:/program files (x86)/atmel/studio/7.0/toolchain/arm/arm-gnu-toolchain/bin/../lib/gcc/arm-none-eabi/6.3.1/thumb/v6-m\libgcc.a(_udivsi3.o)
__aeabi_idivmod                                   c:/program files (x86)/atmel/studio/7.0/toolchain/arm/arm-gnu-toolchain/bin/../lib/gcc/arm-none-eabi/6.3.1/thumb/v6-m\libgcc.a(_divsi3.o)
                                                  src/TIMER/driver_timer.o
__aeabi_ldiv0                                     c:/program files (x86)/atmel/studio/7.0/toolchain/arm/arm-gnu-toolchain/bin/../lib/gcc/arm-none-eabi/6.3.1/thumb/v6-m\libgcc.a(_dvmd_tls.o)
                                                  c:/program files (x86)/atmel/studio/7.0/toolchain/arm/arm-gnu-toolchain/bin/../lib/gcc/arm-none-eabi/6.3.1/thumb/v6-m\libgcc.a(_aeabi_uldivmod.o)
__aeabi_uidiv                                     c:/program files (x86)/atmel/studio/7.0/toolchain/arm/arm-gnu-toolchain/bin/../lib/gcc/arm-none-eabi/6.3.1/thumb/v6-m\libgcc.a(_udivsi3.o)
                                                  c:/program files (x86)/atmel/studio/7.0/toolchain/arm/arm-gnu-toolchain/bin/../lib/gcc/arm-none-eabi/6.3.1/../../../../arm-none-eabi/lib/thumb/v6-m\libc_nano.a(lib_a-nano-vfprintf_i.o)
                                                  src/ASF/sam0/drivers/system/clock/clock_samd21_r21_da_ha1/gclk.o
                                                  src/ASF/sam0/drivers/system/clock/clock_samd21_r21_da_ha1/clock.o
                                                  src/utils.o
                                                  src/FLASH/dbflash.o
__aeabi_uidivmod                                  c:/program files (x86)/atmel/studio/7.0/toolchain/arm/arm-gnu-toolchain/bin/../lib/gcc/arm-none-eabi/6.3.1/thumb/v6-m\libgcc.a(_udivsi3.o)
                                                  c:/program files (x86)/atmel/studio/7.0/toolchain/arm/arm-gnu-toolchain/bin/../lib/gcc/arm-none-eabi/6.3.1/../../../../arm-none-eabi/lib/thumb/v6-m\libc_nano.a(lib_a-nano-vfprintf_i.o)
                                                  src/utils.o
                                                  src/TIMER/driver_timer.o
                                                  src/LOGIC/logic_encryption.o
                                                  src/FLASH/dbflash.o
__aeabi_uldivmod                                  c:/program files (x86)/atmel/studio/7.0/toolchain/arm/arm-gnu-toolchain/bin/../lib/gcc/arm-none-eabi/6.3.1/thumb/v6-m\libgcc.a(_aeabi_uldivmod.o)
                                                  src/LOGIC/logic_encryption.o
__bss_end__                                       c:/program files (x86)/atmel/studio/7.0/toolchain/arm/arm-gnu-toolchain/bin/../lib/gcc/arm-none-eabi/6.3.1/../../../../arm-none-eabi/lib/thumb/v6-m/crt0.o
__bss_start__                                     c:/program files (x86)/atmel/studio/7.0/toolchain/arm/arm-gnu-toolchain/bin/../lib/gcc/arm-none-eabi/6.3.1/../../../../arm-none-eabi/lib/thumb/v6-m/crt0.o
__call_exitprocs                                  c:/program files (x86)/atmel/studio/7.0/toolchain/arm/arm-gnu-toolchain/bin/../lib/gcc/arm-none-eabi/6.3.1/../../../../arm-none-eabi/lib/thumb/v6-m\libc_nano.a(lib_a-exit.o)
__clzdi2                                          c:/program files (x86)/atmel/studio/7.0/toolchain/arm/arm-gnu-toolchain/bin/../lib/gcc/arm-none-eabi/6.3.1/thumb/v6-m\libgcc.a(_clzdi2.o)
                                                  c:/program files (x86)/atmel/studio/7.0/toolchain/arm/arm-gnu-toolchain/bin/../lib/gcc/arm-none-eabi/6.3.1/thumb/v6-m\libgcc.a(_udivmoddi4.o)
__clzsi2                                          c:/program files (x86)/atmel/studio/7.0/toolchain/arm/arm-gnu-toolchain/bin/../lib/gcc/arm-none-eabi/6.3.1/thumb/v6-m\libgcc.a(_clzsi2.o)
                                                  c:/program files (x86)/atmel/studio/7.0/toolchain/arm/arm-gnu-toolchain/bin/../lib/gcc/arm-none-eabi/6.3.1/thumb/v6-m\libgcc.a(_clzdi2.o)
__deregister_frame_info                           c:/program files (x86)/atmel/studio/7.0/toolchain/arm/arm-gnu-toolchain/bin/../lib/gcc/arm-none-eabi/6.3.1/thumb/v6-m/crtbegin.o
__divsi3                                          c:/program files (x86)/atmel/studio/7.0/toolchain/arm/arm-gnu-toolchain/bin/../lib/gcc/arm-none-eabi/6.3.1/thumb/v6-m\libgcc.a(_divsi3.o)
__dso_handle                                      c:/program files (x86)/atmel/studio/7.0/toolchain/arm/arm-gnu-toolchain/bin/../lib/gcc/arm-none-eabi/6.3.1/thumb/v6-m/crtbegin.o
__gnu_thumb1_case_shi                             c:/program files (x86)/atmel/studio/7.0/toolchain/arm/arm-gnu-toolchain/bin/../lib/gcc/arm-none-eabi/6.3.1/thumb/v6-m\libgcc.a(_thumb1_case_shi.o)
                                                  src/COMMS/comms_hid_msgs_debug.o
__gnu_thumb1_case_uqi                             c:/program files (x86)/atmel/studio/7.0/toolchain/arm/arm-gnu-toolchain/bin/../lib/gcc/arm-none-eabi/6.3.1/thumb/v6-m\libgcc.a(_thumb1_case_uqi.o)
                                                  src/ASF/sam0/drivers/system/clock/clock_samd21_r21_da_ha1/clock.o
                                                  src/SMARTCARD/smartcard_lowlevel.o
                                                  src/LOGIC/logic_smartcard.o
                                                  src/GUI/gui_dispatcher.o
                                                  src/COMMS/comms_aux_mcu.o
__init_array_end                                  c:/program files (x86)/atmel/studio/7.0/toolchain/arm/arm-gnu-toolchain/bin/../lib/gcc/arm-none-eabi/6.3.1/../../../../arm-none-eabi/lib/thumb/v6-m\libc_nano.a(lib_a-init.o)
__init_array_start                                c:/program files (x86)/atmel/studio/7.0/toolchain/arm/arm-gnu-toolchain/bin/../lib/gcc/arm-none-eabi/6.3.1/../../../../arm-none-eabi/lib/thumb/v6-m\libc_nano.a(lib_a-init.o)
__libc_fini_array                                 c:/program files (x86)/atmel/studio/7.0/toolchain/arm/arm-gnu-toolchain/bin/../lib/gcc/arm-none-eabi/6.3.1/../../../../arm-none-eabi/lib/thumb/v6-m/crt0.o
__libc_init_array                                 c:/program files (x86)/atmel/studio/7.0/toolchain/arm/arm-gnu-toolchain/bin/../lib/gcc/arm-none-eabi/6.3.1/../../../../arm-none-eabi/lib/thumb/v6-m\libc_nano.a(lib_a-init.o)
                                                  src/ASF/sam0/utils/cmsis/samd21/source/gcc/startup_samd21.o
                                                  c:/program files (x86)/atmel/studio/7.0/toolchain/arm/arm-gnu-toolchain/bin/../lib/gcc/arm-none-eabi/6.3.1/../../../../arm-none-eabi/lib/thumb/v6-m/crt0.o
__malloc_free_list                                c:/program files (x86)/atmel/studio/7.0/toolchain/arm/arm-gnu-toolchain/bin/../lib/gcc/arm-none-eabi/6.3.1/../../../../arm-none-eabi/lib/thumb/v6-m\libc_nano.a(lib_a-nano-mallocr.o)
                                                  c:/program files (x86)/atmel/studio/7.0/toolchain/arm/arm-gnu-toolchain/bin/../lib/gcc/arm-none-eabi/6.3.1/../../../../arm-none-eabi/lib/thumb/v6-m\libc_nano.a(lib_a-nano-freer.o)
__malloc_lock                                     c:/program files (x86)/atmel/studio/7.0/toolchain/arm/arm-gnu-toolchain/bin/../lib/gcc/arm-none-eabi/6.3.1/../../../../arm-none-eabi/lib/thumb/v6-m\libc_nano.a(lib_a-mlock.o)
                                                  c:/program files (x86)/atmel/studio/7.0/toolchain/arm/arm-gnu-toolchain/bin/../lib/gcc/arm-none-eabi/6.3.1/../../../../arm-none-eabi/lib/thumb/v6-m\libc_nano.a(lib_a-nano-mallocr.o)
                                                  c:/program files (x86)/atmel/studio/7.0/toolchain/arm/arm-gnu-toolchain/bin/../lib/gcc/arm-none-eabi/6.3.1/../../../../arm-none-eabi/lib/thumb/v6-m\libc_nano.a(lib_a-nano-freer.o)
__malloc_sbrk_start                               c:/program files (x86)/atmel/studio/7.0/toolchain/arm/arm-gnu-toolchain/bin/../lib/gcc/arm-none-eabi/6.3.1/../../../../arm-none-eabi/lib/thumb/v6-m\libc_nano.a(lib_a-nano-mallocr.o)
__malloc_unlock                                   c:/program files (x86)/atmel/studio/7.0/toolchain/arm/arm-gnu-toolchain/bin/../lib/gcc/arm-none-eabi/6.3.1/../../../../arm-none-eabi/lib/thumb/v6-m\libc_nano.a(lib_a-mlock.o)
                                                  c:/program files (x86)/atmel/studio/7.0/toolchain/arm/arm-gnu-toolchain/bin/../lib/gcc/arm-none-eabi/6.3.1/../../../../arm-none-eabi/lib/thumb/v6-m\libc_nano.a(lib_a-nano-mallocr.o)
                                                  c:/program files (x86)/atmel/studio/7.0/toolchain/arm/arm-gnu-toolchain/bin/../lib/gcc/arm-none-eabi/6.3.1/../../../../arm-none-eabi/lib/thumb/v6-m\libc_nano.a(lib_a-nano-freer.o)
__preinit_array_end                               c:/program files (x86)/atmel/studio/7.0/toolchain/arm/arm-gnu-toolchain/bin/../lib/gcc/arm-none-eabi/6.3.1/../../../../arm-none-eabi/lib/thumb/v6-m\libc_nano.a(lib_a-init.o)
__preinit_array_start                             c:/program files (x86)/atmel/studio/7.0/toolchain/arm/arm-gnu-toolchain/bin/../lib/gcc/arm-none-eabi/6.3.1/../../../../arm-none-eabi/lib/thumb/v6-m\libc_nano.a(lib_a-init.o)
__register_frame_info                             c:/program files (x86)/atmel/studio/7.0/toolchain/arm/arm-gnu-toolchain/bin/../lib/gcc/arm-none-eabi/6.3.1/thumb/v6-m/crtbegin.o
__sf_fake_stderr                                  c:/program files (x86)/atmel/studio/7.0/toolchain/arm/arm-gnu-toolchain/bin/../lib/gcc/arm-none-eabi/6.3.1/../../../../arm-none-eabi/lib/thumb/v6-m\libc_nano.a(lib_a-impure.o)
__sf_fake_stdin                                   c:/program files (x86)/atmel/studio/7.0/toolchain/arm/arm-gnu-toolchain/bin/../lib/gcc/arm-none-eabi/6.3.1/../../../../arm-none-eabi/lib/thumb/v6-m\libc_nano.a(lib_a-impure.o)
__sf_fake_stdout                                  c:/program files (x86)/atmel/studio/7.0/toolchain/arm/arm-gnu-toolchain/bin/../lib/gcc/arm-none-eabi/6.3.1/../../../../arm-none-eabi/lib/thumb/v6-m\libc_nano.a(lib_a-impure.o)
__ssprint_r                                       c:/program files (x86)/atmel/studio/7.0/toolchain/arm/arm-gnu-toolchain/bin/../lib/gcc/arm-none-eabi/6.3.1/../../../../arm-none-eabi/lib/thumb/v6-m\libc_nano.a(lib_a-nano-svfprintf.o)
__ssputs_r                                        c:/program files (x86)/atmel/studio/7.0/toolchain/arm/arm-gnu-toolchain/bin/../lib/gcc/arm-none-eabi/6.3.1/../../../../arm-none-eabi/lib/thumb/v6-m\libc_nano.a(lib_a-nano-svfprintf.o)
__stack                                           c:/program files (x86)/atmel/studio/7.0/toolchain/arm/arm-gnu-toolchain/bin/../lib/gcc/arm-none-eabi/6.3.1/../../../../arm-none-eabi/lib/thumb/v6-m/crt0.o
__udivmoddi4                                      c:/program files (x86)/atmel/studio/7.0/toolchain/arm/arm-gnu-toolchain/bin/../lib/gcc/arm-none-eabi/6.3.1/thumb/v6-m\libgcc.a(_udivmoddi4.o)
                                                  c:/program files (x86)/atmel/studio/7.0/toolchain/arm/arm-gnu-toolchain/bin/../lib/gcc/arm-none-eabi/6.3.1/thumb/v6-m\libgcc.a(_aeabi_uldivmod.o)
__udivsi3                                         c:/program files (x86)/atmel/studio/7.0/toolchain/arm/arm-gnu-toolchain/bin/../lib/gcc/arm-none-eabi/6.3.1/thumb/v6-m\libgcc.a(_udivsi3.o)
_close                                            src/ASF/sam0/utils/syscalls/gcc/syscalls.o
_end                                              src/ASF/sam0/utils/syscalls/gcc/syscalls.o
_erelocate                                        src/ASF/sam0/utils/cmsis/samd21/source/gcc/startup_samd21.o
_estack                                           src/ASF/sam0/utils/cmsis/samd21/source/gcc/startup_samd21.o
_etext                                            src/ASF/sam0/utils/cmsis/samd21/source/gcc/startup_samd21.o
_exit                                             src/ASF/sam0/utils/syscalls/gcc/syscalls.o
                                                  c:/program files (x86)/atmel/studio/7.0/toolchain/arm/arm-gnu-toolchain/bin/../lib/gcc/arm-none-eabi/6.3.1/../../../../arm-none-eabi/lib/thumb/v6-m\libc_nano.a(lib_a-exit.o)
_ezero                                            src/ASF/sam0/utils/cmsis/samd21/source/gcc/startup_samd21.o
_fini                                             c:/program files (x86)/atmel/studio/7.0/toolchain/arm/arm-gnu-toolchain/bin/../lib/gcc/arm-none-eabi/6.3.1/thumb/v6-m/crti.o
_free_r                                           c:/program files (x86)/atmel/studio/7.0/toolchain/arm/arm-gnu-toolchain/bin/../lib/gcc/arm-none-eabi/6.3.1/../../../../arm-none-eabi/lib/thumb/v6-m\libc_nano.a(lib_a-nano-freer.o)
                                                  c:/program files (x86)/atmel/studio/7.0/toolchain/arm/arm-gnu-toolchain/bin/../lib/gcc/arm-none-eabi/6.3.1/../../../../arm-none-eabi/lib/thumb/v6-m\libc_nano.a(lib_a-reent.o)
                                                  c:/program files (x86)/atmel/studio/7.0/toolchain/arm/arm-gnu-toolchain/bin/../lib/gcc/arm-none-eabi/6.3.1/../../../../arm-none-eabi/lib/thumb/v6-m\libc_nano.a(lib_a-nano-reallocr.o)
                                                  c:/program files (x86)/atmel/studio/7.0/toolchain/arm/arm-gnu-toolchain/bin/../lib/gcc/arm-none-eabi/6.3.1/../../../../arm-none-eabi/lib/thumb/v6-m\libc_nano.a(lib_a-nano-svfprintf.o)
_fstat                                            src/ASF/sam0/utils/syscalls/gcc/syscalls.o
_getpid                                           src/ASF/sam0/utils/syscalls/gcc/syscalls.o
_global_impure_ptr                                c:/program files (x86)/atmel/studio/7.0/toolchain/arm/arm-gnu-toolchain/bin/../lib/gcc/arm-none-eabi/6.3.1/../../../../arm-none-eabi/lib/thumb/v6-m\libc_nano.a(lib_a-impure.o)
                                                  c:/program files (x86)/atmel/studio/7.0/toolchain/arm/arm-gnu-toolchain/bin/../lib/gcc/arm-none-eabi/6.3.1/../../../../arm-none-eabi/lib/thumb/v6-m\libc_nano.a(lib_a-exit.o)
_impure_ptr                                       c:/program files (x86)/atmel/studio/7.0/toolchain/arm/arm-gnu-toolchain/bin/../lib/gcc/arm-none-eabi/6.3.1/../../../../arm-none-eabi/lib/thumb/v6-m\libc_nano.a(lib_a-impure.o)
                                                  c:/program files (x86)/atmel/studio/7.0/toolchain/arm/arm-gnu-toolchain/bin/../lib/gcc/arm-none-eabi/6.3.1/../../../../arm-none-eabi/lib/thumb/v6-m\libc_nano.a(lib_a-reent.o)
                                                  c:/program files (x86)/atmel/studio/7.0/toolchain/arm/arm-gnu-toolchain/bin/../lib/gcc/arm-none-eabi/6.3.1/../../../../arm-none-eabi/lib/thumb/v6-m\libc_nano.a(lib_a-vsnprintf.o)
_init                                             c:/program files (x86)/atmel/studio/7.0/toolchain/arm/arm-gnu-toolchain/bin/../lib/gcc/arm-none-eabi/6.3.1/thumb/v6-m/crti.o
                                                  c:/program files (x86)/atmel/studio/7.0/toolchain/arm/arm-gnu-toolchain/bin/../lib/gcc/arm-none-eabi/6.3.1/../../../../arm-none-eabi/lib/thumb/v6-m\libc_nano.a(lib_a-init.o)
_isatty                                           src/ASF/sam0/utils/syscalls/gcc/syscalls.o
_kill                                             src/ASF/sam0/utils/syscalls/gcc/syscalls.o
_lseek                                            src/ASF/sam0/utils/syscalls/gcc/syscalls.o
_mainCRTStartup                                   c:/program files (x86)/atmel/studio/7.0/toolchain/arm/arm-gnu-toolchain/bin/../lib/gcc/arm-none-eabi/6.3.1/../../../../arm-none-eabi/lib/thumb/v6-m/crt0.o
_malloc_r                                         c:/program files (x86)/atmel/studio/7.0/toolchain/arm/arm-gnu-toolchain/bin/../lib/gcc/arm-none-eabi/6.3.1/../../../../arm-none-eabi/lib/thumb/v6-m\libc_nano.a(lib_a-nano-mallocr.o)
                                                  c:/program files (x86)/atmel/studio/7.0/toolchain/arm/arm-gnu-toolchain/bin/../lib/gcc/arm-none-eabi/6.3.1/../../../../arm-none-eabi/lib/thumb/v6-m\libc_nano.a(lib_a-nano-reallocr.o)
                                                  c:/program files (x86)/atmel/studio/7.0/toolchain/arm/arm-gnu-toolchain/bin/../lib/gcc/arm-none-eabi/6.3.1/../../../../arm-none-eabi/lib/thumb/v6-m\libc_nano.a(lib_a-nano-svfprintf.o)
_malloc_usable_size_r                             c:/program files (x86)/atmel/studio/7.0/toolchain/arm/arm-gnu-toolchain/bin/../lib/gcc/arm-none-eabi/6.3.1/../../../../arm-none-eabi/lib/thumb/v6-m\libc_nano.a(lib_a-nano-msizer.o)
                                                  c:/program files (x86)/atmel/studio/7.0/toolchain/arm/arm-gnu-toolchain/bin/../lib/gcc/arm-none-eabi/6.3.1/../../../../arm-none-eabi/lib/thumb/v6-m\libc_nano.a(lib_a-nano-reallocr.o)
_printf_common                                    c:/program files (x86)/atmel/studio/7.0/toolchain/arm/arm-gnu-toolchain/bin/../lib/gcc/arm-none-eabi/6.3.1/../../../../arm-none-eabi/lib/thumb/v6-m\libc_nano.a(lib_a-nano-vfprintf_i.o)
_printf_float                                     c:/program files (x86)/atmel/studio/7.0/toolchain/arm/arm-gnu-toolchain/bin/../lib/gcc/arm-none-eabi/6.3.1/../../../../arm-none-eabi/lib/thumb/v6-m\libc_nano.a(lib_a-nano-svfprintf.o)
_printf_i                                         c:/program files (x86)/atmel/studio/7.0/toolchain/arm/arm-gnu-toolchain/bin/../lib/gcc/arm-none-eabi/6.3.1/../../../../arm-none-eabi/lib/thumb/v6-m\libc_nano.a(lib_a-nano-vfprintf_i.o)
                                                  c:/program files (x86)/atmel/studio/7.0/toolchain/arm/arm-gnu-toolchain/bin/../lib/gcc/arm-none-eabi/6.3.1/../../../../arm-none-eabi/lib/thumb/v6-m\libc_nano.a(lib_a-nano-svfprintf.o)
_realloc_r                                        c:/program files (x86)/atmel/studio/7.0/toolchain/arm/arm-gnu-toolchain/bin/../lib/gcc/arm-none-eabi/6.3.1/../../../../arm-none-eabi/lib/thumb/v6-m\libc_nano.a(lib_a-nano-reallocr.o)
                                                  c:/program files (x86)/atmel/studio/7.0/toolchain/arm/arm-gnu-toolchain/bin/../lib/gcc/arm-none-eabi/6.3.1/../../../../arm-none-eabi/lib/thumb/v6-m\libc_nano.a(lib_a-nano-svfprintf.o)
_reclaim_reent                                    c:/program files (x86)/atmel/studio/7.0/toolchain/arm/arm-gnu-toolchain/bin/../lib/gcc/arm-none-eabi/6.3.1/../../../../arm-none-eabi/lib/thumb/v6-m\libc_nano.a(lib_a-reent.o)
_sbrk                                             src/ASF/sam0/utils/syscalls/gcc/syscalls.o
                                                  c:/program files (x86)/atmel/studio/7.0/toolchain/arm/arm-gnu-toolchain/bin/../lib/gcc/arm-none-eabi/6.3.1/../../../../arm-none-eabi/lib/thumb/v6-m\libc_nano.a(lib_a-sbrkr.o)
_sbrk_r                                           c:/program files (x86)/atmel/studio/7.0/toolchain/arm/arm-gnu-toolchain/bin/../lib/gcc/arm-none-eabi/6.3.1/../../../../arm-none-eabi/lib/thumb/v6-m\libc_nano.a(lib_a-sbrkr.o)
                                                  c:/program files (x86)/atmel/studio/7.0/toolchain/arm/arm-gnu-toolchain/bin/../lib/gcc/arm-none-eabi/6.3.1/../../../../arm-none-eabi/lib/thumb/v6-m\libc_nano.a(lib_a-nano-mallocr.o)
_sfixed                                           src/ASF/sam0/utils/cmsis/samd21/source/gcc/startup_samd21.o
_srelocate                                        src/ASF/sam0/utils/cmsis/samd21/source/gcc/startup_samd21.o
_start                                            c:/program files (x86)/atmel/studio/7.0/toolchain/arm/arm-gnu-toolchain/bin/../lib/gcc/arm-none-eabi/6.3.1/../../../../arm-none-eabi/lib/thumb/v6-m/crt0.o
_svfiprintf_r                                     c:/program files (x86)/atmel/studio/7.0/toolchain/arm/arm-gnu-toolchain/bin/../lib/gcc/arm-none-eabi/6.3.1/../../../../arm-none-eabi/lib/thumb/v6-m\libc_nano.a(lib_a-nano-svfprintf.o)
_svfprintf_r                                      c:/program files (x86)/atmel/studio/7.0/toolchain/arm/arm-gnu-toolchain/bin/../lib/gcc/arm-none-eabi/6.3.1/../../../../arm-none-eabi/lib/thumb/v6-m\libc_nano.a(lib_a-nano-svfprintf.o)
                                                  c:/program files (x86)/atmel/studio/7.0/toolchain/arm/arm-gnu-toolchain/bin/../lib/gcc/arm-none-eabi/6.3.1/../../../../arm-none-eabi/lib/thumb/v6-m\libc_nano.a(lib_a-vsnprintf.o)
_system_divas_init                                src/ASF/sam0/drivers/system/system.o
_system_dummy_init                                src/ASF/sam0/drivers/system/system.o
_system_events_init                               src/ASF/sam0/drivers/system/system.o
_system_extint_init                               src/ASF/sam0/drivers/system/system.o
_szero                                            src/ASF/sam0/utils/cmsis/samd21/source/gcc/startup_samd21.o
_vsniprintf_r                                     c:/program files (x86)/atmel/studio/7.0/toolchain/arm/arm-gnu-toolchain/bin/../lib/gcc/arm-none-eabi/6.3.1/../../../../arm-none-eabi/lib/thumb/v6-m\libc_nano.a(lib_a-vsnprintf.o)
_vsnprintf_r                                      c:/program files (x86)/atmel/studio/7.0/toolchain/arm/arm-gnu-toolchain/bin/../lib/gcc/arm-none-eabi/6.3.1/../../../../arm-none-eabi/lib/thumb/v6-m\libc_nano.a(lib_a-vsnprintf.o)
advanced_menu_pic_ids                             src/GUI/gui_menu.o
advanced_menu_text_ids                            src/GUI/gui_menu.o
atexit                                            c:/program files (x86)/atmel/studio/7.0/toolchain/arm/arm-gnu-toolchain/bin/../lib/gcc/arm-none-eabi/6.3.1/../../../../arm-none-eabi/lib/thumb/v6-m/crt0.o
aux_mcu_comms_aux_mcu_routine_function_called     src/COMMS/comms_aux_mcu.o
aux_mcu_comms_disabled                            src/COMMS/comms_aux_mcu.o
aux_mcu_comms_invalid_message_received            src/COMMS/comms_aux_mcu.o
aux_mcu_comms_prev_aux_mcu_routine_wants_to_arm_rx src/COMMS/comms_aux_mcu.o
aux_mcu_comms_rx_already_armed                    src/COMMS/comms_aux_mcu.o
aux_mcu_comms_second_buffer_rerequested           src/COMMS/comms_aux_mcu.o
aux_mcu_message_1_reserved                        src/COMMS/comms_aux_mcu.o
aux_mcu_message_2_reserved                        src/COMMS/comms_aux_mcu.o
aux_mcu_message_answered_using_first_bytes        src/COMMS/comms_aux_mcu.o
aux_mcu_receive_message                           src/COMMS/comms_aux_mcu.o
aux_mcu_send_message_1                            src/COMMS/comms_aux_mcu.o
aux_mcu_send_message_2                            src/COMMS/comms_aux_mcu.o
bitstream_bitmap_array_read                       src/FILESYSTEM/custom_bitstream.o
                                                  src/OLED/sh1122.o
bitstream_bitmap_close                            src/FILESYSTEM/custom_bitstream.o
                                                  src/OLED/sh1122.o
bitstream_bitmap_init                             src/FILESYSTEM/custom_bitstream.o
                                                  src/OLED/sh1122.o
bitstream_bitmap_read                             src/FILESYSTEM/custom_bitstream.o
                                                  src/OLED/sh1122.o
bitstream_bitmap_two_pixel_read                   src/FILESYSTEM/custom_bitstream.o
bitstream_glyph_bitmap_init                       src/FILESYSTEM/custom_bitstream.o
                                                  src/OLED/sh1122.o
bluetooth_on_menu_pic_ids                         src/GUI/gui_menu.o
bluetooth_on_menu_text_ids                        src/GUI/gui_menu.o
board_init                                        src/ASF/common2/boards/user_board/init.o
br_aes_ct_bitslice_Sbox                           src/BearSSL/src/symcipher/aes_ct.o
                                                  src/BearSSL/src/symcipher/aes_ct_enc.o
br_aes_ct_bitslice_encrypt                        src/BearSSL/src/symcipher/aes_ct_enc.o
                                                  src/BearSSL/src/symcipher/aes_ct_ctrcbc.o
                                                  src/BearSSL/src/symcipher/aes_ct_ctr.o
br_aes_ct_ctr_init                                src/BearSSL/src/symcipher/aes_ct_ctr.o
br_aes_ct_ctr_run                                 src/BearSSL/src/symcipher/aes_ct_ctr.o
br_aes_ct_ctr_vtable                              src/BearSSL/src/symcipher/aes_ct_ctr.o
br_aes_ct_ctrcbc_ctr                              src/BearSSL/src/symcipher/aes_ct_ctrcbc.o
                                                  src/LOGIC/logic_user.o
                                                  src/LOGIC/logic_encryption.o
br_aes_ct_ctrcbc_decrypt                          src/BearSSL/src/symcipher/aes_ct_ctrcbc.o
br_aes_ct_ctrcbc_encrypt                          src/BearSSL/src/symcipher/aes_ct_ctrcbc.o
br_aes_ct_ctrcbc_init                             src/BearSSL/src/symcipher/aes_ct_ctrcbc.o
                                                  src/LOGIC/logic_user.o
                                                  src/LOGIC/logic_encryption.o
                                                  src/bootloader.o
br_aes_ct_ctrcbc_mac                              src/BearSSL/src/symcipher/aes_ct_ctrcbc.o
                                                  src/bootloader.o
br_aes_ct_ctrcbc_vtable                           src/BearSSL/src/symcipher/aes_ct_ctrcbc.o
br_aes_ct_keysched                                src/BearSSL/src/symcipher/aes_ct.o
                                                  src/BearSSL/src/symcipher/aes_ct_ctrcbc.o
                                                  src/BearSSL/src/symcipher/aes_ct_ctr.o
br_aes_ct_ortho                                   src/BearSSL/src/symcipher/aes_ct.o
                                                  src/BearSSL/src/symcipher/aes_ct_ctrcbc.o
                                                  src/BearSSL/src/symcipher/aes_ct_ctr.o
br_aes_ct_skey_expand                             src/BearSSL/src/symcipher/aes_ct.o
                                                  src/BearSSL/src/symcipher/aes_ct_ctrcbc.o
                                                  src/BearSSL/src/symcipher/aes_ct_ctr.o
br_ec_compute_pub                                 src/LOGIC/logic_encryption.o
br_ec_keygen                                      src/LOGIC/logic_encryption.o
br_ec_p256_m15                                    src/LOGIC/logic_encryption.o
br_ecdsa_i15_sign_raw                             src/LOGIC/logic_encryption.o
br_hmac_drbg_init                                 src/LOGIC/logic_encryption.o
br_hmac_init                                      src/LOGIC/logic_encryption.o
br_hmac_key_init                                  src/LOGIC/logic_encryption.o
br_hmac_out                                       src/LOGIC/logic_encryption.o
br_hmac_update                                    src/LOGIC/logic_encryption.o
br_sha1_vtable                                    src/LOGIC/logic_encryption.o
br_sha224_update                                  src/LOGIC/logic_encryption.o
br_sha256_init                                    src/LOGIC/logic_encryption.o
br_sha256_out                                     src/LOGIC/logic_encryption.o
br_sha256_vtable                                  src/LOGIC/logic_encryption.o
card_detect_counter                               src/SMARTCARD/smartcard_lowlevel.o
card_powered                                      src/SMARTCARD/smartcard_lowlevel.o
card_return                                       src/SMARTCARD/smartcard_lowlevel.o
cleanup_glue                                      c:/program files (x86)/atmel/studio/7.0/toolchain/arm/arm-gnu-toolchain/bin/../lib/gcc/arm-none-eabi/6.3.1/../../../../arm-none-eabi/lib/thumb/v6-m\libc_nano.a(lib_a-reent.o)
clocks_map_gclk_to_peripheral_clock               src/CLOCKS/driver_clocks.o
                                                  src/TIMER/driver_timer.o
                                                  src/PLATFORM/platform_io.o
                                                  src/ACCELEROMETER/lis2hh12.o
clocks_start_48MDFLL                              src/CLOCKS/driver_clocks.o
                                                  src/bootloader.o
comms_aux_arm_rx_and_clear_no_comms               src/COMMS/comms_aux_mcu.o
                                                  src/LOGIC/logic_user.o
                                                  src/LOGIC/logic_aux_mcu.o
                                                  src/COMMS/comms_hid_msgs_debug.o
                                                  src/COMMS/comms_hid_msgs.o
comms_aux_mcu_active_wait                         src/COMMS/comms_aux_mcu.o
                                                  src/LOGIC/logic_user.o
                                                  src/LOGIC/logic_aux_mcu.o
                                                  src/COMMS/comms_hid_msgs_debug.o
                                                  src/COMMS/comms_hid_msgs.o
comms_aux_mcu_are_comms_disabled                  src/COMMS/comms_aux_mcu.o
comms_aux_mcu_clear_rx_already_armed_error        src/COMMS/comms_aux_mcu.o
comms_aux_mcu_deal_with_ble_message               src/COMMS/comms_aux_mcu.o
comms_aux_mcu_deal_with_received_event            src/COMMS/comms_aux_mcu.o
comms_aux_mcu_get_and_clear_invalid_message_received src/COMMS/comms_aux_mcu.o
comms_aux_mcu_get_and_clear_rx_transfer_already_armed src/COMMS/comms_aux_mcu.o
comms_aux_mcu_get_and_clear_second_tx_buffer_rerequested src/COMMS/comms_aux_mcu.o
comms_aux_mcu_get_aux_status                      src/COMMS/comms_aux_mcu.o
comms_aux_mcu_get_empty_packet_ready_to_be_sent   src/COMMS/comms_aux_mcu.o
                                                  src/LOGIC/logic_user.o
                                                  src/LOGIC/logic_aux_mcu.o
                                                  src/GUI/gui_menu.o
                                                  src/COMMS/comms_hid_msgs_debug.o
                                                  src/COMMS/comms_hid_msgs.o
comms_aux_mcu_get_free_tx_message_object_pt       src/COMMS/comms_aux_mcu.o
                                                  src/COMMS/comms_hid_msgs_debug.o
comms_aux_mcu_hard_comms_reset_with_aux_mcu_reboot src/COMMS/comms_aux_mcu.o
comms_aux_mcu_prepare_for_active_rx_packet_receive src/COMMS/comms_aux_mcu.o
comms_aux_mcu_routine                             src/COMMS/comms_aux_mcu.o
                                                  src/LOGIC/logic_smartcard.o
                                                  src/LOGIC/logic_power.o
                                                  src/GUI/gui_prompts.o
comms_aux_mcu_send_message                        src/COMMS/comms_aux_mcu.o
                                                  src/LOGIC/logic_user.o
                                                  src/LOGIC/logic_aux_mcu.o
                                                  src/GUI/gui_menu.o
                                                  src/COMMS/comms_hid_msgs_debug.o
                                                  src/COMMS/comms_hid_msgs.o
comms_aux_mcu_send_receive_ping                   src/COMMS/comms_aux_mcu.o
comms_aux_mcu_send_simple_command_message         src/COMMS/comms_aux_mcu.o
                                                  src/LOGIC/logic_power.o
                                                  src/LOGIC/logic_aux_mcu.o
                                                  src/COMMS/comms_hid_msgs_debug.o
comms_aux_mcu_set_comms_disabled                  src/COMMS/comms_aux_mcu.o
comms_aux_mcu_set_invalid_message_received        src/COMMS/comms_aux_mcu.o
                                                  src/COMMS/comms_hid_msgs.o
comms_aux_mcu_update_device_status_buffer         src/COMMS/comms_aux_mcu.o
comms_aux_mcu_wait_for_aux_event                  src/COMMS/comms_aux_mcu.o
                                                  src/LOGIC/logic_user.o
                                                  src/LOGIC/logic_power.o
                                                  src/LOGIC/logic_aux_mcu.o
                                                  src/COMMS/comms_hid_msgs_debug.o
comms_aux_mcu_wait_for_message_sent               src/COMMS/comms_aux_mcu.o
comms_hid_msgs_debug_printf                       src/COMMS/comms_hid_msgs_debug.o
comms_hid_msgs_debug_upload_allowed               src/COMMS/comms_hid_msgs_debug.o
comms_hid_msgs_fill_get_status_message_answer     src/COMMS/comms_hid_msgs.o
                                                  src/COMMS/comms_aux_mcu.o
comms_hid_msgs_get_empty_hid_packet               src/COMMS/comms_hid_msgs.o
                                                  src/LOGIC/logic_user.o
                                                  src/COMMS/comms_hid_msgs_debug.o
comms_hid_msgs_parse                              src/COMMS/comms_hid_msgs.o
                                                  src/COMMS/comms_aux_mcu.o
comms_hid_msgs_parse_debug                        src/COMMS/comms_hid_msgs_debug.o
                                                  src/COMMS/comms_aux_mcu.o
comms_hid_msgs_send_ack_nack_message              src/COMMS/comms_hid_msgs.o
                                                  src/COMMS/comms_hid_msgs_debug.o
comms_hid_msgs_update_message_fields              src/COMMS/comms_hid_msgs.o
comms_hid_msgs_update_message_payload_length_fields src/COMMS/comms_hid_msgs.o
                                                  src/LOGIC/logic_user.o
context_timers                                    src/TIMER/driver_timer.o
cpu_irq_enter_critical                            src/ASF/common/utils/interrupt/interrupt_sam_nvic.o
                                                  src/ASF/sam0/drivers/system/clock/clock_samd21_r21_da_ha1/gclk.o
                                                  src/TIMER/driver_timer.o
                                                  src/SMARTCARD/smartcard_lowlevel.o
                                                  src/LOGIC/logic_security.o
                                                  src/LOGIC/logic_power.o
                                                  src/INPUTS/inputs.o
                                                  src/DMA/dma.o
cpu_irq_leave_critical                            src/ASF/common/utils/interrupt/interrupt_sam_nvic.o
                                                  src/ASF/sam0/drivers/system/clock/clock_samd21_r21_da_ha1/gclk.o
                                                  src/TIMER/driver_timer.o
                                                  src/SMARTCARD/smartcard_lowlevel.o
                                                  src/LOGIC/logic_security.o
                                                  src/LOGIC/logic_power.o
                                                  src/INPUTS/inputs.o
                                                  src/DMA/dma.o
current_address                                   src/bootloader.o
custom_fs_ble_keyboard_layout_addr                src/FILESYSTEM/custom_fs.o
custom_fs_compute_and_check_external_bundle_crc32 src/FILESYSTEM/custom_fs.o
                                                  src/bootloader.o
custom_fs_continuous_read_from_flash              src/FILESYSTEM/custom_fs.o
                                                  src/FILESYSTEM/custom_bitstream.o
                                                  src/bootloader.o
custom_fs_cpz_lut                                 src/FILESYSTEM/custom_fs.o
custom_fs_cur_ble_keyboard_id                     src/FILESYSTEM/custom_fs.o
custom_fs_cur_language_entry                      src/FILESYSTEM/custom_fs.o
custom_fs_cur_language_id                         src/FILESYSTEM/custom_fs.o
custom_fs_cur_usb_keyboard_id                     src/FILESYSTEM/custom_fs.o
custom_fs_current_text_file_addr                  src/FILESYSTEM/custom_fs.o
custom_fs_current_text_file_string_count          src/FILESYSTEM/custom_fs.o
custom_fs_data_bus_opened                         src/FILESYSTEM/custom_fs.o
custom_fs_dataflash_desc                          src/FILESYSTEM/custom_fs.o
custom_fs_default_device_settings                 src/FILESYSTEM/custom_fs.o
custom_fs_define_nb_ms_since_last_full_charge     src/FILESYSTEM/custom_fs.o
                                                  src/LOGIC/logic_power.o
custom_fs_detele_user_cpz_lut_entry               src/FILESYSTEM/custom_fs.o
                                                  src/LOGIC/logic_user.o
custom_fs_emergency_font_file                     src/FILESYSTEM/custom_fs_emergency_font.o
                                                  src/FILESYSTEM/custom_fs.o
custom_fs_erase_256B_at_internal_custom_storage_slot src/FILESYSTEM/custom_fs.o
custom_fs_flash_header                            src/FILESYSTEM/custom_fs.o
custom_fs_get_cpz_lut_entry                       src/FILESYSTEM/custom_fs.o
                                                  src/LOGIC/logic_user.o
                                                  src/LOGIC/logic_smartcard.o
                                                  src/COMMS/comms_hid_msgs.o
custom_fs_get_current_language_id                 src/FILESYSTEM/custom_fs.o
                                                  src/NODEMGMT/nodemgmt.o
                                                  src/LOGIC/logic_user.o
                                                  src/GUI/gui_prompts.o
                                                  src/GUI/gui_menu.o
                                                  src/COMMS/comms_hid_msgs.o
custom_fs_get_current_language_text_desc          src/FILESYSTEM/custom_fs.o
custom_fs_get_current_layout_id                   src/FILESYSTEM/custom_fs.o
                                                  src/GUI/gui_prompts.o
                                                  src/GUI/gui_menu.o
                                                  src/COMMS/comms_hid_msgs.o
custom_fs_get_custom_storage_slot_ptr             src/FILESYSTEM/custom_fs.o
custom_fs_get_debug_bt_addr                       src/FILESYSTEM/custom_fs.o
                                                  src/LOGIC/logic_bluetooth.o
custom_fs_get_device_flag_value                   src/FILESYSTEM/custom_fs.o
custom_fs_get_file_address                        src/FILESYSTEM/custom_fs.o
                                                  src/OLED/sh1122.o
                                                  src/LOGIC/logic_aux_mcu.o
                                                  src/bootloader.o
custom_fs_get_keyboard_descriptor_string          src/FILESYSTEM/custom_fs.o
                                                  src/GUI/gui_prompts.o
                                                  src/COMMS/comms_hid_msgs.o
custom_fs_get_keyboard_symbols_for_unicode_string src/FILESYSTEM/custom_fs.o
                                                  src/LOGIC/logic_user.o
custom_fs_get_language_description                src/FILESYSTEM/custom_fs.o
                                                  src/GUI/gui_prompts.o
                                                  src/COMMS/comms_hid_msgs.o
custom_fs_get_last_vbat_measurement_before_poweroff src/FILESYSTEM/custom_fs.o
custom_fs_get_nb_free_cpz_lut_entries             src/FILESYSTEM/custom_fs.o
                                                  src/LOGIC/logic_user.o
                                                  src/COMMS/comms_hid_msgs.o
custom_fs_get_nb_ms_since_last_full_charge        src/FILESYSTEM/custom_fs.o
                                                  src/LOGIC/logic_power.o
custom_fs_get_number_of_keyb_layouts              src/FILESYSTEM/custom_fs.o
                                                  src/NODEMGMT/nodemgmt.o
                                                  src/LOGIC/logic_user.o
                                                  src/GUI/gui_prompts.o
                                                  src/COMMS/comms_hid_msgs.o
custom_fs_get_number_of_languages                 src/FILESYSTEM/custom_fs.o
                                                  src/NODEMGMT/nodemgmt.o
                                                  src/LOGIC/logic_user.o
                                                  src/LOGIC/logic_smartcard.o
                                                  src/GUI/gui_prompts.o
                                                  src/COMMS/comms_hid_msgs.o
custom_fs_get_other_data_from_continuous_read_from_flash src/FILESYSTEM/custom_fs.o
                                                  src/bootloader.o
custom_fs_get_recommended_layout_for_current_language src/FILESYSTEM/custom_fs.o
                                                  src/NODEMGMT/nodemgmt.o
                                                  src/LOGIC/logic_user.o
custom_fs_get_start_address_of_signed_data        src/FILESYSTEM/custom_fs.o
                                                  src/bootloader.o
custom_fs_get_string_from_file                    src/FILESYSTEM/custom_fs.o
                                                  src/LOGIC/logic_user.o
                                                  src/GUI/gui_prompts.o
                                                  src/GUI/gui_menu.o
                                                  src/GUI/gui_carousel.o
custom_fs_get_user_id_for_cpz                     src/FILESYSTEM/custom_fs.o
                                                  src/LOGIC/logic_user.o
custom_fs_hard_reset_settings                     src/FILESYSTEM/custom_fs.o
custom_fs_init                                    src/FILESYSTEM/custom_fs.o
                                                  src/LOGIC/logic_device.o
                                                  src/bootloader.o
custom_fs_platform_flags_p                        src/FILESYSTEM/custom_fs.o
custom_fs_platform_settings_p                     src/FILESYSTEM/custom_fs.o
custom_fs_read_256B_at_internal_custom_storage_slot src/FILESYSTEM/custom_fs.o
custom_fs_read_from_flash                         src/FILESYSTEM/custom_fs.o
                                                  src/OLED/sh1122.o
                                                  src/LOGIC/logic_aux_mcu.o
                                                  src/FILESYSTEM/custom_bitstream.o
                                                  src/bootloader.o
custom_fs_set_current_keyboard_id                 src/FILESYSTEM/custom_fs.o
                                                  src/LOGIC/logic_user.o
                                                  src/GUI/gui_prompts.o
                                                  src/COMMS/comms_hid_msgs.o
custom_fs_set_current_language                    src/FILESYSTEM/custom_fs.o
                                                  src/LOGIC/logic_user.o
                                                  src/LOGIC/logic_smartcard.o
                                                  src/GUI/gui_prompts.o
                                                  src/COMMS/comms_hid_msgs.o
custom_fs_set_dataflash_descriptor                src/FILESYSTEM/custom_fs.o
                                                  src/bootloader.o
custom_fs_set_device_default_language             src/FILESYSTEM/custom_fs.o
                                                  src/COMMS/comms_hid_msgs.o
custom_fs_set_device_flag_value                   src/FILESYSTEM/custom_fs.o
                                                  src/LOGIC/logic_power.o
                                                  src/COMMS/comms_hid_msgs_debug.o
custom_fs_set_settings_value                      src/FILESYSTEM/custom_fs.o
                                                  src/COMMS/comms_hid_msgs_debug.o
custom_fs_set_undefined_settings                  src/FILESYSTEM/custom_fs.o
custom_fs_settings_check_fw_upgrade_flag          src/FILESYSTEM/custom_fs.o
                                                  src/bootloader.o
custom_fs_settings_clear_fw_upgrade_flag          src/FILESYSTEM/custom_fs.o
                                                  src/bootloader.o
custom_fs_settings_get_device_setting             src/FILESYSTEM/custom_fs.o
                                                  src/LOGIC/logic_user.o
                                                  src/LOGIC/logic_smartcard.o
                                                  src/LOGIC/logic_power.o
                                                  src/LOGIC/logic_device.o
                                                  src/GUI/gui_prompts.o
                                                  src/COMMS/comms_hid_msgs.o
                                                  src/COMMS/comms_aux_mcu.o
custom_fs_settings_get_dump                       src/FILESYSTEM/custom_fs.o
                                                  src/COMMS/comms_hid_msgs.o
custom_fs_settings_init                           src/FILESYSTEM/custom_fs.o
                                                  src/bootloader.o
custom_fs_settings_set_fw_upgrade_flag            src/FILESYSTEM/custom_fs.o
                                                  src/COMMS/comms_hid_msgs_debug.o
custom_fs_settings_store_dump                     src/FILESYSTEM/custom_fs.o
                                                  src/COMMS/comms_hid_msgs.o
custom_fs_stop_continuous_read_from_flash         src/FILESYSTEM/custom_fs.o
                                                  src/FILESYSTEM/custom_bitstream.o
                                                  src/bootloader.o
custom_fs_store_cpz_entry                         src/FILESYSTEM/custom_fs.o
                                                  src/LOGIC/logic_user.o
custom_fs_temp_string1                            src/FILESYSTEM/custom_fs.o
custom_fs_update_cpz_entry                        src/FILESYSTEM/custom_fs.o
custom_fs_usb_keyboard_layout_addr                src/FILESYSTEM/custom_fs.o
custom_fs_write_256B_at_internal_custom_storage_slot src/FILESYSTEM/custom_fs.o
dataflash_bulk_erase_with_wait                    src/FLASH/dataflash.o
dataflash_bulk_erase_without_wait                 src/FLASH/dataflash.o
                                                  src/COMMS/comms_hid_msgs_debug.o
dataflash_check_presence                          src/FLASH/dataflash.o
                                                  src/bootloader.o
dataflash_descriptor                              src/bootloader.o
                                                  src/COMMS/comms_hid_msgs_debug.o
dataflash_erase_64kb_block                        src/FLASH/dataflash.o
dataflash_exit_power_down                         src/FLASH/dataflash.o
dataflash_is_busy                                 src/FLASH/dataflash.o
                                                  src/COMMS/comms_hid_msgs_debug.o
dataflash_power_down                              src/FLASH/dataflash.o
dataflash_read_bytes_from_opened_transfer         src/FLASH/dataflash.o
                                                  src/FILESYSTEM/custom_fs.o
dataflash_read_data_array                         src/FLASH/dataflash.o
                                                  src/FILESYSTEM/custom_fs.o
dataflash_read_data_array_start                   src/FLASH/dataflash.o
                                                  src/FILESYSTEM/custom_fs.o
dataflash_read_status_register                    src/FLASH/dataflash.o
dataflash_send_command                            src/FLASH/dataflash.o
dataflash_send_single_byte_command                src/FLASH/dataflash.o
dataflash_send_write_enable                       src/FLASH/dataflash.o
dataflash_stop_ongoing_transfer                   src/FLASH/dataflash.o
                                                  src/FILESYSTEM/custom_fs.o
dataflash_wait_for_not_busy                       src/FLASH/dataflash.o
dataflash_write_array_to_memory                   src/FLASH/dataflash.o
                                                  src/COMMS/comms_hid_msgs_debug.o
dbflash_block_erase                               src/FLASH/dbflash.o
dbflash_check_presence                            src/FLASH/dbflash.o
dbflash_chip_erase                                src/FLASH/dbflash.o
dbflash_descriptor                                src/bootloader.o
                                                  src/NODEMGMT/nodemgmt.o
dbflash_enter_ultra_deep_power_down               src/FLASH/dbflash.o
dbflash_flash_write_buffer_to_page                src/FLASH/dbflash.o
dbflash_format_flash                              src/FLASH/dbflash.o
dbflash_load_page_to_internal_buffer              src/FLASH/dbflash.o
dbflash_memory_boundary_error_callblack           src/FLASH/dbflash.o
dbflash_page_erase                                src/FLASH/dbflash.o
                                                  src/NODEMGMT/nodemgmt.o
dbflash_raw_read                                  src/FLASH/dbflash.o
dbflash_read_data_from_flash                      src/FLASH/dbflash.o
                                                  src/NODEMGMT/nodemgmt.o
dbflash_sector_erase                              src/FLASH/dbflash.o
dbflash_sector_zero_erase                         src/FLASH/dbflash.o
dbflash_send_command                              src/FLASH/dbflash.o
dbflash_send_data_with_four_bytes_opcode          src/FLASH/dbflash.o
dbflash_send_data_with_four_bytes_opcode_no_readback src/FLASH/dbflash.o
dbflash_send_pattern_data_with_four_bytes_opcode  src/FLASH/dbflash.o
dbflash_wait_for_not_busy                         src/FLASH/dbflash.o
dbflash_write_buffer                              src/FLASH/dbflash.o
dbflash_write_data_pattern_to_flash               src/FLASH/dbflash.o
                                                  src/NODEMGMT/nodemgmt.o
dbflash_write_data_to_flash                       src/FLASH/dbflash.o
                                                  src/NODEMGMT/nodemgmt.o
debug_debug_menu                                  src/GUI/gui_dispatcher.o
dma_acc_check_and_clear_dma_transfer_flag         src/DMA/dma.o
                                                  src/ACCELEROMETER/lis2hh12.o
dma_acc_check_dma_transfer_flag                   src/DMA/dma.o
                                                  src/ACCELEROMETER/lis2hh12.o
dma_acc_disable_transfer                          src/DMA/dma.o
dma_acc_init_transfer                             src/DMA/dma.o
                                                  src/ACCELEROMETER/lis2hh12.o
dma_acc_transfer_done                             src/DMA/dma.o
dma_aux_mcu_check_and_clear_dma_transfer_flag     src/DMA/dma.o
                                                  src/COMMS/comms_aux_mcu.o
dma_aux_mcu_check_dma_transfer_flag               src/DMA/dma.o
dma_aux_mcu_disable_transfer                      src/DMA/dma.o
                                                  src/COMMS/comms_aux_mcu.o
dma_aux_mcu_get_remaining_bytes_for_rx_transfer   src/DMA/dma.o
                                                  src/COMMS/comms_aux_mcu.o
dma_aux_mcu_init_rx_transfer                      src/DMA/dma.o
                                                  src/COMMS/comms_aux_mcu.o
dma_aux_mcu_init_tx_transfer                      src/DMA/dma.o
                                                  src/COMMS/comms_aux_mcu.o
dma_aux_mcu_is_rx_transfer_already_init           src/DMA/dma.o
                                                  src/COMMS/comms_aux_mcu.o
dma_aux_mcu_packet_received                       src/DMA/dma.o
dma_aux_mcu_packet_sent                           src/DMA/dma.o
dma_aux_mcu_rx_transfer_to_be_rearmed             src/DMA/dma.o
dma_aux_mcu_wait_for_current_packet_reception_and_clear_flag src/DMA/dma.o
                                                  src/COMMS/comms_hid_msgs_debug.o
                                                  src/COMMS/comms_aux_mcu.o
dma_compute_crc32_from_spi                        src/DMA/dma.o
                                                  src/FILESYSTEM/custom_fs.o
dma_custom_fs_check_and_clear_dma_transfer_flag   src/DMA/dma.o
                                                  src/FILESYSTEM/custom_bitstream.o
                                                  src/bootloader.o
dma_custom_fs_init_transfer                       src/DMA/dma.o
                                                  src/FILESYSTEM/custom_fs.o
dma_custom_fs_transfer_done                       src/DMA/dma.o
dma_descriptors                                   src/DMA/dma.o
dma_init                                          src/DMA/dma.o
                                                  src/bootloader.o
dma_oled_check_and_clear_dma_transfer_flag        src/DMA/dma.o
                                                  src/OLED/sh1122.o
dma_oled_init_transfer                            src/DMA/dma.o
                                                  src/OLED/sh1122.o
dma_oled_transfer_done                            src/DMA/dma.o
dma_reset                                         src/DMA/dma.o
                                                  src/FILESYSTEM/custom_fs.o
dma_set_custom_fs_flag_done                       src/DMA/dma.o
                                                  src/FILESYSTEM/custom_fs.o
dma_wait_for_aux_mcu_packet_sent                  src/DMA/dma.o
                                                  src/COMMS/comms_aux_mcu.o
dma_writeback_descriptors                         src/DMA/dma.o
driver_timer_get_time                             src/TIMER/driver_timer.o
                                                  src/LOGIC/logic_encryption.o
errno                                             c:/program files (x86)/atmel/studio/7.0/toolchain/arm/arm-gnu-toolchain/bin/../lib/gcc/arm-none-eabi/6.3.1/../../../../arm-none-eabi/lib/thumb/v6-m\libc_nano.a(lib_a-reent.o)
                                                  c:/program files (x86)/atmel/studio/7.0/toolchain/arm/arm-gnu-toolchain/bin/../lib/gcc/arm-none-eabi/6.3.1/../../../../arm-none-eabi/lib/thumb/v6-m\libc_nano.a(lib_a-sbrkr.o)
exception_table                                   src/ASF/sam0/utils/cmsis/samd21/source/gcc/startup_samd21.o
exit                                              c:/program files (x86)/atmel/studio/7.0/toolchain/arm/arm-gnu-toolchain/bin/../lib/gcc/arm-none-eabi/6.3.1/../../../../arm-none-eabi/lib/thumb/v6-m\libc_nano.a(lib_a-exit.o)
                                                  c:/program files (x86)/atmel/studio/7.0/toolchain/arm/arm-gnu-toolchain/bin/../lib/gcc/arm-none-eabi/6.3.1/../../../../arm-none-eabi/lib/thumb/v6-m/crt0.o
fuses_check_program                               src/SECURITY/fuses.o
                                                  src/bootloader.o
g_interrupt_enabled                               src/ASF/common/utils/interrupt/interrupt_sam_nvic.o
gui_carousel_inter_icon_spacing                   src/GUI/gui_carousel.o
gui_carousel_left_spacing                         src/GUI/gui_carousel.o
gui_carousel_render                               src/GUI/gui_carousel.o
                                                  src/GUI/gui_menu.o
gui_carousel_render_animation                     src/GUI/gui_carousel.o
                                                  src/GUI/gui_menu.o
gui_carousel_x_anim_steps                         src/GUI/gui_carousel.o
gui_dispatcher_battery_charging_anim_index        src/GUI/gui_dispatcher.o
gui_dispatcher_current_idle_anim_frame_id         src/GUI/gui_dispatcher.o
gui_dispatcher_current_idle_anim_loop             src/GUI/gui_dispatcher.o
gui_dispatcher_current_screen                     src/GUI/gui_dispatcher.o
gui_dispatcher_display_battery_bt_overlay         src/GUI/gui_dispatcher.o
                                                  src/GUI/gui_carousel.o
gui_dispatcher_event_dispatch                     src/GUI/gui_dispatcher.o
gui_dispatcher_get_back_to_current_screen         src/GUI/gui_dispatcher.o
                                                  src/LOGIC/logic_user.o
                                                  src/LOGIC/logic_smartcard.o
                                                  src/LOGIC/logic_power.o
                                                  src/LOGIC/logic_device.o
                                                  src/COMMS/comms_hid_msgs_debug.o
                                                  src/COMMS/comms_hid_msgs.o
gui_dispatcher_get_current_screen                 src/GUI/gui_dispatcher.o
                                                  src/LOGIC/logic_power.o
                                                  src/LOGIC/logic_device.o
                                                  src/COMMS/comms_hid_msgs.o
gui_dispatcher_idle_call                          src/GUI/gui_dispatcher.o
gui_dispatcher_main_loop                          src/GUI/gui_dispatcher.o
gui_dispatcher_set_current_screen                 src/GUI/gui_dispatcher.o
                                                  src/LOGIC/logic_user.o
                                                  src/LOGIC/logic_smartcard.o
                                                  src/LOGIC/logic_device.o
                                                  src/GUI/gui_menu.o
                                                  src/COMMS/comms_hid_msgs.o
gui_menu_event_render                             src/GUI/gui_menu.o
                                                  src/GUI/gui_dispatcher.o
gui_menu_menus_nb_items                           src/GUI/gui_menu.o
gui_menu_menus_pics_ids                           src/GUI/gui_menu.o
gui_menu_menus_text_ids                           src/GUI/gui_menu.o
gui_menu_reset_selected_items                     src/GUI/gui_menu.o
                                                  src/GUI/gui_dispatcher.o
gui_menu_selected_menu                            src/GUI/gui_menu.o
gui_menu_selected_menu_items                      src/GUI/gui_menu.o
gui_menu_set_selected_menu                        src/GUI/gui_menu.o
                                                  src/GUI/gui_dispatcher.o
gui_menu_update_menus                             src/GUI/gui_menu.o
                                                  src/GUI/gui_dispatcher.o
gui_prompts_ask_for_confirmation                  src/GUI/gui_prompts.o
                                                  src/LOGIC/logic_user.o
                                                  src/GUI/gui_menu.o
gui_prompts_ask_for_login_select                  src/GUI/gui_prompts.o
                                                  src/LOGIC/logic_user.o
gui_prompts_ask_for_one_line_confirmation         src/GUI/gui_prompts.o
                                                  src/LOGIC/logic_user.o
                                                  src/LOGIC/logic_smartcard.o
                                                  src/GUI/gui_menu.o
                                                  src/GUI/gui_dispatcher.o
                                                  src/COMMS/comms_hid_msgs.o
gui_prompts_conf_prompt_fonts                     src/GUI/gui_prompts.o
gui_prompts_conf_prompt_line_heights              src/GUI/gui_prompts.o