smartcard_highlevel.c:33:6:smartcard_highlevel_read_aes_key	8	static
smartcard_highlevel.c:42:6:smartcard_highlevel_read_second_aes_key	8	static
smartcard_highlevel.c:51:6:smartcard_highlevel_read_application_zone1	8	static
smartcard_highlevel.c:60:6:smartcard_highlevel_write_application_zone1	8	static
smartcard_highlevel.c:69:6:smartcard_highlevel_read_application_zone2	8	static
smartcard_highlevel.c:78:6:smartcard_highlevel_write_application_zone2	8	static
smartcard_highlevel.c:87:6:smartcard_highlevel_read_card_login	8	static
smartcard_highlevel.c:97:6:smartcard_highlevel_read_card_password	8	static
smartcard_highlevel.c:108:10:smartcard_highlevel_read_fab_zone	8	static
smartcard_highlevel.c:119:10:smartcard_highlevel_read_mem_test_zone	8	static
smartcard_highlevel.c:129:6:smartcard_highlevel_write_mem_test_zone	8	static
smartcard_highlevel.c:139:10:smartcard_highlevel_read_manufacturer_zone	8	static
smartcard_highlevel.c:150:10:smartcard_highlevel_read_code_attempts_counter	8	static
smartcard_highlevel.c:161:10:smartcard_highlevel_read_issuer_zone	8	static
smartcard_highlevel.c:171:6:smartcard_highlevel_write_issuer_zone	8	static
smartcard_highlevel.c:181:10:smartcard_highlevel_read_code_protected_zone	8	static
smartcard_highlevel.c:191:6:smartcard_highlevel_write_protected_zone	8	static
smartcard_highlevel.c:201:10:smartcard_highlevel_read_appzone1_erase_key	8	static
smartcard_highlevel.c:211:6:smartcard_highlevel_write_appzone1_erase_key	8	static
smartcard_highlevel.c:221:10:smartcard_highlevel_read_appzone2_erase_key	8	static
smartcard_highlevel.c:231:6:smartcard_highlevel_write_appzone2_erase_key	8	static
smartcard_highlevel.c:240:6:smartcard_highlevel_write_manufacturer_zone	8	static
smartcard_highlevel.c:248:6:smartcard_highlevel_write_manufacturer_fuse	8	static
smartcard_highlevel.c:256:6:smartcard_highlevel_write_issuer_fuse	8	static
smartcard_highlevel.c:264:6:smartcard_highlevel_write_ec2en_fuse	8	static
smartcard_highlevel.c:273:10:smartcard_highlevel_check_security_mode2	24	static
smartcard_highlevel.c:408:10:smartcard_highlevel_write_to_appzone_and_check	24	static
smartcard_highlevel.c:428:10:smartcard_highlevel_write_aes_key	40	static
smartcard_highlevel.c:439:10:smartcard_highlevel_write_second_aes_key	40	static
smartcard_highlevel.c:450:10:smartcard_highlevel_write_card_password	40	static
smartcard_highlevel.c:461:10:smartcard_highlevel_write_card_login	40	static
smartcard_highlevel.c:483:10:smartcard_highlevel_read_security_code	16	static
smartcard_highlevel.c:494:6:smartcard_highlevel_write_security_code	8	static
smartcard_highlevel.c:470:6:smartcard_highlevel_reset_blank_card	16	static
smartcard_highlevel.c:518:10:smartcard_highlevel_check_authenticated_readwrite_to_zone1	16	static
smartcard_highlevel.c:505:10:smartcard_highlevel_set_authenticated_readwrite_to_zone1	16	static
smartcard_highlevel.c:538:10:smartcard_highlevel_check_hidden_aes_key_contents	16	static
smartcard_highlevel.c:567:6:smartcard_highlevel_set_authenticated_readwrite_to_zone1and2	24	static
smartcard_highlevel.c:337:10:smartcard_high_level_transform_blank_card_into_mooltipass	24	static
smartcard_highlevel.c:380:6:smartcard_highlevel_erase_smartcard	32	static
smartcard_highlevel.c:580:10:smartcard_highlevel_check_authenticated_readwrite_to_zone2	16	static
smartcard_highlevel.c:555:10:smartcard_highlevel_set_authenticated_readwrite_to_zone2	16	static
smartcard_highlevel.c:600:10:smartcard_highlevel_check_authenticated_readwrite_to_zone12	24	static
smartcard_highlevel.c:622:9:smartcard_highlevel_get_nb_az2_writes_left	32	static
smartcard_highlevel.c:644:9:smartcard_highlevel_get_nb_sec_tries_left	16	static
smartcard_highlevel.c:300:34:smartcard_high_level_mooltipass_card_detected_routine	8	static
smartcard_highlevel.c:666:34:smartcard_highlevel_card_detected_routine	24	static
