monocypher.c:59:12:load24_le	0	static
monocypher.c:66:12:load32_le	0	static
monocypher.c:74:12:load64_le	16	static
monocypher.c:79:13:store32_le	0	static
monocypher.c:87:13:load32_le_buf	24	static
monocypher.c:101:12:x16	32	static
monocypher.c:142:13:fe_0	0	static
monocypher.c:143:13:fe_1	0	static
monocypher.c:145:13:fe_copy	0	static
monocypher.c:146:13:fe_neg	0	static
monocypher.c:147:13:fe_add	12	static
monocypher.c:148:13:fe_sub	12	static
monocypher.c:150:13:fe_cswap	12	static
monocypher.c:160:13:fe_ccopy	12	static
monocypher.c:390:13:fe_mul	368	static
monocypher.c:446:13:fe_sq	256	static
monocypher.c:641:12:scalar_bit	0	static
monocypher.c:667:12:is_above_l	40	static
monocypher.c:773:13:ge_zero	16	static
monocypher.c:843:13:ge_cache	16	static
monocypher.c:853:13:ge_add	128	static
monocypher.c:887:13:ge_madd	48	static
monocypher.c:918:13:ge_double	176	static
monocypher.c:997:13:slide_init	24	static
monocypher.c:1018:12:slide_step	56	static
monocypher.c:1208:13:lookup_add	64	static
monocypher.c:108:5:crypto_verify32	32	static
monocypher.c:110:6:crypto_wipe	0	static
monocypher.c:695:13:mod_l	208	static
monocypher.c:746:13:mul_add	192	static
monocypher.c:1230:13:ge_scalarmult_base	440	static
monocypher.c:326:13:fe_tobytes	64	static
monocypher.c:503:12:fe_isequal	80	static
monocypher.c:572:12:invsqrt	160	static
monocypher.c:781:13:ge_tobytes	184	static
monocypher.c:737:13:reduce	72	static
monocypher.c:1276:6:crypto_sign_public_key_custom_hash	240	static
monocypher.c:1290:6:crypto_sign_init_first_pass_custom_hash	24	static
monocypher.c:1316:6:crypto_sign_update	8	static
monocypher.c:1322:6:crypto_sign_init_second_pass	176	static
monocypher.c:1342:6:crypto_sign_final	88	static
monocypher.c:1356:6:crypto_check_init_custom_hash	24	static
monocypher.c:1369:6:crypto_check_update	8	static
monocypher.c:1375:5:crypto_check_final	1168	static
