monocypher-ed25519.c:154:13:sha512_set_input	16	static
monocypher-ed25519.c:119:13:sha512_compress	264	static
monocypher-ed25519.c:173:13:sha512_end_block	16	static
monocypher-ed25519.c:192:6:crypto_sha512_init	0	static
monocypher-ed25519.c:265:13:sha512_vtable_init	8	static
monocypher-ed25519.c:207:6:crypto_sha512_update	56	static
monocypher-ed25519.c:268:13:sha512_vtable_update	8	static
monocypher-ed25519.c:234:6:crypto_sha512_final	24	static
monocypher-ed25519.c:257:6:crypto_sha512	232	static
monocypher-ed25519.c:271:13:sha512_vtable_final	8	static
monocypher-ed25519.c:285:6:crypto_hmac_sha512_init	16	static
monocypher-ed25519.c:302:6:crypto_hmac_sha512_update	8	static
monocypher-ed25519.c:308:6:crypto_hmac_sha512_final	24	static
monocypher-ed25519.c:324:6:crypto_hmac_sha512	360	static
monocypher-ed25519.c:338:6:crypto_ed25519_public_key	8	static
monocypher-ed25519.c:345:6:crypto_ed25519_sign_init_first_pass	8	static
monocypher-ed25519.c:353:6:crypto_ed25519_check_init	8	static
monocypher-ed25519.c:361:6:crypto_ed25519_sign	368	static
monocypher-ed25519.c:375:5:crypto_ed25519_check	368	static
monocypher-ed25519.c:386:6:crypto_from_ed25519_private	72	static
